Development build	Set up job	´╗┐2025-12-28T23:09:40.9319462Z Current runner version: '2.330.0'
Development build	Set up job	2025-12-28T23:09:40.9344600Z ##[group]Runner Image Provisioner
Development build	Set up job	2025-12-28T23:09:40.9345778Z Hosted Compute Agent
Development build	Set up job	2025-12-28T23:09:40.9346461Z Version: 20251211.462
Development build	Set up job	2025-12-28T23:09:40.9347070Z Commit: 6cbad8c2bb55d58165063d031ccabf57e2d2db61
Development build	Set up job	2025-12-28T23:09:40.9347759Z Build Date: 2025-12-11T16:28:49Z
Development build	Set up job	2025-12-28T23:09:40.9348460Z Worker ID: {3d2e4b99-9e2c-45a6-b50a-dfb6ff513aaa}
Development build	Set up job	2025-12-28T23:09:40.9349087Z ##[endgroup]
Development build	Set up job	2025-12-28T23:09:40.9349609Z ##[group]Operating System
Development build	Set up job	2025-12-28T23:09:40.9350216Z Ubuntu
Development build	Set up job	2025-12-28T23:09:40.9350657Z 24.04.3
Development build	Set up job	2025-12-28T23:09:40.9351137Z LTS
Development build	Set up job	2025-12-28T23:09:40.9351572Z ##[endgroup]
Development build	Set up job	2025-12-28T23:09:40.9352076Z ##[group]Runner Image
Development build	Set up job	2025-12-28T23:09:40.9352566Z Image: ubuntu-24.04
Development build	Set up job	2025-12-28T23:09:40.9353096Z Version: 20251215.174.1
Development build	Set up job	2025-12-28T23:09:40.9354069Z Included Software: https://github.com/actions/runner-images/blob/ubuntu24/20251215.174/images/ubuntu/Ubuntu2404-Readme.md
Development build	Set up job	2025-12-28T23:09:40.9355571Z Image Release: https://github.com/actions/runner-images/releases/tag/ubuntu24%2F20251215.174
Development build	Set up job	2025-12-28T23:09:40.9356778Z ##[endgroup]
Development build	Set up job	2025-12-28T23:09:40.9359227Z ##[group]GITHUB_TOKEN Permissions
Development build	Set up job	2025-12-28T23:09:40.9361572Z Actions: write
Development build	Set up job	2025-12-28T23:09:40.9362153Z ArtifactMetadata: write
Development build	Set up job	2025-12-28T23:09:40.9362650Z Attestations: write
Development build	Set up job	2025-12-28T23:09:40.9363251Z Checks: write
Development build	Set up job	2025-12-28T23:09:40.9363701Z Contents: write
Development build	Set up job	2025-12-28T23:09:40.9364327Z Deployments: write
Development build	Set up job	2025-12-28T23:09:40.9364837Z Discussions: write
Development build	Set up job	2025-12-28T23:09:40.9365618Z Issues: write
Development build	Set up job	2025-12-28T23:09:40.9366179Z Metadata: read
Development build	Set up job	2025-12-28T23:09:40.9366646Z Models: read
Development build	Set up job	2025-12-28T23:09:40.9367135Z Packages: write
Development build	Set up job	2025-12-28T23:09:40.9367577Z Pages: write
Development build	Set up job	2025-12-28T23:09:40.9368165Z PullRequests: write
Development build	Set up job	2025-12-28T23:09:40.9368752Z RepositoryProjects: write
Development build	Set up job	2025-12-28T23:09:40.9369686Z SecurityEvents: write
Development build	Set up job	2025-12-28T23:09:40.9370523Z Statuses: write
Development build	Set up job	2025-12-28T23:09:40.9370991Z ##[endgroup]
Development build	Set up job	2025-12-28T23:09:40.9373033Z Secret source: Actions
Development build	Set up job	2025-12-28T23:09:40.9374258Z Prepare workflow directory
Development build	Set up job	2025-12-28T23:09:40.9706398Z Prepare all required actions
Development build	Set up job	2025-12-28T23:09:40.9747436Z Getting action download info
Development build	Set up job	2025-12-28T23:09:41.4418116Z Download action repository 'actions/checkout@v4' (SHA:34e114876b0b11c390a56381ad16ebd13914f8d5)
Development build	Set up job	2025-12-28T23:09:41.5615676Z Download action repository 'actions/setup-java@v4' (SHA:c1e323688fd81a25caa38c78aa6df2d33d3e20d9)
Development build	Set up job	2025-12-28T23:09:42.3823083Z Download action repository 'android-actions/setup-android@v3' (SHA:9fc6c4e9069bf8d3d10b2204b1fb8f6ef7065407)
Development build	Set up job	2025-12-28T23:09:42.9099060Z Download action repository 'actions/cache@v4' (SHA:0057852bfaa89a56745cba8c7296529d2fc39830)
Development build	Set up job	2025-12-28T23:09:43.5516895Z Complete job name: Development build
Development build	Run actions/checkout@v4	´╗┐2025-12-28T23:09:43.6184725Z ##[group]Run actions/checkout@v4
Development build	Run actions/checkout@v4	2025-12-28T23:09:43.6185878Z with:
Development build	Run actions/checkout@v4	2025-12-28T23:09:43.6186162Z   repository: stevesolun/AdAway
Development build	Run actions/checkout@v4	2025-12-28T23:09:43.6186646Z   token: ***
Development build	Run actions/checkout@v4	2025-12-28T23:09:43.6186878Z   ssh-strict: true
Development build	Run actions/checkout@v4	2025-12-28T23:09:43.6187116Z   ssh-user: git
Development build	Run actions/checkout@v4	2025-12-28T23:09:43.6187381Z   persist-credentials: true
Development build	Run actions/checkout@v4	2025-12-28T23:09:43.6187650Z   clean: true
Development build	Run actions/checkout@v4	2025-12-28T23:09:43.6187900Z   sparse-checkout-cone-mode: true
Development build	Run actions/checkout@v4	2025-12-28T23:09:43.6188188Z   fetch-depth: 1
Development build	Run actions/checkout@v4	2025-12-28T23:09:43.6188441Z   fetch-tags: false
Development build	Run actions/checkout@v4	2025-12-28T23:09:43.6188673Z   show-progress: true
Development build	Run actions/checkout@v4	2025-12-28T23:09:43.6188913Z   lfs: false
Development build	Run actions/checkout@v4	2025-12-28T23:09:43.6189126Z   submodules: false
Development build	Run actions/checkout@v4	2025-12-28T23:09:43.6189368Z   set-safe-directory: true
Development build	Run actions/checkout@v4	2025-12-28T23:09:43.6189863Z ##[endgroup]
Development build	Run actions/checkout@v4	2025-12-28T23:09:43.7251176Z Syncing repository: stevesolun/AdAway
Development build	Run actions/checkout@v4	2025-12-28T23:09:43.7252626Z ##[group]Getting Git version info
Development build	Run actions/checkout@v4	2025-12-28T23:09:43.7253078Z Working directory is '/home/runner/work/AdAway/AdAway'
Development build	Run actions/checkout@v4	2025-12-28T23:09:43.7253674Z [command]/usr/bin/git version
Development build	Run actions/checkout@v4	2025-12-28T23:09:43.7324873Z git version 2.52.0
Development build	Run actions/checkout@v4	2025-12-28T23:09:43.7350898Z ##[endgroup]
Development build	Run actions/checkout@v4	2025-12-28T23:09:43.7364614Z Temporarily overriding HOME='/home/runner/work/_temp/3b7f1479-293a-4b96-a9ec-8ecc5954f192' before making global git config changes
Development build	Run actions/checkout@v4	2025-12-28T23:09:43.7366045Z Adding repository directory to the temporary git global config as a safe directory
Development build	Run actions/checkout@v4	2025-12-28T23:09:43.7377108Z [command]/usr/bin/git config --global --add safe.directory /home/runner/work/AdAway/AdAway
Development build	Run actions/checkout@v4	2025-12-28T23:09:43.7413707Z Deleting the contents of '/home/runner/work/AdAway/AdAway'
Development build	Run actions/checkout@v4	2025-12-28T23:09:43.7417537Z ##[group]Initializing the repository
Development build	Run actions/checkout@v4	2025-12-28T23:09:43.7421285Z [command]/usr/bin/git init /home/runner/work/AdAway/AdAway
Development build	Run actions/checkout@v4	2025-12-28T23:09:43.7560540Z hint: Using 'master' as the name for the initial branch. This default branch name
Development build	Run actions/checkout@v4	2025-12-28T23:09:43.7561366Z hint: will change to "main" in Git 3.0. To configure the initial branch name
Development build	Run actions/checkout@v4	2025-12-28T23:09:43.7561945Z hint: to use in all of your new repositories, which will suppress this warning,
Development build	Run actions/checkout@v4	2025-12-28T23:09:43.7562380Z hint: call:
Development build	Run actions/checkout@v4	2025-12-28T23:09:43.7562595Z hint:
Development build	Run actions/checkout@v4	2025-12-28T23:09:43.7562919Z hint: 	git config --global init.defaultBranch <name>
Development build	Run actions/checkout@v4	2025-12-28T23:09:43.7563266Z hint:
Development build	Run actions/checkout@v4	2025-12-28T23:09:43.7563597Z hint: Names commonly chosen instead of 'master' are 'main', 'trunk' and
Development build	Run actions/checkout@v4	2025-12-28T23:09:43.7564331Z hint: 'development'. The just-created branch can be renamed via this command:
Development build	Run actions/checkout@v4	2025-12-28T23:09:43.7565012Z hint:
Development build	Run actions/checkout@v4	2025-12-28T23:09:43.7565543Z hint: 	git branch -m <name>
Development build	Run actions/checkout@v4	2025-12-28T23:09:43.7565859Z hint:
Development build	Run actions/checkout@v4	2025-12-28T23:09:43.7566226Z hint: Disable this message with "git config set advice.defaultBranchName false"
Development build	Run actions/checkout@v4	2025-12-28T23:09:43.7566788Z Initialized empty Git repository in /home/runner/work/AdAway/AdAway/.git/
Development build	Run actions/checkout@v4	2025-12-28T23:09:43.7575749Z [command]/usr/bin/git remote add origin https://github.com/stevesolun/AdAway
Development build	Run actions/checkout@v4	2025-12-28T23:09:43.7607438Z ##[endgroup]
Development build	Run actions/checkout@v4	2025-12-28T23:09:43.7607930Z ##[group]Disabling automatic garbage collection
Development build	Run actions/checkout@v4	2025-12-28T23:09:43.7611813Z [command]/usr/bin/git config --local gc.auto 0
Development build	Run actions/checkout@v4	2025-12-28T23:09:43.7638907Z ##[endgroup]
Development build	Run actions/checkout@v4	2025-12-28T23:09:43.7639376Z ##[group]Setting up auth
Development build	Run actions/checkout@v4	2025-12-28T23:09:43.7646026Z [command]/usr/bin/git config --local --name-only --get-regexp core\.sshCommand
Development build	Run actions/checkout@v4	2025-12-28T23:09:43.7674189Z [command]/usr/bin/git submodule foreach --recursive sh -c "git config --local --name-only --get-regexp 'core\.sshCommand' && git config --local --unset-all 'core.sshCommand' || :"
Development build	Run actions/checkout@v4	2025-12-28T23:09:43.8013368Z [command]/usr/bin/git config --local --name-only --get-regexp http\.https\:\/\/github\.com\/\.extraheader
Development build	Run actions/checkout@v4	2025-12-28T23:09:43.8041199Z [command]/usr/bin/git submodule foreach --recursive sh -c "git config --local --name-only --get-regexp 'http\.https\:\/\/github\.com\/\.extraheader' && git config --local --unset-all 'http.https://github.com/.extraheader' || :"
Development build	Run actions/checkout@v4	2025-12-28T23:09:43.8258109Z [command]/usr/bin/git config --local --name-only --get-regexp ^includeIf\.gitdir:
Development build	Run actions/checkout@v4	2025-12-28T23:09:43.8288786Z [command]/usr/bin/git submodule foreach --recursive git config --local --show-origin --name-only --get-regexp remote.origin.url
Development build	Run actions/checkout@v4	2025-12-28T23:09:43.8517833Z [command]/usr/bin/git config --local http.https://github.com/.extraheader AUTHORIZATION: basic ***
Development build	Run actions/checkout@v4	2025-12-28T23:09:43.8556605Z ##[endgroup]
Development build	Run actions/checkout@v4	2025-12-28T23:09:43.8557654Z ##[group]Fetching the repository
Development build	Run actions/checkout@v4	2025-12-28T23:09:43.8567002Z [command]/usr/bin/git -c protocol.version=2 fetch --no-tags --prune --no-recurse-submodules --depth=1 origin +b311a0899f91a33f16014f54db5fdc4b1eae7696:refs/remotes/origin/master
Development build	Run actions/checkout@v4	2025-12-28T23:09:44.8936015Z From https://github.com/stevesolun/AdAway
Development build	Run actions/checkout@v4	2025-12-28T23:09:44.8937045Z  * [new ref]         b311a0899f91a33f16014f54db5fdc4b1eae7696 -> origin/master
Development build	Run actions/checkout@v4	2025-12-28T23:09:44.8967707Z ##[endgroup]
Development build	Run actions/checkout@v4	2025-12-28T23:09:44.8968624Z ##[group]Determining the checkout info
Development build	Run actions/checkout@v4	2025-12-28T23:09:44.8971468Z ##[endgroup]
Development build	Run actions/checkout@v4	2025-12-28T23:09:44.8976580Z [command]/usr/bin/git sparse-checkout disable
Development build	Run actions/checkout@v4	2025-12-28T23:09:44.9018302Z [command]/usr/bin/git config --local --unset-all extensions.worktreeConfig
Development build	Run actions/checkout@v4	2025-12-28T23:09:44.9044536Z ##[group]Checking out the ref
Development build	Run actions/checkout@v4	2025-12-28T23:09:44.9049105Z [command]/usr/bin/git checkout --progress --force -B master refs/remotes/origin/master
Development build	Run actions/checkout@v4	2025-12-28T23:09:45.0536971Z Reset branch 'master'
Development build	Run actions/checkout@v4	2025-12-28T23:09:45.0538656Z branch 'master' set up to track 'origin/master'.
Development build	Run actions/checkout@v4	2025-12-28T23:09:45.0549770Z ##[endgroup]
Development build	Run actions/checkout@v4	2025-12-28T23:09:45.0588618Z [command]/usr/bin/git log -1 --format=%H
Development build	Run actions/checkout@v4	2025-12-28T23:09:45.0613108Z b311a0899f91a33f16014f54db5fdc4b1eae7696
Development build	set up JDK 21	´╗┐2025-12-28T23:09:45.0867843Z ##[group]Run actions/setup-java@v4
Development build	set up JDK 21	2025-12-28T23:09:45.0868296Z with:
Development build	set up JDK 21	2025-12-28T23:09:45.0868711Z   distribution: temurin
Development build	set up JDK 21	2025-12-28T23:09:45.0868974Z   java-version: 21
Development build	set up JDK 21	2025-12-28T23:09:45.0869236Z   cache: gradle
Development build	set up JDK 21	2025-12-28T23:09:45.0869585Z   java-package: jdk
Development build	set up JDK 21	2025-12-28T23:09:45.0869873Z   check-latest: false
Development build	set up JDK 21	2025-12-28T23:09:45.0870155Z   server-id: github
Development build	set up JDK 21	2025-12-28T23:09:45.0870528Z   server-username: GITHUB_ACTOR
Development build	set up JDK 21	2025-12-28T23:09:45.0870827Z   server-password: GITHUB_TOKEN
Development build	set up JDK 21	2025-12-28T23:09:45.0871155Z   overwrite-settings: true
Development build	set up JDK 21	2025-12-28T23:09:45.0871542Z   job-status: success
Development build	set up JDK 21	2025-12-28T23:09:45.0871927Z   token: ***
Development build	set up JDK 21	2025-12-28T23:09:45.0872247Z ##[endgroup]
Development build	set up JDK 21	2025-12-28T23:09:45.2842927Z ##[group]Installed distributions
Development build	set up JDK 21	2025-12-28T23:09:45.3799484Z Resolved Java 21.0.9+10 from tool-cache
Development build	set up JDK 21	2025-12-28T23:09:45.3800301Z Setting Java 21.0.9+10 as the default
Development build	set up JDK 21	2025-12-28T23:09:45.3814240Z Creating toolchains.xml for JDK version 21 from temurin
Development build	set up JDK 21	2025-12-28T23:09:45.3914403Z Writing to /home/runner/.m2/toolchains.xml
Development build	set up JDK 21	2025-12-28T23:09:45.3914926Z 
Development build	set up JDK 21	2025-12-28T23:09:45.3915080Z Java configuration:
Development build	set up JDK 21	2025-12-28T23:09:45.3917249Z   Distribution: temurin
Development build	set up JDK 21	2025-12-28T23:09:45.3917664Z   Version: 21.0.9+10
Development build	set up JDK 21	2025-12-28T23:09:45.3918660Z   Path: /opt/hostedtoolcache/Java_Temurin-Hotspot_jdk/21.0.9-10/x64
Development build	set up JDK 21	2025-12-28T23:09:45.3919178Z 
Development build	set up JDK 21	2025-12-28T23:09:45.3919746Z ##[endgroup]
Development build	set up JDK 21	2025-12-28T23:09:45.3934161Z Creating settings.xml with server-id: github
Development build	set up JDK 21	2025-12-28T23:09:45.3941274Z Writing to /home/runner/.m2/settings.xml
Development build	set up JDK 21	2025-12-28T23:09:45.9002574Z gradle cache is not found
Development build	Set up Android SDK	´╗┐2025-12-28T23:09:45.9139262Z ##[group]Run android-actions/setup-android@v3
Development build	Set up Android SDK	2025-12-28T23:09:45.9139614Z with:
Development build	Set up Android SDK	2025-12-28T23:09:45.9139805Z   cmdline-tools-version: 12266719
Development build	Set up Android SDK	2025-12-28T23:09:45.9140076Z   accept-android-sdk-licenses: true
Development build	Set up Android SDK	2025-12-28T23:09:45.9140354Z   log-accepted-android-sdk-licenses: true
Development build	Set up Android SDK	2025-12-28T23:09:45.9140626Z   packages: tools platform-tools
Development build	Set up Android SDK	2025-12-28T23:09:45.9140851Z env:
Development build	Set up Android SDK	2025-12-28T23:09:45.9141126Z   JAVA_HOME: /opt/hostedtoolcache/Java_Temurin-Hotspot_jdk/21.0.9-10/x64
Development build	Set up Android SDK	2025-12-28T23:09:45.9141608Z   JAVA_HOME_21_X64: /opt/hostedtoolcache/Java_Temurin-Hotspot_jdk/21.0.9-10/x64
Development build	Set up Android SDK	2025-12-28T23:09:45.9141972Z ##[endgroup]
Development build	Set up Android SDK	2025-12-28T23:09:46.0512528Z Found preinstalled sdkmanager in /usr/local/lib/android/sdk/cmdline-tools/latest with following source.properties:
Development build	Set up Android SDK	2025-12-28T23:09:46.0513644Z Pkg.Revision=12.0
Development build	Set up Android SDK	2025-12-28T23:09:46.0514054Z Pkg.Path=cmdline-tools;12.0
Development build	Set up Android SDK	2025-12-28T23:09:46.0514404Z Pkg.Desc=Android SDK Command-line Tools
Development build	Set up Android SDK	2025-12-28T23:09:46.0514681Z 
Development build	Set up Android SDK	2025-12-28T23:09:46.0515475Z Wrong version in preinstalled sdkmanager
Development build	Set up Android SDK	2025-12-28T23:09:46.0516471Z Downloading commandline tools from https://dl.google.com/android/repository/commandlinetools-linux-12266719_latest.zip
Development build	Set up Android SDK	2025-12-28T23:09:47.3249322Z [command]/usr/bin/unzip -o -q /home/runner/work/_temp/1a371141-9074-4105-bca8-b154493fcd0e
Development build	Set up Android SDK	2025-12-28T23:09:48.1608409Z Accepting Android SDK licenses
Development build	Set up Android SDK	2025-12-28T23:09:48.1615344Z [command]/usr/local/lib/android/sdk/cmdline-tools/16.0/bin/sdkmanager --licenses
Development build	Set up Android SDK	2025-12-28T23:09:52.9107216Z Loading local repository...                                                     
Development build	Set up Android SDK	2025-12-28T23:09:52.9108077Z [=========                              ] 25% Loading local repository...       
Development build	Set up Android SDK	2025-12-28T23:09:54.4306913Z [=========                              ] 25% Fetch remote repository...        
Development build	Set up Android SDK	2025-12-28T23:09:54.9274566Z [==========                             ] 26% Fetch remote repository...        
Development build	Set up Android SDK	2025-12-28T23:09:54.9281224Z [============                           ] 31% Fetch remote repository...        
Development build	Set up Android SDK	2025-12-28T23:09:54.9790825Z [============                           ] 32% Fetch remote repository...        
Development build	Set up Android SDK	2025-12-28T23:09:54.9799621Z [=============                          ] 33% Fetch remote repository...        
Development build	Set up Android SDK	2025-12-28T23:09:55.0013092Z [=============                          ] 35% Fetch remote repository...        
Development build	Set up Android SDK	2025-12-28T23:09:55.0018390Z [==============                         ] 36% Fetch remote repository...        
Development build	Set up Android SDK	2025-12-28T23:09:55.0473720Z [==============                         ] 37% Fetch remote repository...        
Development build	Set up Android SDK	2025-12-28T23:09:55.0476742Z [===============                        ] 38% Fetch remote repository...        
Development build	Set up Android SDK	2025-12-28T23:09:55.0570931Z [===============                        ] 39% Fetch remote repository...        
Development build	Set up Android SDK	2025-12-28T23:09:55.0573675Z [================                       ] 40% Fetch remote repository...        
Development build	Set up Android SDK	2025-12-28T23:09:55.0767358Z [================                       ] 41% Fetch remote repository...        
Development build	Set up Android SDK	2025-12-28T23:09:55.0770185Z [================                       ] 42% Fetch remote repository...        
Development build	Set up Android SDK	2025-12-28T23:09:55.0987195Z [=================                      ] 44% Fetch remote repository...        
Development build	Set up Android SDK	2025-12-28T23:09:55.0992071Z [=================                      ] 45% Fetch remote repository...        
Development build	Set up Android SDK	2025-12-28T23:09:55.1176011Z [==================                     ] 46% Fetch remote repository...        
Development build	Set up Android SDK	2025-12-28T23:09:55.1215847Z [==================                     ] 47% Fetch remote repository...        
Development build	Set up Android SDK	2025-12-28T23:09:55.1367820Z [===================                    ] 48% Fetch remote repository...        
Development build	Set up Android SDK	2025-12-28T23:09:55.1368762Z [===================                    ] 49% Fetch remote repository...        
Development build	Set up Android SDK	2025-12-28T23:09:55.1569912Z [====================                   ] 50% Fetch remote repository...        
Development build	Set up Android SDK	2025-12-28T23:09:55.1572513Z [====================                   ] 51% Fetch remote repository...        
Development build	Set up Android SDK	2025-12-28T23:09:55.1769163Z [====================                   ] 53% Fetch remote repository...        
Development build	Set up Android SDK	2025-12-28T23:09:55.1774346Z [=====================                  ] 54% Fetch remote repository...        
Development build	Set up Android SDK	2025-12-28T23:09:55.2042095Z [=====================                  ] 55% Fetch remote repository...        
Development build	Set up Android SDK	2025-12-28T23:09:55.2064855Z [======================                 ] 56% Fetch remote repository...        
Development build	Set up Android SDK	2025-12-28T23:09:55.2229419Z [======================                 ] 57% Fetch remote repository...        
Development build	Set up Android SDK	2025-12-28T23:09:55.2233680Z [=======================                ] 58% Fetch remote repository...        
Development build	Set up Android SDK	2025-12-28T23:09:55.2434976Z [=======================                ] 59% Fetch remote repository...        
Development build	Set up Android SDK	2025-12-28T23:09:55.2439296Z [========================               ] 60% Fetch remote repository...        
Development build	Set up Android SDK	2025-12-28T23:09:55.3028077Z [========================               ] 61% Fetch remote repository...        
Development build	Set up Android SDK	2025-12-28T23:09:55.3032397Z [=========================              ] 63% Fetch remote repository...        
Development build	Set up Android SDK	2025-12-28T23:09:55.3351092Z [=========================              ] 64% Fetch remote repository...        
Development build	Set up Android SDK	2025-12-28T23:09:55.3356836Z [=========================              ] 65% Fetch remote repository...        
Development build	Set up Android SDK	2025-12-28T23:09:55.3509859Z [==========================             ] 66% Fetch remote repository...        
Development build	Set up Android SDK	2025-12-28T23:09:55.3517627Z [==========================             ] 67% Fetch remote repository...        
Development build	Set up Android SDK	2025-12-28T23:09:55.3680020Z [===========================            ] 68% Fetch remote repository...        
Development build	Set up Android SDK	2025-12-28T23:09:55.3707857Z [===========================            ] 69% Fetch remote repository...        
Development build	Set up Android SDK	2025-12-28T23:09:55.3949837Z [============================           ] 70% Fetch remote repository...        
Development build	Set up Android SDK	2025-12-28T23:09:55.3964123Z [============================           ] 72% Fetch remote repository...        
Development build	Set up Android SDK	2025-12-28T23:09:55.4047993Z [=============================          ] 73% Fetch remote repository...        
Development build	Set up Android SDK	2025-12-28T23:09:55.4052399Z [=============================          ] 74% Fetch remote repository...        
Development build	Set up Android SDK	2025-12-28T23:09:55.4147797Z [=============================          ] 75% Fetch remote repository...        
Development build	Set up Android SDK	2025-12-28T23:09:55.4273499Z [=============================          ] 75% Computing updates...              
Development build	Set up Android SDK	2025-12-28T23:09:55.4276563Z [=======================================] 100% Computing updates...             
Development build	Set up Android SDK	2025-12-28T23:09:55.4656435Z 6 of 7 SDK package licenses not accepted.
Development build	Set up Android SDK	2025-12-28T23:09:55.4660241Z Review licenses that have not been accepted (y/N)? 
Development build	Set up Android SDK	2025-12-28T23:09:55.4660809Z 1/6: License android-googletv-license:
Development build	Set up Android SDK	2025-12-28T23:09:55.4661237Z ---------------------------------------
Development build	Set up Android SDK	2025-12-28T23:09:55.4666545Z Terms and Conditions
Development build	Set up Android SDK	2025-12-28T23:09:55.4667981Z 
Development build	Set up Android SDK	2025-12-28T23:09:55.4668640Z This is the Google TV Add-on for the Android Software Development Kit License Agreement.
Development build	Set up Android SDK	2025-12-28T23:09:55.4670562Z 
Development build	Set up Android SDK	2025-12-28T23:09:55.4670983Z 1. Introduction
Development build	Set up Android SDK	2025-12-28T23:09:55.4671316Z 
Development build	Set up Android SDK	2025-12-28T23:09:55.4673671Z 1.1 The Google TV Add-on for the Android Software Development Kit (referred to in this License Agreement as the "Google TV Add-on" and specifically including the Android system files, packaged APIs, and Google APIs add-ons) is licensed to you subject to the terms of this License Agreement. This License Agreement forms a legally binding contract between you and Google in relation to your use of the Google TV Add-on.
Development build	Set up Android SDK	2025-12-28T23:09:55.4676511Z 
Development build	Set up Android SDK	2025-12-28T23:09:55.4677446Z 1.2 "Google" means Google Inc., a Delaware corporation with principal place of business at 1600 Amphitheatre Parkway, Mountain View, CA 94043, United States.
Development build	Set up Android SDK	2025-12-28T23:09:55.4678949Z 
Development build	Set up Android SDK	2025-12-28T23:09:55.4679846Z 2. Accepting this License Agreement
Development build	Set up Android SDK	2025-12-28T23:09:55.4680785Z 
Development build	Set up Android SDK	2025-12-28T23:09:55.4682117Z 2.1 In order to use the Google TV Add-on, you must first agree to this License Agreement. You may not use the Google TV Add-on if you do not accept this License Agreement.
Development build	Set up Android SDK	2025-12-28T23:09:55.4683287Z 
Development build	Set up Android SDK	2025-12-28T23:09:55.4683982Z 2.2 You can accept this License Agreement by:
Development build	Set up Android SDK	2025-12-28T23:09:55.4684971Z 
Development build	Set up Android SDK	2025-12-28T23:09:55.4685811Z (A) clicking to accept or agree to this License Agreement, where this option is made available to you; or
Development build	Set up Android SDK	2025-12-28T23:09:55.4686693Z 
Development build	Set up Android SDK	2025-12-28T23:09:55.4687603Z (B) by actually using the Google TV Add-on. In this case, you agree that use of the Google TV Add-on constitutes acceptance of the License Agreement from that point onwards.
Development build	Set up Android SDK	2025-12-28T23:09:55.4689171Z 
Development build	Set up Android SDK	2025-12-28T23:09:55.4690882Z 2.3 You may not use the Google TV Add-on and may not accept the Licensing Agreement if you are a person barred from receiving the Google TV Add-on under the laws of the United States or other countries including the country in which you are resident or from which you use the Google TV Add-on.
Development build	Set up Android SDK	2025-12-28T23:09:55.4692883Z 
Development build	Set up Android SDK	2025-12-28T23:09:55.4695098Z 2.4 If you are agreeing to be bound by this License Agreement on behalf of your employer or other entity, you represent and warrant that you have full legal authority to bind your employer or such entity to this License Agreement. If you do not have the requisite authority, you may not accept the Licensing Agreement or use the Google TV Add-on on behalf of your employer or other entity.
Development build	Set up Android SDK	2025-12-28T23:09:55.4708861Z 
Development build	Set up Android SDK	2025-12-28T23:09:55.4709066Z 3. Google TV Add-on License from Google
Development build	Set up Android SDK	2025-12-28T23:09:55.4709399Z 
Development build	Set up Android SDK	2025-12-28T23:09:55.4710644Z 3.1 Subject to the terms of this License Agreement, Google grants you a limited, worldwide, royalty-free, non- assignable and non-exclusive license to use the Google TV Add-on solely to develop applications to run on the Google TV platform.
Development build	Set up Android SDK	2025-12-28T23:09:55.4712085Z 
Development build	Set up Android SDK	2025-12-28T23:09:55.4714247Z 3.2 You agree that Google or third parties own all legal right, title and interest in and to the Google TV Add-on, including any Intellectual Property Rights that subsist in the Google TV Add-on. "Intellectual Property Rights" means any and all rights under patent law, copyright law, trade secret law, trademark law, and any and all other proprietary rights. Google reserves all rights not expressly granted to you.
Development build	Set up Android SDK	2025-12-28T23:09:55.4716797Z 
Development build	Set up Android SDK	2025-12-28T23:09:55.4720155Z 3.3 Except to the extent required by applicable third party licenses, you may not copy (except for backup purposes), modify, adapt, redistribute, decompile, reverse engineer, disassemble, or create derivative works of the Google TV Add-on or any part of the Google TV Add-on. Except to the extent required by applicable third party licenses, you may not load any part of the Google TV Add-on onto a mobile handset, television, or any other hardware device except a personal computer, combine any part of the Google TV Add-on with other software, or distribute any software or device incorporating a part of the Google TV Add-on.
Development build	Set up Android SDK	2025-12-28T23:09:55.4723846Z 
Development build	Set up Android SDK	2025-12-28T23:09:55.4725002Z 3.4 Use, reproduction and distribution of components of the Google TV Add-on licensed under an open source software license are governed solely by the terms of that open source software license and not this License Agreement.
Development build	Set up Android SDK	2025-12-28T23:09:55.4726467Z 
Development build	Set up Android SDK	2025-12-28T23:09:55.4728920Z 3.5 You agree that the form and nature of the Google TV Add-on that Google provides may change without prior notice to you and that future versions of the Google TV Add-on may be incompatible with applications developed on previous versions of the Google TV Add-on. You agree that Google may stop (permanently or temporarily) providing the Google TV Add-on (or any features within the Google TV Add-on) to you or to users generally at Google's sole discretion, without prior notice to you.
Development build	Set up Android SDK	2025-12-28T23:09:55.4731677Z 
Development build	Set up Android SDK	2025-12-28T23:09:55.4733318Z 3.6 Nothing in this License Agreement gives you a right to use any of Google's or itÔÇÖs licensorsÔÇÖ trade names, trademarks, service marks, logos, domain names, or other distinctive brand features.
Development build	Set up Android SDK	2025-12-28T23:09:55.4734400Z 
Development build	Set up Android SDK	2025-12-28T23:09:55.4735542Z 3.7 You agree that you will not remove, obscure, or alter any proprietary rights notices (including copyright and trademark notices) that may be affixed to or contained within the Google TV Add-on.
Development build	Set up Android SDK	2025-12-28T23:09:55.4736941Z 
Development build	Set up Android SDK	2025-12-28T23:09:55.4737112Z 4. Use of the Google TV Add-on by You
Development build	Set up Android SDK	2025-12-28T23:09:55.4737417Z 
Development build	Set up Android SDK	2025-12-28T23:09:55.4738827Z 4.1 Google agrees that it obtains no right, title or interest from you (or your licensors) under this License Agreement in or to any software applications that you develop using the Google TV Add-on, including any intellectual property rights that subsist in those applications.
Development build	Set up Android SDK	2025-12-28T23:09:55.4740388Z 
Development build	Set up Android SDK	2025-12-28T23:09:55.4742243Z 4.2 You agree to use the Google TV Add-on and write applications only for purposes that are permitted by (a) this License Agreement and (b) any applicable law, regulation or generally accepted practices or guidelines in the relevant jurisdictions (including any laws regarding the export of data or software to and from the United States or other relevant countries).
Development build	Set up Android SDK	2025-12-28T23:09:55.4744216Z 
Development build	Set up Android SDK	2025-12-28T23:09:55.4748546Z 4.3 You agree that if you use the Google TV Add-on to develop applications for general public users, you will protect the privacy and legal rights of those users. If the users provide you with user names, passwords, or other login information or personal information, your must make the users aware that the information will be available to your application, and you must provide legally adequate privacy notice and protection for those users. If your application stores personal or sensitive information provided by users, it must do so securely. If the user provides your application with Google Account information, your application may only use that information to access the user's Google Account when, and for the limited purposes for which, the user has given you explicit permission to do so.
Development build	Set up Android SDK	2025-12-28T23:09:55.4752954Z 
Development build	Set up Android SDK	2025-12-28T23:09:55.4755367Z 4.4 You agree that you will not engage in any activity with the Google TV Add-on, including the development or distribution of an application, that interferes with, disrupts, damages, or accesses in an unauthorized manner the servers, networks, or other properties or services of any third party including, but not limited to, Google, Multichannel Video Program Distributors or any mobile communications carrier.
Development build	Set up Android SDK	2025-12-28T23:09:55.4757898Z 
Development build	Set up Android SDK	2025-12-28T23:09:55.4759808Z 4.5 You agree that you are solely responsible for (and that Google has no responsibility to you or to any third party for) any data, content, or resources that you create, transmit or display through the Google TV platform and/or applications for the Google TV platform, and for the consequences of your actions (including any loss or damage which Google may suffer) by doing so.
Development build	Set up Android SDK	2025-12-28T23:09:55.4761821Z 
Development build	Set up Android SDK	2025-12-28T23:09:55.4763913Z 4.6 You agree that you are solely responsible for (and that Google has no responsibility to you or to any third party for) any breach of your obligations under this License Agreement, any applicable third party contract or Terms of Service, or any applicable law or regulation, and for the consequences (including any loss or damage which Google or any third party may suffer) of any such breach.
Development build	Set up Android SDK	2025-12-28T23:09:55.4766291Z 
Development build	Set up Android SDK	2025-12-28T23:09:55.4766439Z 5. Your Developer Credentials
Development build	Set up Android SDK	2025-12-28T23:09:55.4766708Z 
Development build	Set up Android SDK	2025-12-28T23:09:55.4768128Z 5.1 You agree that you are responsible for maintaining the confidentiality of any developer credentials that may be issued to you by Google or which you may choose yourself and that you will be solely responsible for all applications that are developed under your developer credentials.
Development build	Set up Android SDK	2025-12-28T23:09:55.4769762Z 
Development build	Set up Android SDK	2025-12-28T23:09:55.4769946Z 6. Privacy and Information
Development build	Set up Android SDK	2025-12-28T23:09:55.4770202Z 
Development build	Set up Android SDK	2025-12-28T23:09:55.4772878Z 6.1 In order to continually innovate and improve the Google TV Add-on, Google may collect certain usage statistics from the software including but not limited to a unique identifier, associated IP address, version number of the software, and information on which tools and/or services in the Google TV Add-on are being used and how they are being used. Before any of this information is collected, the Google TV Add-on will notify you and seek your consent. If you withhold consent, the information will not be collected.
Development build	Set up Android SDK	2025-12-28T23:09:55.4776136Z 
Development build	Set up Android SDK	2025-12-28T23:09:55.4776814Z 6.2 The data collected is examined in the aggregate to improve the Google TV Add-on and is maintained in accordance with Google's Privacy Policy.
Development build	Set up Android SDK	2025-12-28T23:09:55.4777634Z 
Development build	Set up Android SDK	2025-12-28T23:09:55.4777845Z 7. Third Party Applications for the Google TV Platform
Development build	Set up Android SDK	2025-12-28T23:09:55.4778200Z 
Development build	Set up Android SDK	2025-12-28T23:09:55.4781299Z 7.1 If you use the Google TV Add-on to run applications developed by a third party or that access data, content or resources provided by a third party, you agree that Google is not responsible for those applications, data, content, or resources. You understand that all data, content or resources which you may access through such third party applications are the sole responsibility of the person from which they originated and that Google is not liable for any loss or damage that you may experience as a result of the use or access of any of those third party applications, data, content, or resources.
Development build	Set up Android SDK	2025-12-28T23:09:55.4784480Z 
Development build	Set up Android SDK	2025-12-28T23:09:55.4787030Z 7.2 You should be aware the data, content, and resources presented to you through such a third party application may be protected by intellectual property rights which are owned by the providers (or by other persons or companies on their behalf). You may not modify, rent, lease, loan, sell, distribute or create derivative works based on these data, content, or resources (either in whole or in part) unless you have been specifically given permission to do so by the relevant owners.
Development build	Set up Android SDK	2025-12-28T23:09:55.4789597Z 
Development build	Set up Android SDK	2025-12-28T23:09:55.4790983Z 7.3 You acknowledge that your use of such third party applications, data, content, or resources may be subject to separate terms between you and the relevant third party. In that case, this License Agreement does not affect your legal relationship with these third parties.
Development build	Set up Android SDK	2025-12-28T23:09:55.4792480Z 
Development build	Set up Android SDK	2025-12-28T23:09:55.4792630Z 8. Using Google TV APIs
Development build	Set up Android SDK	2025-12-28T23:09:55.4792857Z 
Development build	Set up Android SDK	2025-12-28T23:09:55.4797282Z 8.1 If you use any Google TV API to retrieve data from Google, you acknowledge that the data (ÔÇ£Google TV API ContentÔÇØ) may be protected by intellectual property rights which are owned by Google or those parties that provide the data (or by other persons or companies on their behalf). Your use of any such API may be subject to additional Terms of Service. You may not modify, rent, lease, loan, sell, distribute or create derivative works based on this data (either in whole or in part) unless allowed by the relevant Terms of Service. Some portions of the Google TV API Content are licensed to Google by third parties, including but not limited to Tribune Media Services
Development build	Set up Android SDK	2025-12-28T23:09:55.4800980Z 
Development build	Set up Android SDK	2025-12-28T23:09:55.4802178Z 8.2 If you use any API to retrieve a user's data from Google, you acknowledge and agree that you shall retrieve data only with the user's explicit consent and only when, and for the limited purposes for which, the user has given you permission to do so.
Development build	Set up Android SDK	2025-12-28T23:09:55.4803659Z 
Development build	Set up Android SDK	2025-12-28T23:09:55.4804147Z 8.3 Except as explicitly permitted in Section 3 (Google TV Add-on License from Google), you must:
Development build	Set up Android SDK	2025-12-28T23:09:55.4804883Z 
Development build	Set up Android SDK	2025-12-28T23:09:55.4805985Z (a) not modify nor format the Google TV API Content except to the extent reasonably and technically necessary to optimize the display such Google TV API Content in your application;
Development build	Set up Android SDK	2025-12-28T23:09:55.4807091Z 
Development build	Set up Android SDK	2025-12-28T23:09:55.4808097Z (b) not edit the Google TV API Content in a manner that renders the Google TV API Content inaccurate of alters its inherent meaning (provided that displaying excerpts will not violate the foregoing); or
Development build	Set up Android SDK	2025-12-28T23:09:55.4809284Z 
Development build	Set up Android SDK	2025-12-28T23:09:55.4809772Z (c) not create any commercial audience measurement tool or service using the Google TV API Content
Development build	Set up Android SDK	2025-12-28T23:09:55.4810392Z 
Development build	Set up Android SDK	2025-12-28T23:09:55.4810545Z 9. Terminating this License Agreement
Development build	Set up Android SDK	2025-12-28T23:09:55.4810845Z 
Development build	Set up Android SDK	2025-12-28T23:09:55.4811557Z 9.1 This License Agreement will continue to apply until terminated by either you or Google as set out below.
Development build	Set up Android SDK	2025-12-28T23:09:55.4812246Z 
Development build	Set up Android SDK	2025-12-28T23:09:55.4812944Z 9.2 If you want to terminate this License Agreement, you may do so by ceasing your use of the Google TV Add-on and any relevant developer credentials.
Development build	Set up Android SDK	2025-12-28T23:09:55.4813754Z 
Development build	Set up Android SDK	2025-12-28T23:09:55.4814031Z 9.3 Google may at any time, terminate this License Agreement with you if:
Development build	Set up Android SDK	2025-12-28T23:09:55.4814477Z 
Development build	Set up Android SDK	2025-12-28T23:09:55.4814727Z (A) you have breached any provision of this License Agreement; or
Development build	Set up Android SDK	2025-12-28T23:09:55.4815128Z 
Development build	Set up Android SDK	2025-12-28T23:09:55.4828614Z (B) Google is required to do so by law; or
Development build	Set up Android SDK	2025-12-28T23:09:55.4828975Z 
Development build	Set up Android SDK	2025-12-28T23:09:55.4836870Z (C) the partner with whom Google offered certain parts of Google TV Add-on (such as APIs) to you has terminated its relationship with Google or ceased to offer certain parts of the Google TV Add-on to you; or
Development build	Set up Android SDK	2025-12-28T23:09:55.4851363Z 
Development build	Set up Android SDK	2025-12-28T23:09:55.4852998Z (D) Google decides to no longer providing the Google TV Add-on or certain parts of the Google TV Add-on to users in the country in which you are resident or from which you use the service, or the provision of the Google TV Add-on or certain Google TV Add-on services to you by Google is, in Google's sole discretion, no longer commercially viable.
Development build	Set up Android SDK	2025-12-28T23:09:55.4854887Z 
Development build	Set up Android SDK	2025-12-28T23:09:55.4857671Z 9.4 When this License Agreement comes to an end, all of the legal rights, obligations and liabilities that you and Google have benefited from, been subject to (or which have accrued over time whilst this License Agreement has been in force) or which are expressed to continue indefinitely, shall be unaffected by this cessation, and the provisions of paragraph 14.7 shall continue to apply to such rights, obligations and liabilities indefinitely.
Development build	Set up Android SDK	2025-12-28T23:09:55.4859444Z 
Development build	Set up Android SDK	2025-12-28T23:09:55.4859553Z 10. DISCLAIMER OF WARRANTIES
Development build	Set up Android SDK	2025-12-28T23:09:55.4859711Z 
Development build	Set up Android SDK	2025-12-28T23:09:55.4860230Z 10.1 YOU EXPRESSLY UNDERSTAND AND AGREE THAT YOUR USE OF THE GOOGLE TV ADD-ON IS AT YOUR SOLE RISK AND THAT THE GOOGLE TV ADD-ON IS PROVIDED "AS IS" AND "AS AVAILABLE" WITHOUT WARRANTY OF ANY KIND FROM GOOGLE.
Development build	Set up Android SDK	2025-12-28T23:09:55.4861073Z 
Development build	Set up Android SDK	2025-12-28T23:09:55.4861835Z 10.2 YOUR USE OF THE GOOGLE TV ADD-ON AND ANY MATERIAL DOWNLOADED OR OTHERWISE OBTAINED THROUGH THE USE OF THE GOOGLE TV ADD-ON IS AT YOUR OWN DISCRETION AND RISK AND YOU ARE SOLELY RESPONSIBLE FOR ANY DAMAGE TO YOUR COMPUTER SYSTEM OR OTHER DEVICE OR LOSS OF DATA THAT RESULTS FROM SUCH USE.
Development build	Set up Android SDK	2025-12-28T23:09:55.4862680Z 
Development build	Set up Android SDK	2025-12-28T23:09:55.4863416Z 10.3 GOOGLE FURTHER EXPRESSLY DISCLAIMS ALL WARRANTIES AND CONDITIONS OF ANY KIND, WHETHER EXPRESS OR IMPLIED, INCLUDING, BUT NOT LIMITED TO THE IMPLIED WARRANTIES AND CONDITIONS OF MERCHANTABILITY, FITNESS FOR A PARTICULAR PURPOSE AND NON-INFRINGEMENT.
Development build	Set up Android SDK	2025-12-28T23:09:55.4864216Z 
Development build	Set up Android SDK	2025-12-28T23:09:55.4864298Z 11. LIMITATION OF LIABILITY
Development build	Set up Android SDK	2025-12-28T23:09:55.4864439Z 
Development build	Set up Android SDK	2025-12-28T23:09:55.4865873Z 11.1 YOU EXPRESSLY UNDERSTAND AND AGREE THAT GOOGLE, ITS SUBSIDIARIES AND AFFILIATES, AND ITS LICENSORS SHALL NOT BE LIABLE TO YOU UNDER ANY THEORY OF LIABILITY FOR ANY DIRECT, INDIRECT, INCIDENTAL, SPECIAL CONSEQUENTIAL OR EXEMPLARY DAMAGES THAT MAY BE INCURRED BY YOU, INCLUDING ANY LOSS OF DATA, WHETHER OR NOT GOOGLE OR ITS REPRESENTATIVES HAVE BEEN ADVISED OF OR SHOULD HAVE BEEN AWARE OF THE POSSIBILITY OF ANY SUCH LOSSES ARISING.
Development build	Set up Android SDK	2025-12-28T23:09:55.4867183Z 
Development build	Set up Android SDK	2025-12-28T23:09:55.4867255Z 12. Indemnification
Development build	Set up Android SDK	2025-12-28T23:09:55.4867365Z 
Development build	Set up Android SDK	2025-12-28T23:09:55.4869435Z 12.1 To the maximum extent permitted by law, you agree to defend, indemnify and hold harmless Google, its affiliates and their respective directors, officers, employees and agents from and against any and all claims, actions, suits or proceedings, as well as any and all losses, liabilities, damages, costs and expenses (including reasonable attorneys fees) arising out of or accruing from (a) your use of the Google TV Add-on, (b) any application you develop on the Google TV Add-on that infringes any copyright, trademark, trade secret, trade dress, patent or other intellectual property right of any person or defames any person or violates their rights of publicity or privacy, and (c) any non-compliance by you with this License Agreement.
Development build	Set up Android SDK	2025-12-28T23:09:55.4871730Z 
Development build	Set up Android SDK	2025-12-28T23:09:55.4871822Z 13. Changes to the License Agreement
Development build	Set up Android SDK	2025-12-28T23:09:55.4872085Z 
Development build	Set up Android SDK	2025-12-28T23:09:55.4872353Z 13.1 Google may make changes to the License Agreement as it distributes new versions of the Google TV Add-on.
Development build	Set up Android SDK	2025-12-28T23:09:55.4872739Z 
Development build	Set up Android SDK	2025-12-28T23:09:55.4872809Z 14. General Legal Terms
Development build	Set up Android SDK	2025-12-28T23:09:55.4872927Z 
Development build	Set up Android SDK	2025-12-28T23:09:55.4873837Z 14.1 This License Agreement constitute the whole legal agreement between you and Google and govern your use of the Google TV Add-on (excluding any services which Google may provide to you under a separate written agreement), and completely replace any prior agreements between you and Google in relation to the Google TV Add-on.
Development build	Set up Android SDK	2025-12-28T23:09:55.4874832Z 
Development build	Set up Android SDK	2025-12-28T23:09:55.4875880Z 14.2 You agree that if Google does not exercise or enforce any legal right or remedy which is contained in this License Agreement (or which Google has the benefit of under any applicable law), this will not be taken to be a formal waiver of Google's rights and that those rights or remedies will still be available to Google.
Development build	Set up Android SDK	2025-12-28T23:09:55.4876824Z 
Development build	Set up Android SDK	2025-12-28T23:09:55.4877784Z 14.3 If any court of law, having the jurisdiction to decide on this matter, rules that any provision of this License Agreement is invalid, then that provision will be removed from this License Agreement without affecting the rest of this License Agreement. The remaining provisions of this License Agreement will continue to be valid and enforceable.
Development build	Set up Android SDK	2025-12-28T23:09:55.4878834Z 
Development build	Set up Android SDK	2025-12-28T23:09:55.4880567Z 14.4 You acknowledge and agree that GoogleÔÇÖs API data licensors and each member of the group of companies of which Google is the parent shall be third party beneficiaries to this License Agreement and that such other companies shall be entitled to directly enforce, and rely upon, any provision of this License Agreement that confers a benefit on (or rights in favor of) them. Other than this, no other person or company shall be third party beneficiaries to this License Agreement.
Development build	Set up Android SDK	2025-12-28T23:09:55.4882143Z 
Development build	Set up Android SDK	2025-12-28T23:09:55.4882949Z 14.5 EXPORT RESTRICTIONS. THE GOOGLE TV ADD-ON IS SUBJECT TO UNITED STATES EXPORT LAWS AND REGULATIONS. YOU MUST COMPLY WITH ALL DOMESTIC AND INTERNATIONAL EXPORT LAWS AND REGULATIONS THAT APPLY TO THE GOOGLE TV ADD-ON. THESE LAWS INCLUDE RESTRICTIONS ON DESTINATIONS, END USERS AND END USE.
Development build	Set up Android SDK	2025-12-28T23:09:55.4883834Z 
Development build	Set up Android SDK	2025-12-28T23:09:55.4884797Z 14.6 The rights granted in this License Agreement may not be assigned or transferred by either you or Google without the prior written approval of the other party. Neither you nor Google shall be permitted to delegate their responsibilities or obligations under this License Agreement without the prior written approval of the other party.
Development build	Set up Android SDK	2025-12-28T23:09:55.4886010Z 
Development build	Set up Android SDK	2025-12-28T23:09:55.4887609Z 14.7 This License Agreement, and your relationship with Google under this License Agreement, shall be governed by the laws of the State of California without regard to its conflict of laws provisions. You and Google agree to submit to the exclusive jurisdiction of the courts located within the county of Santa Clara, California to resolve any legal matter arising from this License Agreement. Notwithstanding this, you agree that Google shall still be allowed to apply for injunctive remedies (or an equivalent type of urgent legal relief) in any jurisdiction.
Development build	Set up Android SDK	2025-12-28T23:09:55.4889298Z 
Development build	Set up Android SDK	2025-12-28T23:09:55.4889302Z 
Development build	Set up Android SDK	2025-12-28T23:09:55.4889381Z August 15, 2011
Development build	Set up Android SDK	2025-12-28T23:09:55.4889558Z ---------------------------------------
Development build	Set up Android SDK	2025-12-28T23:09:55.4889792Z Accept? (y/N): 
Development build	Set up Android SDK	2025-12-28T23:09:55.4889983Z 2/6: License android-googlexr-license:
Development build	Set up Android SDK	2025-12-28T23:09:55.4890223Z ---------------------------------------
Development build	Set up Android SDK	2025-12-28T23:09:55.4891205Z To get started with the Android XR Emulator System Image SDK, you must agree to the following terms and conditions. As described below, please note that this is a preview, emulated version of the Android XR OS, subject to change, that you use at your own risk.
Development build	Set up Android SDK	2025-12-28T23:09:55.4891991Z 
Development build	Set up Android SDK	2025-12-28T23:09:55.4892140Z This is the Android XR Emulator System Image SDK License Agreement
Development build	Set up Android SDK	2025-12-28T23:09:55.4892403Z 
Development build	Set up Android SDK	2025-12-28T23:09:55.4892476Z 1. Introduction
Development build	Set up Android SDK	2025-12-28T23:09:55.4892577Z 
Development build	Set up Android SDK	2025-12-28T23:09:55.4893810Z 1.1 The Android Android XR Emulator System Image SDK (referred to in the License Agreement as the "SDK" and specifically including the Android system files,, packaged APIs, library files (if and when they are made available), and Google applications and APIs add-ons) is licensed to you subject to the terms of the License Agreement. The License Agreement forms a legally binding contract between you and Google in relation to your use of the SDK.
Development build	Set up Android SDK	2025-12-28T23:09:55.4895119Z 
Development build	Set up Android SDK	2025-12-28T23:09:55.4895924Z 1.2 "Android" means the Android software stack for devices, as made available under the Android Open Source Project, which is located at the following URL: https://source.android.com/, as updated from time to time.
Development build	Set up Android SDK	2025-12-28T23:09:55.4896687Z 
Development build	Set up Android SDK	2025-12-28T23:09:55.4897254Z 1.3 "Google" means Google LLC, organized under the laws of the State of Delaware, USA, and operating under the laws of the USA with principal place of business at 1600 Amphitheatre Parkway, Mountain View, CA 94043, USA.
Development build	Set up Android SDK	2025-12-28T23:09:55.4897904Z 
Development build	Set up Android SDK	2025-12-28T23:09:55.4897987Z 2. Accepting this License Agreement
Development build	Set up Android SDK	2025-12-28T23:09:55.4898144Z 
Development build	Set up Android SDK	2025-12-28T23:09:55.4898475Z 2.1 In order to use the SDK, you must first agree to the License Agreement. You may not use the SDK if you do not accept the License Agreement.
Development build	Set up Android SDK	2025-12-28T23:09:55.4898897Z 
Development build	Set up Android SDK	2025-12-28T23:09:55.4899144Z 2.2 By clicking to accept and/or using this SDK, you hereby agree to the terms of the License Agreement.
Development build	Set up Android SDK	2025-12-28T23:09:55.4899465Z 
Development build	Set up Android SDK	2025-12-28T23:09:55.4900114Z 2.3 You may not use the SDK and may not accept the License Agreement if you are a person barred from receiving the SDK under the laws of the United States or other countries, including the country in which you are resident or from which you use the SDK.
Development build	Set up Android SDK	2025-12-28T23:09:55.4900992Z 
Development build	Set up Android SDK	2025-12-28T23:09:55.4901968Z 2.4 If you are agreeing to be bound by the License Agreement on behalf of your employer or other entity, you represent and warrant that you have full legal authority to bind your employer or such entity to the License Agreement. If you do not have the requisite authority, you may not accept the License Agreement or use the SDK on behalf of your employer or other entity.
Development build	Set up Android SDK	2025-12-28T23:09:55.4903036Z 
Development build	Set up Android SDK	2025-12-28T23:09:55.4903112Z 3. SDK License from Google
Development build	Set up Android SDK	2025-12-28T23:09:55.4903250Z 
Development build	Set up Android SDK	2025-12-28T23:09:55.4903881Z 3.1 Subject to the terms of the License Agreement, Google grants you a limited, worldwide, royalty-free, non-assignable, non-exclusive, and non-sublicensable license to use the SDK solely to develop applications for Android XR.
Development build	Set up Android SDK	2025-12-28T23:09:55.4904593Z 
Development build	Set up Android SDK	2025-12-28T23:09:55.4905463Z 3.2 You may not use this SDK to develop applications for other platforms or to develop another SDK. You are of course free to develop applications for other platforms provided that this SDK is not used for that purpose.
Development build	Set up Android SDK	2025-12-28T23:09:55.4906171Z 
Development build	Set up Android SDK	2025-12-28T23:09:55.4907252Z 3.3 You agree that Google or third parties own all legal right, title and interest in and to the SDK, including any Intellectual Property Rights that subsist in the SDK. "Intellectual Property Rights" means any and all rights under patent law, copyright law, trade secret law, trademark law, and any and all other proprietary rights. Google reserves all rights not expressly granted to you.
Development build	Set up Android SDK	2025-12-28T23:09:55.4908413Z 
Development build	Set up Android SDK	2025-12-28T23:09:55.4909973Z 3.4 You may not use the SDK for any purpose not expressly permitted by the License Agreement. Except to the extent required by applicable third party licenses, you may not (a) copy (except for backup purposes), modify, adapt, redistribute, decompile, reverse engineer, disassemble, or create derivative works of the SDK or any part of the SDK; or (b) load any part of the SDK onto a mobile handset or any other hardware device except a personal computer, combine any part of the SDK with other software, or distribute any software or device incorporating a part of the SDK.
Development build	Set up Android SDK	2025-12-28T23:09:55.4911735Z 
Development build	Set up Android SDK	2025-12-28T23:09:55.4912885Z 3.5 Use, reproduction and distribution of components of the SDK licensed under an open source software license are governed solely by the terms of that open source software license and not the License Agreement. You agree to remain a licensee in good standing in regard to such open source software licenses under all the rights granted and to refrain from any actions that may terminate, suspend, or breach such rights.
Development build	Set up Android SDK	2025-12-28T23:09:55.4914121Z 
Development build	Set up Android SDK	2025-12-28T23:09:55.4915861Z 3.6 You agree that the form and nature of the SDK that Google provides may change without prior notice to you and that future versions of the SDK may be incompatible with applications developed on previous versions of the SDK. You agree that Google may stop (permanently or temporarily) providing the SDK (or any features within the SDK) to you or to users generally at Google's sole discretion, without prior notice to you.
Development build	Set up Android SDK	2025-12-28T23:09:55.4917147Z 
Development build	Set up Android SDK	2025-12-28T23:09:55.4917595Z 3.7 Nothing in the License Agreement gives you a right to use any of Google's trade names, trademarks, service marks, logos, domain names, or other distinctive brand features.
Development build	Set up Android SDK	2025-12-28T23:09:55.4918125Z 
Development build	Set up Android SDK	2025-12-28T23:09:55.4918622Z 3.8 You agree that you will not remove, obscure, or alter any proprietary rights notices (including copyright and trademark notices) that may be affixed to or contained within the SDK.
Development build	Set up Android SDK	2025-12-28T23:09:55.4919192Z 
Development build	Set up Android SDK	2025-12-28T23:09:55.4919267Z 4. Use of the SDK by You
Development build	Set up Android SDK	2025-12-28T23:09:55.4919399Z 
Development build	Set up Android SDK	2025-12-28T23:09:55.4920110Z 4.1 Google agrees that it obtains no right, title or interest from you (or your licensors) under the License Agreement in or to any software applications that you develop using the SDK, including any intellectual property rights that subsist in those applications.
Development build	Set up Android SDK	2025-12-28T23:09:55.4921041Z 
Development build	Set up Android SDK	2025-12-28T23:09:55.4922019Z 4.2 You agree to use the SDK and write applications only for purposes that are permitted by (a) the License Agreement and (b) any applicable law, regulation or generally accepted practices or guidelines in the relevant jurisdictions (including any laws regarding the export of data or software to and from the United States or other relevant countries).
Development build	Set up Android SDK	2025-12-28T23:09:55.4923072Z 
Development build	Set up Android SDK	2025-12-28T23:09:55.4925471Z 4.3 You agree that if you use the SDK to develop applications for general public users, you will protect the privacy and legal rights of those users. If the users provide you with user names, passwords, or other login information or personal information, you must make the users aware that the information will be available to your application, and you must provide legally adequate privacy notice and protection for those users. If your application stores personal or sensitive information provided by users, it must do so securely. If the user provides your application with Google Account information, your application may only use that information to access the user's Google Account when, and for the limited purposes for which, the user has given you permission to do so.
Development build	Set up Android SDK	2025-12-28T23:09:55.4927760Z 
Development build	Set up Android SDK	2025-12-28T23:09:55.4928749Z 4.4 You agree that you will not engage in any activity with the SDK, including the development or distribution of an application, that interferes with, disrupts, damages, or accesses in an unauthorized manner the servers, networks, or other properties or services of any third party including, but not limited to, Google or any mobile communications carrier.
Development build	Set up Android SDK	2025-12-28T23:09:55.4929814Z 
Development build	Set up Android SDK	2025-12-28T23:09:55.4930764Z 4.5 You agree that you are solely responsible for (and that Google has no responsibility to you or to any third party for) any data, content, or resources that you create, transmit or display through Android and/or applications for Android, and for the consequences of your actions (including any loss or damage which Google may suffer) by doing so.
Development build	Set up Android SDK	2025-12-28T23:09:55.4931917Z 
Development build	Set up Android SDK	2025-12-28T23:09:55.4932991Z 4.6 You agree that you are solely responsible for (and that Google has no responsibility to you or to any third party for) any breach of your obligations under the License Agreement, any applicable third party contract or Terms of Service, or any applicable law or regulation, and for the consequences (including any loss or damage which Google or any third party may suffer) of any such breach.
Development build	Set up Android SDK	2025-12-28T23:09:55.4934164Z 
Development build	Set up Android SDK	2025-12-28T23:09:55.4934972Z 4.7 The SDK is in development, and your testing and feedback are an important part of the development process. By using the SDK, you acknowledge that implementation of some features are still under development and that you should not rely on the SDK having the full functionality of a stable release.
Development build	Set up Android SDK	2025-12-28T23:09:55.4936076Z 
Development build	Set up Android SDK	2025-12-28T23:09:55.4936165Z 5. Your Developer Credentials
Development build	Set up Android SDK	2025-12-28T23:09:55.4936310Z 
Development build	Set up Android SDK	2025-12-28T23:09:55.4937091Z 5.1 You agree that you are responsible for maintaining the confidentiality of any developer credentials that may be issued to you by Google or which you may choose yourself and that you will be solely responsible for all applications that are developed under your developer credentials.
Development build	Set up Android SDK	2025-12-28T23:09:55.4937956Z 
Development build	Set up Android SDK	2025-12-28T23:09:55.4938035Z 6. Privacy and Information
Development build	Set up Android SDK	2025-12-28T23:09:55.4938174Z 
Development build	Set up Android SDK	2025-12-28T23:09:55.4939503Z 6.1 In order to continually innovate and improve the SDK, Google may collect certain usage statistics from the software including but not limited to a unique identifier, associated IP address, version number of the software, and information on which tools and/or services in the SDK are being used and how they are being used. Before any of this information is collected, the SDK will notify you and seek your consent. If you withhold consent, the information will not be collected.
Development build	Set up Android SDK	2025-12-28T23:09:55.4940914Z 
Development build	Set up Android SDK	2025-12-28T23:09:55.4941471Z 6.2 The data collected is examined in the aggregate to improve the SDK and is maintained in accordance with Google's Privacy Policy, which is located at the following URL: https://policies.google.com/privacy
Development build	Set up Android SDK	2025-12-28T23:09:55.4942244Z 
Development build	Set up Android SDK	2025-12-28T23:09:55.4942514Z 6.3 Anonymized and aggregated sets of the data may be shared with Google partners to improve the SDK.
Development build	Set up Android SDK	2025-12-28T23:09:55.4942855Z 
Development build	Set up Android SDK	2025-12-28T23:09:55.4942935Z 7. Third Party Applications
Development build	Set up Android SDK	2025-12-28T23:09:55.4943078Z 
Development build	Set up Android SDK	2025-12-28T23:09:55.4944706Z 7.1 If you use the SDK to run applications developed by a third party or that access data, content or resources provided by a third party, you agree that Google is not responsible for those applications, data, content, or resources. You understand that all data, content or resources which you may access through such third party applications are the sole responsibility of the person from which they originated and that Google is not liable for any loss or damage that you may experience as a result of the use or access of any of those third party applications, data, content, or resources.
Development build	Set up Android SDK	2025-12-28T23:09:55.4946797Z 
Development build	Set up Android SDK	2025-12-28T23:09:55.4948159Z 7.2 You should be aware that the data, content, and resources presented to you through such a third party application may be protected by intellectual property rights which are owned by the providers (or by other persons or companies on their behalf). You may not modify, rent, lease, loan, sell, distribute or create derivative works based on these data, content, or resources (either in whole or in part) unless you have been specifically given permission to do so by the relevant owners.
Development build	Set up Android SDK	2025-12-28T23:09:55.4949599Z 
Development build	Set up Android SDK	2025-12-28T23:09:55.4950331Z 7.3 You acknowledge that your use of such third party applications, data, content, or resources may be subject to separate terms between you and the relevant third party. In that case, the License Agreement does not affect your legal relationship with these third parties.
Development build	Set up Android SDK	2025-12-28T23:09:55.4951287Z 
Development build	Set up Android SDK	2025-12-28T23:09:55.4951369Z 8. Using Android APIs
Development build	Set up Android SDK	2025-12-28T23:09:55.4951491Z 
Development build	Set up Android SDK	2025-12-28T23:09:55.4951565Z 8.1 Google Data APIs
Development build	Set up Android SDK	2025-12-28T23:09:55.4951686Z 
Development build	Set up Android SDK	2025-12-28T23:09:55.4953028Z 8.1.1 If you use any API to retrieve data from Google, you acknowledge that the data may be protected by intellectual property rights which are owned by Google or those parties that provide the data (or by other persons or companies on their behalf). Your use of any such API may be subject to additional Terms of Service. You may not modify, rent, lease, loan, sell, distribute or create derivative works based on this data (either in whole or in part) unless allowed by the relevant Terms of Service.
Development build	Set up Android SDK	2025-12-28T23:09:55.4954441Z 
Development build	Set up Android SDK	2025-12-28T23:09:55.4956989Z 8.1.2 If you use any API to retrieve a user's data from Google, you acknowledge and agree that you shall retrieve data only with the user's explicit consent and only when, and for the limited purposes for which, the user has given you permission to do so. If you use the Android Recognition Service API, documented at the following URL: https://developer.android.com/reference/android/speech/RecognitionService, as updated from time to time, you acknowledge that the use of the API is subject to the Data Processing Addendum for Products where Google is a Data Processor, which is located at the following URL: https://privacy.google.com/businesses/gdprprocessorterms/, as updated from time to time. By clicking to accept, you hereby agree to the terms of the Data Processing Addendum for Products where Google is a Data Processor.
Development build	Set up Android SDK	2025-12-28T23:09:55.4959771Z 
Development build	Set up Android SDK	2025-12-28T23:09:55.4959880Z 9. Terminating this License Agreement
Development build	Set up Android SDK	2025-12-28T23:09:55.4960054Z 
Development build	Set up Android SDK	2025-12-28T23:09:55.4960333Z 9.1 The License Agreement will continue to apply until terminated by either you or Google as set out below.
Development build	Set up Android SDK	2025-12-28T23:09:55.4960691Z 
Development build	Set up Android SDK	2025-12-28T23:09:55.4961014Z 9.2 If you want to terminate the License Agreement, you may do so by ceasing your use of the SDK and any relevant developer credentials.
Development build	Set up Android SDK	2025-12-28T23:09:55.4961434Z 
Development build	Set up Android SDK	2025-12-28T23:09:55.4963131Z 9.3 Google may at any time, terminate the License Agreement with you if: (A) you have breached any provision of the License Agreement; or (B) Google is required to do so by law; or (C) the partner with whom Google offered certain parts of SDK (such as APIs) to you has terminated its relationship with Google or ceased to offer certain parts of the SDK to you; or (D) Google decides to no longer provide the SDK or certain parts of the SDK to users in the country in which you are resident or from which you use the service, or the provision of the SDK or certain SDK services to you by Google is, in Google's sole discretion, no longer commercially viable.
Development build	Set up Android SDK	2025-12-28T23:09:55.4965044Z 
Development build	Set up Android SDK	2025-12-28T23:09:55.4966501Z 9.4 When the License Agreement comes to an end, all of the legal rights, obligations and liabilities that you and Google have benefited from, been subject to (or which have accrued over time whilst the License Agreement has been in force) or which are expressed to continue indefinitely, shall be unaffected by this cessation, and the provisions of paragraph 14.7 shall continue to apply to such rights, obligations and liabilities indefinitely.
Development build	Set up Android SDK	2025-12-28T23:09:55.4967819Z 
Development build	Set up Android SDK	2025-12-28T23:09:55.4967902Z 10. DISCLAIMER OF WARRANTIES
Development build	Set up Android SDK	2025-12-28T23:09:55.4968042Z 
Development build	Set up Android SDK	2025-12-28T23:09:55.4968473Z 10.1 YOU EXPRESSLY UNDERSTAND AND AGREE THAT YOUR USE OF THE SDK IS AT YOUR SOLE RISK AND THAT THE SDK IS PROVIDED "AS IS" AND "AS AVAILABLE" WITHOUT WARRANTY OF ANY KIND FROM GOOGLE.
Development build	Set up Android SDK	2025-12-28T23:09:55.4968996Z 
Development build	Set up Android SDK	2025-12-28T23:09:55.4969680Z 10.2 YOUR USE OF THE SDK AND ANY MATERIAL DOWNLOADED OR OTHERWISE OBTAINED THROUGH THE USE OF THE SDK IS AT YOUR OWN DISCRETION AND RISK AND YOU ARE SOLELY RESPONSIBLE FOR ANY DAMAGE TO YOUR COMPUTER SYSTEM OR OTHER DEVICE OR LOSS OF DATA THAT RESULTS FROM SUCH USE.
Development build	Set up Android SDK	2025-12-28T23:09:55.4970830Z 
Development build	Set up Android SDK	2025-12-28T23:09:55.4971904Z 10.3 GOOGLE FURTHER EXPRESSLY DISCLAIMS ALL WARRANTIES AND CONDITIONS OF ANY KIND, WHETHER EXPRESS OR IMPLIED, INCLUDING, BUT NOT LIMITED TO THE IMPLIED WARRANTIES AND CONDITIONS OF MERCHANTABILITY, FITNESS FOR A PARTICULAR PURPOSE AND NON-INFRINGEMENT.
Development build	Set up Android SDK	2025-12-28T23:09:55.4973517Z 
Development build	Set up Android SDK	2025-12-28T23:09:55.4973664Z 11. LIMITATION OF LIABILITY
Development build	Set up Android SDK	2025-12-28T23:09:55.4973901Z 
Development build	Set up Android SDK	2025-12-28T23:09:55.4976264Z 11.1 YOU EXPRESSLY UNDERSTAND AND AGREE THAT GOOGLE, ITS SUBSIDIARIES AND AFFILIATES, AND ITS LICENSORS SHALL NOT BE LIABLE TO YOU UNDER ANY THEORY OF LIABILITY FOR ANY DIRECT, INDIRECT, INCIDENTAL, SPECIAL, CONSEQUENTIAL OR EXEMPLARY DAMAGES THAT MAY BE INCURRED BY YOU, INCLUDING ANY LOSS OF DATA, WHETHER OR NOT GOOGLE OR ITS REPRESENTATIVES HAVE BEEN ADVISED OF OR SHOULD HAVE BEEN AWARE OF THE POSSIBILITY OF ANY SUCH LOSSES ARISING.
Development build	Set up Android SDK	2025-12-28T23:09:55.4978715Z 
Development build	Set up Android SDK	2025-12-28T23:09:55.4978837Z 12. Indemnification
Development build	Set up Android SDK	2025-12-28T23:09:55.4979026Z 
Development build	Set up Android SDK	2025-12-28T23:09:55.4982870Z 12.1 To the maximum extent permitted by law, you agree to defend, indemnify and hold harmless Google, its affiliates and their respective directors, officers, employees and agents from and against any and all claims, actions, suits or proceedings, as well as any and all losses, liabilities, damages, costs and expenses (including reasonable attorneys fees) arising out of or accruing from (a) your use of the SDK, (b) any application you develop on the SDK that infringes any copyright, trademark, trade secret, trade dress, patent or other intellectual property right of any person or defames any person or violates their rights of publicity or privacy, and (c) any non-compliance by you with the License Agreement.
Development build	Set up Android SDK	2025-12-28T23:09:55.4986872Z 
Development build	Set up Android SDK	2025-12-28T23:09:55.4987025Z 13. Changes to the License Agreement
Development build	Set up Android SDK	2025-12-28T23:09:55.4987304Z 
Development build	Set up Android SDK	2025-12-28T23:09:55.4988478Z 13.1 Google may make changes to the License Agreement as it distributes new versions of the SDK. When these changes are made, Google will make a new version of the License Agreement available on the website where the SDK is made available.
Development build	Set up Android SDK	2025-12-28T23:09:55.4989821Z 
Development build	Set up Android SDK	2025-12-28T23:09:55.4989938Z 14. General Legal Terms
Development build	Set up Android SDK	2025-12-28T23:09:55.4990151Z 
Development build	Set up Android SDK	2025-12-28T23:09:55.4991695Z 14.1 The License Agreement constitutes the whole legal agreement between you and Google and governs your use of the SDK (excluding any services which Google may provide to you under a separate written agreement), and completely replaces any prior agreements between you and Google in relation to the SDK.
Development build	Set up Android SDK	2025-12-28T23:09:55.4993556Z 
Development build	Set up Android SDK	2025-12-28T23:09:55.4995087Z 14.2 You agree that if Google does not exercise or enforce any legal right or remedy which is contained in the License Agreement (or which Google has the benefit of under any applicable law), this will not be taken to be a formal waiver of Google's rights and that those rights or remedies will still be available to Google.
Development build	Set up Android SDK	2025-12-28T23:09:55.4996886Z 
Development build	Set up Android SDK	2025-12-28T23:09:55.4998625Z 14.3 If any court of law, having the jurisdiction to decide on this matter, rules that any provision of the License Agreement is invalid, then that provision will be removed from the License Agreement without affecting the rest of the License Agreement. The remaining provisions of the License Agreement will continue to be valid and enforceable.
Development build	Set up Android SDK	2025-12-28T23:09:55.5000565Z 
Development build	Set up Android SDK	2025-12-28T23:09:55.5002767Z 14.4 You acknowledge and agree that each member of the group of companies of which Google is the parent shall be third party beneficiaries to the License Agreement and that such other companies shall be entitled to directly enforce, and rely upon, any provision of the License Agreement that confers a benefit on (or rights in favor of) them. Other than this, no other person or company shall be third party beneficiaries to the License Agreement.
Development build	Set up Android SDK	2025-12-28T23:09:55.5005307Z 
Development build	Set up Android SDK	2025-12-28T23:09:55.5006675Z 14.5 EXPORT RESTRICTIONS. THE SDK IS SUBJECT TO UNITED STATES EXPORT LAWS AND REGULATIONS. YOU MUST COMPLY WITH ALL DOMESTIC AND INTERNATIONAL EXPORT LAWS AND REGULATIONS THAT APPLY TO THE SDK. THESE LAWS INCLUDE RESTRICTIONS ON DESTINATIONS, END USERS AND END USE.
Development build	Set up Android SDK	2025-12-28T23:09:55.5008327Z 
Development build	Set up Android SDK	2025-12-28T23:09:55.5010114Z 14.6 The rights granted in the License Agreement may not be assigned or transferred by either you or Google without the prior written approval of the other party. Neither you nor Google shall be permitted to delegate their responsibilities or obligations under the License Agreement without the prior written approval of the other party.
Development build	Set up Android SDK	2025-12-28T23:09:55.5012048Z 
Development build	Set up Android SDK	2025-12-28T23:09:55.5014968Z 14.7 The License Agreement, and your relationship with Google under the License Agreement, shall be governed by the laws of the State of California without regard to its conflict of laws provisions. You and Google agree to submit to the exclusive jurisdiction of the courts located within the county of Santa Clara, California to resolve any legal matter arising from the License Agreement. Notwithstanding this, you agree that Google shall still be allowed to apply for injunctive remedies (or an equivalent type of urgent legal relief) in any jurisdiction.
Development build	Set up Android SDK	2025-12-28T23:09:55.5018369Z ---------------------------------------
Development build	Set up Android SDK	2025-12-28T23:09:55.5018883Z Accept? (y/N): 
Development build	Set up Android SDK	2025-12-28T23:09:55.5019233Z 3/6: License android-sdk-arm-dbt-license:
Development build	Set up Android SDK	2025-12-28T23:09:55.5019675Z ---------------------------------------
Development build	Set up Android SDK	2025-12-28T23:09:55.5020053Z Terms and Conditions
Development build	Set up Android SDK	2025-12-28T23:09:55.5020250Z 
Development build	Set up Android SDK	2025-12-28T23:09:55.5020502Z This is the Android Software Development Kit License Agreement
Development build	Set up Android SDK	2025-12-28T23:09:55.5020908Z 
Development build	Set up Android SDK	2025-12-28T23:09:55.5021020Z 1. Introduction
Development build	Set up Android SDK	2025-12-28T23:09:55.5021201Z 
Development build	Set up Android SDK	2025-12-28T23:09:55.5023079Z 1.1 The Android Software Development Kit (referred to in the License Agreement as the "SDK" and specifically including the Android system files, packaged APIs, and Google APIs add-ons) is licensed to you subject to the terms of the License Agreement. The License Agreement forms a legally binding contract between you and Google in relation to your use of the SDK.
Development build	Set up Android SDK	2025-12-28T23:09:55.5025051Z 
Development build	Set up Android SDK	2025-12-28T23:09:55.5026057Z 1.2 "Android" means the Android software stack for devices, as made available under the Android Open Source Project, which is located at the following URL: http://source.android.com/, as updated from time to time.
Development build	Set up Android SDK	2025-12-28T23:09:55.5026879Z 
Development build	Set up Android SDK	2025-12-28T23:09:55.5027868Z 1.3 A "compatible implementation" means any Android device that (i) complies with the Android Compatibility Definition document, which can be found at the Android compatibility website (http://source.android.com/compatibility) and which may be updated from time to time; and (ii) successfully passes the Android Compatibility Test Suite (CTS).
Development build	Set up Android SDK	2025-12-28T23:09:55.5028930Z 
Development build	Set up Android SDK	2025-12-28T23:09:55.5029340Z 1.4 "Google" means Google Inc., a Delaware corporation with principal place of business at 1600 Amphitheatre Parkway, Mountain View, CA 94043, United States.
Development build	Set up Android SDK	2025-12-28T23:09:55.5029841Z 
Development build	Set up Android SDK	2025-12-28T23:09:55.5029845Z 
Development build	Set up Android SDK	2025-12-28T23:09:55.5029930Z 2. Accepting the License Agreement
Development build	Set up Android SDK	2025-12-28T23:09:55.5030084Z 
Development build	Set up Android SDK	2025-12-28T23:09:55.5030440Z 2.1 In order to use the SDK, you must first agree to the License Agreement. You may not use the SDK if you do not accept the License Agreement.
Development build	Set up Android SDK	2025-12-28T23:09:55.5030861Z 
Development build	Set up Android SDK	2025-12-28T23:09:55.5031049Z 2.2 By clicking to accept, you hereby agree to the terms of the License Agreement.
Development build	Set up Android SDK	2025-12-28T23:09:55.5031326Z 
Development build	Set up Android SDK	2025-12-28T23:09:55.5031972Z 2.3 You may not use the SDK and may not accept the License Agreement if you are a person barred from receiving the SDK under the laws of the United States or other countries, including the country in which you are resident or from which you use the SDK.
Development build	Set up Android SDK	2025-12-28T23:09:55.5032697Z 
Development build	Set up Android SDK	2025-12-28T23:09:55.5033679Z 2.4 If you are agreeing to be bound by the License Agreement on behalf of your employer or other entity, you represent and warrant that you have full legal authority to bind your employer or such entity to the License Agreement. If you do not have the requisite authority, you may not accept the License Agreement or use the SDK on behalf of your employer or other entity.
Development build	Set up Android SDK	2025-12-28T23:09:55.5034727Z 
Development build	Set up Android SDK	2025-12-28T23:09:55.5034874Z 
Development build	Set up Android SDK	2025-12-28T23:09:55.5034960Z 3. SDK License from Google
Development build	Set up Android SDK	2025-12-28T23:09:55.5035092Z 
Development build	Set up Android SDK	2025-12-28T23:09:55.5035930Z 3.1 Subject to the terms of the License Agreement, Google grants you a limited, worldwide, royalty-free, non-assignable, non-exclusive, and non-sublicensable license to use the SDK solely to develop applications for compatible implementations of Android.
Development build	Set up Android SDK	2025-12-28T23:09:55.5036744Z 
Development build	Set up Android SDK	2025-12-28T23:09:55.5037672Z 3.2 You may not use this SDK to develop applications for other platforms (including non-compatible implementations of Android) or to develop another SDK. You are of course free to develop applications for other platforms, including non-compatible implementations of Android, provided that this SDK is not used for that purpose.
Development build	Set up Android SDK	2025-12-28T23:09:55.5038675Z 
Development build	Set up Android SDK	2025-12-28T23:09:55.5039758Z 3.3 You agree that Google or third parties own all legal right, title and interest in and to the SDK, including any Intellectual Property Rights that subsist in the SDK. "Intellectual Property Rights" means any and all rights under patent law, copyright law, trade secret law, trademark law, and any and all other proprietary rights. Google reserves all rights not expressly granted to you.
Development build	Set up Android SDK	2025-12-28T23:09:55.5040919Z 
Development build	Set up Android SDK	2025-12-28T23:09:55.5041868Z 3.4 You may not use the SDK for any purpose not expressly permitted by the License Agreement. Except to the extent required by applicable third party licenses, you may not copy (except for backup purposes), modify, adapt, redistribute, decompile, reverse engineer, disassemble, or create derivative works of the SDK or any part of the SDK.
Development build	Set up Android SDK	2025-12-28T23:09:55.5042885Z 
Development build	Set up Android SDK	2025-12-28T23:09:55.5043448Z 3.5 Use, reproduction and distribution of components of the SDK licensed under an open source software license are governed solely by the terms of that open source software license and not the License Agreement.
Development build	Set up Android SDK	2025-12-28T23:09:55.5044096Z 
Development build	Set up Android SDK	2025-12-28T23:09:55.5045356Z 3.6 You agree that the form and nature of the SDK that Google provides may change without prior notice to you and that future versions of the SDK may be incompatible with applications developed on previous versions of the SDK. You agree that Google may stop (permanently or temporarily) providing the SDK (or any features within the SDK) to you or to users generally at Google's sole discretion, without prior notice to you.
Development build	Set up Android SDK	2025-12-28T23:09:55.5046725Z 
Development build	Set up Android SDK	2025-12-28T23:09:55.5047167Z 3.7 Nothing in the License Agreement gives you a right to use any of Google's trade names, trademarks, service marks, logos, domain names, or other distinctive brand features.
Development build	Set up Android SDK	2025-12-28T23:09:55.5047690Z 
Development build	Set up Android SDK	2025-12-28T23:09:55.5048186Z 3.8 You agree that you will not remove, obscure, or alter any proprietary rights notices (including copyright and trademark notices) that may be affixed to or contained within the SDK.
Development build	Set up Android SDK	2025-12-28T23:09:55.5048753Z 
Development build	Set up Android SDK	2025-12-28T23:09:55.5048757Z 
Development build	Set up Android SDK	2025-12-28T23:09:55.5048834Z 4. Use of the SDK by You
Development build	Set up Android SDK	2025-12-28T23:09:55.5048968Z 
Development build	Set up Android SDK	2025-12-28T23:09:55.5049674Z 4.1 Google agrees that it obtains no right, title or interest from you (or your licensors) under the License Agreement in or to any software applications that you develop using the SDK, including any intellectual property rights that subsist in those applications.
Development build	Set up Android SDK	2025-12-28T23:09:55.5050469Z 
Development build	Set up Android SDK	2025-12-28T23:09:55.5051429Z 4.2 You agree to use the SDK and write applications only for purposes that are permitted by (a) the License Agreement and (b) any applicable law, regulation or generally accepted practices or guidelines in the relevant jurisdictions (including any laws regarding the export of data or software to and from the United States or other relevant countries).
Development build	Set up Android SDK	2025-12-28T23:09:55.5052466Z 
Development build	Set up Android SDK	2025-12-28T23:09:55.5054662Z 4.3 You agree that if you use the SDK to develop applications for general public users, you will protect the privacy and legal rights of those users. If the users provide you with user names, passwords, or other login information or personal information, you must make the users aware that the information will be available to your application, and you must provide legally adequate privacy notice and protection for those users. If your application stores personal or sensitive information provided by users, it must do so securely. If the user provides your application with Google Account information, your application may only use that information to access the user's Google Account when, and for the limited purposes for which, the user has given you permission to do so.
Development build	Set up Android SDK	2025-12-28T23:09:55.5057162Z 
Development build	Set up Android SDK	2025-12-28T23:09:55.5058148Z 4.4 You agree that you will not engage in any activity with the SDK, including the development or distribution of an application, that interferes with, disrupts, damages, or accesses in an unauthorized manner the servers, networks, or other properties or services of any third party including, but not limited to, Google or any mobile communications carrier.
Development build	Set up Android SDK	2025-12-28T23:09:55.5059207Z 
Development build	Set up Android SDK	2025-12-28T23:09:55.5060151Z 4.5 You agree that you are solely responsible for (and that Google has no responsibility to you or to any third party for) any data, content, or resources that you create, transmit or display through Android and/or applications for Android, and for the consequences of your actions (including any loss or damage which Google may suffer) by doing so.
Development build	Set up Android SDK	2025-12-28T23:09:55.5061187Z 
Development build	Set up Android SDK	2025-12-28T23:09:55.5062263Z 4.6 You agree that you are solely responsible for (and that Google has no responsibility to you or to any third party for) any breach of your obligations under the License Agreement, any applicable third party contract or Terms of Service, or any applicable law or regulation, and for the consequences (including any loss or damage which Google or any third party may suffer) of any such breach.
Development build	Set up Android SDK	2025-12-28T23:09:55.5063414Z 
Development build	Set up Android SDK	2025-12-28T23:09:55.5064775Z 4.7 This software enables the execution of intellectual property owned by Arm Limited. You agree that your use of the software, that allows execution of ARM Instruction Set Architecture (ÔÇ£ISAÔÇØ) compliant executables for application development and debug only on x86 desktop, laptop, customer on-premise servers, and customer-procured cloud-based environments.
Development build	Set up Android SDK	2025-12-28T23:09:55.5066003Z 
Development build	Set up Android SDK	2025-12-28T23:09:55.5066213Z 5. Your Developer Credentials
Development build	Set up Android SDK	2025-12-28T23:09:55.5066365Z 
Development build	Set up Android SDK	2025-12-28T23:09:55.5067147Z 5.1 You agree that you are responsible for maintaining the confidentiality of any developer credentials that may be issued to you by Google or which you may choose yourself and that you will be solely responsible for all applications that are developed under your developer credentials.
Development build	Set up Android SDK	2025-12-28T23:09:55.5068004Z 
Development build	Set up Android SDK	2025-12-28T23:09:55.5068089Z 6. Privacy and Information
Development build	Set up Android SDK	2025-12-28T23:09:55.5068223Z 
Development build	Set up Android SDK	2025-12-28T23:09:55.5069541Z 6.1 In order to continually innovate and improve the SDK, Google may collect certain usage statistics from the software including but not limited to a unique identifier, associated IP address, version number of the software, and information on which tools and/or services in the SDK are being used and how they are being used. Before any of this information is collected, the SDK will notify you and seek your consent. If you withhold consent, the information will not be collected.
Development build	Set up Android SDK	2025-12-28T23:09:55.5070948Z 
Development build	Set up Android SDK	2025-12-28T23:09:55.5071277Z 6.2 The data collected is examined in the aggregate to improve the SDK and is maintained in accordance with Google's Privacy Policy.
Development build	Set up Android SDK	2025-12-28T23:09:55.5071694Z 
Development build	Set up Android SDK	2025-12-28T23:09:55.5071698Z 
Development build	Set up Android SDK	2025-12-28T23:09:55.5071785Z 7. Third Party Applications
Development build	Set up Android SDK	2025-12-28T23:09:55.5071969Z 
Development build	Set up Android SDK	2025-12-28T23:09:55.5074852Z 7.1 If you use the SDK to run applications developed by a third party or that access data, content or resources provided by a third party, you agree that Google is not responsible for those applications, data, content, or resources. You understand that all data, content or resources which you may access through such third party applications are the sole responsibility of the person from which they originated and that Google is not liable for any loss or damage that you may experience as a result of the use or access of any of those third party applications, data, content, or resources.
Development build	Set up Android SDK	2025-12-28T23:09:55.5077808Z 
Development build	Set up Android SDK	2025-12-28T23:09:55.5080109Z 7.2 You should be aware the data, content, and resources presented to you through such a third party application may be protected by intellectual property rights which are owned by the providers (or by other persons or companies on their behalf). You may not modify, rent, lease, loan, sell, distribute or create derivative works based on these data, content, or resources (either in whole or in part) unless you have been specifically given permission to do so by the relevant owners.
Development build	Set up Android SDK	2025-12-28T23:09:55.5082787Z 
Development build	Set up Android SDK	2025-12-28T23:09:55.5084158Z 7.3 You acknowledge that your use of such third party applications, data, content, or resources may be subject to separate terms between you and the relevant third party. In that case, the License Agreement does not affect your legal relationship with these third parties.
Development build	Set up Android SDK	2025-12-28T23:09:55.5085905Z 
Development build	Set up Android SDK	2025-12-28T23:09:55.5085918Z 
Development build	Set up Android SDK	2025-12-28T23:09:55.5086069Z 8. Using Android APIs
Development build	Set up Android SDK	2025-12-28T23:09:55.5086293Z 
Development build	Set up Android SDK	2025-12-28T23:09:55.5086420Z 8.1 Google Data APIs
Development build	Set up Android SDK	2025-12-28T23:09:55.5086616Z 
Development build	Set up Android SDK	2025-12-28T23:09:55.5088849Z 8.1.1 If you use any API to retrieve data from Google, you acknowledge that the data may be protected by intellectual property rights which are owned by Google or those parties that provide the data (or by other persons or companies on their behalf). Your use of any such API may be subject to additional Terms of Service. You may not modify, rent, lease, loan, sell, distribute or create derivative works based on this data (either in whole or in part) unless allowed by the relevant Terms of Service.
Development build	Set up Android SDK	2025-12-28T23:09:55.5091221Z 
Development build	Set up Android SDK	2025-12-28T23:09:55.5095439Z 8.1.2 If you use any API to retrieve a user's data from Google, you acknowledge and agree that you shall retrieve data only with the user's explicit consent and only when, and for the limited purposes for which, the user has given you permission to do so. If you use the Android Recognition Service API, documented at the following URL: https://developer.android.com/reference/android/speech/RecognitionService, as updated from time to time, you acknowledge that the use of the API is subject to the Data Processing Addendum for Products where Google is a Data Processor, which is located at the following URL: https://privacy.google.com/businesses/gdprprocessorterms/, as updated from time to time. By clicking to accept, you hereby agree to the terms of the Data Processing Addendum for Products where Google is a Data Processor.
Development build	Set up Android SDK	2025-12-28T23:09:55.5098782Z 
Development build	Set up Android SDK	2025-12-28T23:09:55.5098792Z 
Development build	Set up Android SDK	2025-12-28T23:09:55.5098895Z 9. Terminating the License Agreement
Development build	Set up Android SDK	2025-12-28T23:09:55.5099070Z 
Development build	Set up Android SDK	2025-12-28T23:09:55.5099346Z 9.1 The License Agreement will continue to apply until terminated by either you or Google as set out below.
Development build	Set up Android SDK	2025-12-28T23:09:55.5099704Z 
Development build	Set up Android SDK	2025-12-28T23:09:55.5100042Z 9.2 If you want to terminate the License Agreement, you may do so by ceasing your use of the SDK and any relevant developer credentials.
Development build	Set up Android SDK	2025-12-28T23:09:55.5100496Z 
Development build	Set up Android SDK	2025-12-28T23:09:55.5102195Z 9.3 Google may at any time, terminate the License Agreement with you if: (A) you have breached any provision of the License Agreement; or (B) Google is required to do so by law; or (C) the partner with whom Google offered certain parts of SDK (such as APIs) to you has terminated its relationship with Google or ceased to offer certain parts of the SDK to you; or (D) Google decides to no longer provide the SDK or certain parts of the SDK to users in the country in which you are resident or from which you use the service, or the provision of the SDK or certain SDK services to you by Google is, in Google's sole discretion, no longer commercially viable.
Development build	Set up Android SDK	2025-12-28T23:09:55.5103962Z 
Development build	Set up Android SDK	2025-12-28T23:09:55.5105370Z 9.4 When the License Agreement comes to an end, all of the legal rights, obligations and liabilities that you and Google have benefited from, been subject to (or which have accrued over time whilst the License Agreement has been in force) or which are expressed to continue indefinitely, shall be unaffected by this cessation, and the provisions of paragraph 14.7 shall continue to apply to such rights, obligations and liabilities indefinitely.
Development build	Set up Android SDK	2025-12-28T23:09:55.5106934Z 
Development build	Set up Android SDK	2025-12-28T23:09:55.5106944Z 
Development build	Set up Android SDK	2025-12-28T23:09:55.5107094Z 10. DISCLAIMER OF WARRANTIES
Development build	Set up Android SDK	2025-12-28T23:09:55.5107335Z 
Development build	Set up Android SDK	2025-12-28T23:09:55.5108106Z 10.1 YOU EXPRESSLY UNDERSTAND AND AGREE THAT YOUR USE OF THE SDK IS AT YOUR SOLE RISK AND THAT THE SDK IS PROVIDED "AS IS" AND "AS AVAILABLE" WITHOUT WARRANTY OF ANY KIND FROM GOOGLE.
Development build	Set up Android SDK	2025-12-28T23:09:55.5109067Z 
Development build	Set up Android SDK	2025-12-28T23:09:55.5110335Z 10.2 YOUR USE OF THE SDK AND ANY MATERIAL DOWNLOADED OR OTHERWISE OBTAINED THROUGH THE USE OF THE SDK IS AT YOUR OWN DISCRETION AND RISK AND YOU ARE SOLELY RESPONSIBLE FOR ANY DAMAGE TO YOUR COMPUTER SYSTEM OR OTHER DEVICE OR LOSS OF DATA THAT RESULTS FROM SUCH USE.
Development build	Set up Android SDK	2025-12-28T23:09:55.5111748Z 
Development build	Set up Android SDK	2025-12-28T23:09:55.5112733Z 10.3 GOOGLE FURTHER EXPRESSLY DISCLAIMS ALL WARRANTIES AND CONDITIONS OF ANY KIND, WHETHER EXPRESS OR IMPLIED, INCLUDING, BUT NOT LIMITED TO THE IMPLIED WARRANTIES AND CONDITIONS OF MERCHANTABILITY, FITNESS FOR A PARTICULAR PURPOSE AND NON-INFRINGEMENT.
Development build	Set up Android SDK	2025-12-28T23:09:55.5113569Z 
Development build	Set up Android SDK	2025-12-28T23:09:55.5113574Z 
Development build	Set up Android SDK	2025-12-28T23:09:55.5113664Z 11. LIMITATION OF LIABILITY
Development build	Set up Android SDK	2025-12-28T23:09:55.5113802Z 
Development build	Set up Android SDK	2025-12-28T23:09:55.5115011Z 11.1 YOU EXPRESSLY UNDERSTAND AND AGREE THAT GOOGLE, ITS SUBSIDIARIES AND AFFILIATES, AND ITS LICENSORS SHALL NOT BE LIABLE TO YOU UNDER ANY THEORY OF LIABILITY FOR ANY DIRECT, INDIRECT, INCIDENTAL, SPECIAL, CONSEQUENTIAL OR EXEMPLARY DAMAGES THAT MAY BE INCURRED BY YOU, INCLUDING ANY LOSS OF DATA, WHETHER OR NOT GOOGLE OR ITS REPRESENTATIVES HAVE BEEN ADVISED OF OR SHOULD HAVE BEEN AWARE OF THE POSSIBILITY OF ANY SUCH LOSSES ARISING.
Development build	Set up Android SDK	2025-12-28T23:09:55.5116528Z 
Development build	Set up Android SDK	2025-12-28T23:09:55.5116534Z 
Development build	Set up Android SDK	2025-12-28T23:09:55.5116607Z 12. Indemnification
Development build	Set up Android SDK	2025-12-28T23:09:55.5116727Z 
Development build	Set up Android SDK	2025-12-28T23:09:55.5118730Z 12.1 To the maximum extent permitted by law, you agree to defend, indemnify and hold harmless Google, its affiliates and their respective directors, officers, employees and agents from and against any and all claims, actions, suits or proceedings, as well as any and all losses, liabilities, damages, costs and expenses (including reasonable attorneys fees) arising out of or accruing from (a) your use of the SDK, (b) any application you develop on the SDK that infringes any copyright, trademark, trade secret, trade dress, patent or other intellectual property right of any person or defames any person or violates their rights of publicity or privacy, and (c) any non-compliance by you with the License Agreement.
Development build	Set up Android SDK	2025-12-28T23:09:55.5121011Z 
Development build	Set up Android SDK	2025-12-28T23:09:55.5121015Z 
Development build	Set up Android SDK	2025-12-28T23:09:55.5121100Z 13. Changes to the License Agreement
Development build	Set up Android SDK	2025-12-28T23:09:55.5121262Z 
Development build	Set up Android SDK	2025-12-28T23:09:55.5121887Z 13.1 Google may make changes to the License Agreement as it distributes new versions of the SDK. When these changes are made, Google will make a new version of the License Agreement available on the website where the SDK is made available.
Development build	Set up Android SDK	2025-12-28T23:09:55.5122589Z 
Development build	Set up Android SDK	2025-12-28T23:09:55.5122593Z 
Development build	Set up Android SDK	2025-12-28T23:09:55.5122673Z 14. General Legal Terms
Development build	Set up Android SDK	2025-12-28T23:09:55.5122803Z 
Development build	Set up Android SDK	2025-12-28T23:09:55.5123638Z 14.1 The License Agreement constitutes the whole legal agreement between you and Google and governs your use of the SDK (excluding any services which Google may provide to you under a separate written agreement), and completely replaces any prior agreements between you and Google in relation to the SDK.
Development build	Set up Android SDK	2025-12-28T23:09:55.5124562Z 
Development build	Set up Android SDK	2025-12-28T23:09:55.5125604Z 14.2 You agree that if Google does not exercise or enforce any legal right or remedy which is contained in the License Agreement (or which Google has the benefit of under any applicable law), this will not be taken to be a formal waiver of Google's rights and that those rights or remedies will still be available to Google.
Development build	Set up Android SDK	2025-12-28T23:09:55.5126526Z 
Development build	Set up Android SDK	2025-12-28T23:09:55.5127469Z 14.3 If any court of law, having the jurisdiction to decide on this matter, rules that any provision of the License Agreement is invalid, then that provision will be removed from the License Agreement without affecting the rest of the License Agreement. The remaining provisions of the License Agreement will continue to be valid and enforceable.
Development build	Set up Android SDK	2025-12-28T23:09:55.5128621Z 
Development build	Set up Android SDK	2025-12-28T23:09:55.5129845Z 14.4 You acknowledge and agree that each member of the group of companies of which Google is the parent shall be third party beneficiaries to the License Agreement and that such other companies shall be entitled to directly enforce, and rely upon, any provision of the License Agreement that confers a benefit on (or rights in favor of) them. Other than this, no other person or company shall be third party beneficiaries to the License Agreement.
Development build	Set up Android SDK	2025-12-28T23:09:55.5131140Z 
Development build	Set up Android SDK	2025-12-28T23:09:55.5131863Z 14.5 EXPORT RESTRICTIONS. THE SDK IS SUBJECT TO UNITED STATES EXPORT LAWS AND REGULATIONS. YOU MUST COMPLY WITH ALL DOMESTIC AND INTERNATIONAL EXPORT LAWS AND REGULATIONS THAT APPLY TO THE SDK. THESE LAWS INCLUDE RESTRICTIONS ON DESTINATIONS, END USERS AND END USE.
Development build	Set up Android SDK	2025-12-28T23:09:55.5132687Z 
Development build	Set up Android SDK	2025-12-28T23:09:55.5133640Z 14.6 The rights granted in the License Agreement may not be assigned or transferred by either you or Google without the prior written approval of the other party. Neither you nor Google shall be permitted to delegate their responsibilities or obligations under the License Agreement without the prior written approval of the other party.
Development build	Set up Android SDK	2025-12-28T23:09:55.5134666Z 
Development build	Set up Android SDK	2025-12-28T23:09:55.5136453Z 14.7 The License Agreement, and your relationship with Google under the License Agreement, shall be governed by the laws of the State of California without regard to its conflict of laws provisions. You and Google agree to submit to the exclusive jurisdiction of the courts located within the county of Santa Clara, California to resolve any legal matter arising from the License Agreement. Notwithstanding this, you agree that Google shall still be allowed to apply for injunctive remedies (or an equivalent type of urgent legal relief) in any jurisdiction.
Development build	Set up Android SDK	2025-12-28T23:09:55.5138106Z 
Development build	Set up Android SDK	2025-12-28T23:09:55.5138234Z 
Development build	Set up Android SDK	2025-12-28T23:09:55.5138308Z January 16, 2019
Development build	Set up Android SDK	2025-12-28T23:09:55.5138490Z ---------------------------------------
Development build	Set up Android SDK	2025-12-28T23:09:55.5138722Z Accept? (y/N): 
Development build	Set up Android SDK	2025-12-28T23:09:55.5138926Z 4/6: License android-sdk-preview-license:
Development build	Set up Android SDK	2025-12-28T23:09:55.5139171Z ---------------------------------------
Development build	Set up Android SDK	2025-12-28T23:09:55.5140362Z To get started with the Android SDK Preview, you must agree to the following terms and conditions. As described below, please note that this is a preview version of the Android SDK, subject to change, that you use at your own risk. The Android SDK Preview is not a stable release, and may contain errors and defects that can result in serious damage to your computer systems, devices and data.
Development build	Set up Android SDK	2025-12-28T23:09:55.5141478Z 
Development build	Set up Android SDK	2025-12-28T23:09:55.5141659Z This is the Android SDK Preview License Agreement (the "License Agreement").
Development build	Set up Android SDK	2025-12-28T23:09:55.5141928Z 
Development build	Set up Android SDK	2025-12-28T23:09:55.5141993Z 1. Introduction
Development build	Set up Android SDK	2025-12-28T23:09:55.5142092Z 
Development build	Set up Android SDK	2025-12-28T23:09:55.5143511Z 1.1 The Android SDK Preview (referred to in the License Agreement as the ÔÇ£PreviewÔÇØ and specifically including the Android system files, packaged APIs, and Preview library files, if and when they are made available) is licensed to you subject to the terms of the License Agreement. The License Agreement forms a legally binding contract between you and Google in relation to your use of the Preview.
Development build	Set up Android SDK	2025-12-28T23:09:55.5144694Z 
Development build	Set up Android SDK	2025-12-28T23:09:55.5145503Z 1.2 "Android" means the Android software stack for devices, as made available under the Android Open Source Project, which is located at the following URL: http://source.android.com/, as updated from time to time.
Development build	Set up Android SDK	2025-12-28T23:09:55.5146166Z 
Development build	Set up Android SDK	2025-12-28T23:09:55.5146577Z 1.3 "Google" means Google Inc., a Delaware corporation with principal place of business at 1600 Amphitheatre Parkway, Mountain View, CA 94043, United States.
Development build	Set up Android SDK	2025-12-28T23:09:55.5147231Z 
Development build	Set up Android SDK	2025-12-28T23:09:55.5147317Z 2. Accepting the License Agreement
Development build	Set up Android SDK	2025-12-28T23:09:55.5147471Z 
Development build	Set up Android SDK	2025-12-28T23:09:55.5147846Z 2.1 In order to use the Preview, you must first agree to the License Agreement. You may not use the Preview if you do not accept the License Agreement.
Development build	Set up Android SDK	2025-12-28T23:09:55.5148287Z 
Development build	Set up Android SDK	2025-12-28T23:09:55.5148538Z 2.2 By clicking to accept and/or using the Preview, you hereby agree to the terms of the License Agreement.
Development build	Set up Android SDK	2025-12-28T23:09:55.5148878Z 
Development build	Set up Android SDK	2025-12-28T23:09:55.5149567Z 2.3 You may not use the Preview and may not accept the License Agreement if you are a person barred from receiving the Preview under the laws of the United States or other countries including the country in which you are resident or from which you use the Preview.
Development build	Set up Android SDK	2025-12-28T23:09:55.5150336Z 
Development build	Set up Android SDK	2025-12-28T23:09:55.5151527Z 2.4 If you will use the Preview internally within your company or organization you agree to be bound by the License Agreement on behalf of your employer or other entity, and you represent and warrant that you have full legal authority to bind your employer or such entity to the License Agreement. If you do not have the requisite authority, you may not accept the License Agreement or use the Preview on behalf of your employer or other entity.
Development build	Set up Android SDK	2025-12-28T23:09:55.5152802Z 
Development build	Set up Android SDK	2025-12-28T23:09:55.5152927Z 3. Preview License from Google
Development build	Set up Android SDK	2025-12-28T23:09:55.5153072Z 
Development build	Set up Android SDK	2025-12-28T23:09:55.5153948Z 3.1 Subject to the terms of the License Agreement, Google grants you a royalty-free, non-assignable, non-exclusive, non-sublicensable, limited, revocable license to use the Preview, personally or internally within your company or organization, solely to develop applications to run on the Android platform.
Development build	Set up Android SDK	2025-12-28T23:09:55.5154905Z 
Development build	Set up Android SDK	2025-12-28T23:09:55.5156184Z 3.2 You agree that Google or third parties owns all legal right, title and interest in and to the Preview, including any Intellectual Property Rights that subsist in the Preview. "Intellectual Property Rights" means any and all rights under patent law, copyright law, trade secret law, trademark law, and any and all other proprietary rights. Google reserves all rights not expressly granted to you.
Development build	Set up Android SDK	2025-12-28T23:09:55.5157508Z 
Development build	Set up Android SDK	2025-12-28T23:09:55.5159571Z 3.3 You may not use the Preview for any purpose not expressly permitted by the License Agreement. Except to the extent required by applicable third party licenses, you may not: (a) copy (except for backup purposes), modify, adapt, redistribute, decompile, reverse engineer, disassemble, or create derivative works of the Preview or any part of the Preview; or (b) load any part of the Preview onto a mobile handset or any other hardware device except a personal computer, combine any part of the Preview with other software, or distribute any software or device incorporating a part of the Preview.
Development build	Set up Android SDK	2025-12-28T23:09:55.5161613Z 
Development build	Set up Android SDK	2025-12-28T23:09:55.5162305Z 3.4 You agree that you will not take any actions that may cause or result in the fragmentation of Android, including but not limited to distributing, participating in the creation of, or promoting in any way a software development kit derived from the Preview.
Development build	Set up Android SDK	2025-12-28T23:09:55.5163084Z 
Development build	Set up Android SDK	2025-12-28T23:09:55.5164261Z 3.5 Use, reproduction and distribution of components of the Preview licensed under an open source software license are governed solely by the terms of that open source software license and not the License Agreement. You agree to remain a licensee in good standing in regard to such open source software licenses under all the rights granted and to refrain from any actions that may terminate, suspend, or breach such rights.
Development build	Set up Android SDK	2025-12-28T23:09:55.5165743Z 
Development build	Set up Android SDK	2025-12-28T23:09:55.5166984Z 3.6 You agree that the form and nature of the Preview that Google provides may change without prior notice to you and that future versions of the Preview may be incompatible with applications developed on previous versions of the Preview. You agree that Google may stop (permanently or temporarily) providing the Preview (or any features within the Preview) to you or to users generally at Google's sole discretion, without prior notice to you.
Development build	Set up Android SDK	2025-12-28T23:09:55.5168467Z 
Development build	Set up Android SDK	2025-12-28T23:09:55.5168922Z 3.7 Nothing in the License Agreement gives you a right to use any of Google's trade names, trademarks, service marks, logos, domain names, or other distinctive brand features.
Development build	Set up Android SDK	2025-12-28T23:09:55.5169455Z 
Development build	Set up Android SDK	2025-12-28T23:09:55.5169956Z 3.8 You agree that you will not remove, obscure, or alter any proprietary rights notices (including copyright and trademark notices) that may be affixed to or contained within the Preview.
Development build	Set up Android SDK	2025-12-28T23:09:55.5170545Z 
Development build	Set up Android SDK	2025-12-28T23:09:55.5170628Z 4. Use of the Preview by You
Development build	Set up Android SDK	2025-12-28T23:09:55.5170769Z 
Development build	Set up Android SDK	2025-12-28T23:09:55.5171756Z 4.1 Google agrees that nothing in the License Agreement gives Google any right, title or interest from you (or your licensors) under the License Agreement in or to any software applications that you develop using the Preview, including any intellectual property rights that subsist in those applications.
Development build	Set up Android SDK	2025-12-28T23:09:55.5173478Z 
Development build	Set up Android SDK	2025-12-28T23:09:55.5174509Z 4.2 You agree to use the Preview and write applications only for purposes that are permitted by (a) the License Agreement, and (b) any applicable law, regulation or generally accepted practices or guidelines in the relevant jurisdictions (including any laws regarding the export of data or software to and from the United States or other relevant countries).
Development build	Set up Android SDK	2025-12-28T23:09:55.5175795Z 
Development build	Set up Android SDK	2025-12-28T23:09:55.5177874Z 4.3 You agree that if you use the Preview to develop applications, you will protect the privacy and legal rights of users. If users provide you with user names, passwords, or other login information or personal information, you must make the users aware that the information will be available to your application, and you must provide legally adequate privacy notice and protection for those users. If your application stores personal or sensitive information provided by users, it must do so securely. If users provide you with Google Account information, your application may only use that information to access the user's Google Account when, and for the limited purposes for which, each user has given you permission to do so.
Development build	Set up Android SDK	2025-12-28T23:09:55.5180174Z 
Development build	Set up Android SDK	2025-12-28T23:09:55.5181166Z 4.4 You agree that you will not engage in any activity with the Preview, including the development or distribution of an application, that interferes with, disrupts, damages, or accesses in an unauthorized manner the servers, networks, or other properties or services of Google or any third party.
Development build	Set up Android SDK	2025-12-28T23:09:55.5182375Z 
Development build	Set up Android SDK	2025-12-28T23:09:55.5183688Z 4.5 You agree that you are solely responsible for (and that Google has no responsibility to you or to any third party for) any data, content, or resources that you create, transmit or display through Android and/or applications for Android, and for the consequences of your actions (including any loss or damage which Google may suffer) by doing so.
Development build	Set up Android SDK	2025-12-28T23:09:55.5184735Z 
Development build	Set up Android SDK	2025-12-28T23:09:55.5186299Z 4.6 You agree that you are solely responsible for (and that Google has no responsibility to you or to any third party for) any breach of your obligations under the License Agreement, any applicable third party contract or Terms of Service, or any applicable law or regulation, and for the consequences (including any loss or damage which Google or any third party may suffer) of any such breach.
Development build	Set up Android SDK	2025-12-28T23:09:55.5188400Z 
Development build	Set up Android SDK	2025-12-28T23:09:55.5190956Z 4.7 The Preview is in development, and your testing and feedback are an important part of the development process. By using the Preview, you acknowledge that implementation of some features are still under development and that you should not rely on the Preview having the full functionality of a stable release. You agree not to publicly distribute or ship any application using this Preview as this Preview will no longer be supported after the official Android SDK is released.
Development build	Set up Android SDK	2025-12-28T23:09:55.5193513Z 
Development build	Set up Android SDK	2025-12-28T23:09:55.5193677Z 5. Your Developer Credentials
Development build	Set up Android SDK	2025-12-28T23:09:55.5194145Z 
Development build	Set up Android SDK	2025-12-28T23:09:55.5195746Z 5.1 You agree that you are responsible for maintaining the confidentiality of any developer credentials that may be issued to you by Google or which you may choose yourself and that you will be solely responsible for all applications that are developed under your developer credentials.
Development build	Set up Android SDK	2025-12-28T23:09:55.5197383Z 
Development build	Set up Android SDK	2025-12-28T23:09:55.5197534Z 6. Privacy and Information
Development build	Set up Android SDK	2025-12-28T23:09:55.5197758Z 
Development build	Set up Android SDK	2025-12-28T23:09:55.5200278Z 6.1 In order to continually innovate and improve the Preview, Google may collect certain usage statistics from the software including but not limited to a unique identifier, associated IP address, version number of the software, and information on which tools and/or services in the Preview are being used and how they are being used. Before any of this information is collected, the Preview will notify you and seek your consent. If you withhold consent, the information will not be collected.
Development build	Set up Android SDK	2025-12-28T23:09:55.5202903Z 
Development build	Set up Android SDK	2025-12-28T23:09:55.5203850Z 6.2 The data collected is examined in the aggregate to improve the Preview and is maintained in accordance with Google's Privacy Policy located at http://www.google.com/policies/privacy/.
Development build	Set up Android SDK	2025-12-28T23:09:55.5204926Z 
Development build	Set up Android SDK	2025-12-28T23:09:55.5205079Z 7. Third Party Applications
Development build	Set up Android SDK	2025-12-28T23:09:55.5205583Z 
Development build	Set up Android SDK	2025-12-28T23:09:55.5207291Z 7.1 If you use the Preview to run applications developed by a third party or that access data, content or resources provided by a third party, you agree that Google is not responsible for those applications, data, content, or resources. You understand that all data, content or resources which you may access through such third party applications are the sole responsibility of the person from which they originated and that Google is not liable for any loss or damage that you may experience as a result of the use or access of any of those third party applications, data, content, or resources.
Development build	Set up Android SDK	2025-12-28T23:09:55.5209038Z 
Development build	Set up Android SDK	2025-12-28T23:09:55.5210358Z 7.2 You should be aware the data, content, and resources presented to you through such a third party application may be protected by intellectual property rights which are owned by the providers (or by other persons or companies on their behalf). You may not modify, rent, lease, loan, sell, distribute or create derivative works based on these data, content, or resources (either in whole or in part) unless you have been specifically given permission to do so by the relevant owners.
Development build	Set up Android SDK	2025-12-28T23:09:55.5211993Z 
Development build	Set up Android SDK	2025-12-28T23:09:55.5212444Z 7.3 You acknowledge that your use of such third party applications, data, content, or resources may be subject to separate terms between you and the relevant third party.
Development build	Set up Android SDK	2025-12-28T23:09:55.5212975Z 
Development build	Set up Android SDK	2025-12-28T23:09:55.5213048Z 8. Using Google APIs
Development build	Set up Android SDK	2025-12-28T23:09:55.5213173Z 
Development build	Set up Android SDK	2025-12-28T23:09:55.5213241Z 8.1 Google APIs
Development build	Set up Android SDK	2025-12-28T23:09:55.5213345Z 
Development build	Set up Android SDK	2025-12-28T23:09:55.5214697Z 8.1.1 If you use any API to retrieve data from Google, you acknowledge that the data may be protected by intellectual property rights which are owned by Google or those parties that provide the data (or by other persons or companies on their behalf). Your use of any such API may be subject to additional Terms of Service. You may not modify, rent, lease, loan, sell, distribute or create derivative works based on this data (either in whole or in part) unless allowed by the relevant Terms of Service.
Development build	Set up Android SDK	2025-12-28T23:09:55.5216313Z 
Development build	Set up Android SDK	2025-12-28T23:09:55.5216971Z 8.1.2 If you use any API to retrieve a user's data from Google, you acknowledge and agree that you shall retrieve data only with the user's explicit consent and only when, and for the limited purposes for which, the user has given you permission to do so.
Development build	Set up Android SDK	2025-12-28T23:09:55.5217697Z 
Development build	Set up Android SDK	2025-12-28T23:09:55.5217783Z 9. Terminating the License Agreement
Development build	Set up Android SDK	2025-12-28T23:09:55.5217951Z 
Development build	Set up Android SDK	2025-12-28T23:09:55.5218223Z 9.1 the License Agreement will continue to apply until terminated by either you or Google as set out below.
Development build	Set up Android SDK	2025-12-28T23:09:55.5218580Z 
Development build	Set up Android SDK	2025-12-28T23:09:55.5219089Z 9.2 If you want to terminate the License Agreement, you may do so by ceasing your use of the Preview and any relevant developer credentials.
Development build	Set up Android SDK	2025-12-28T23:09:55.5219515Z 
Development build	Set up Android SDK	2025-12-28T23:09:55.5219756Z 9.3 Google may at any time, terminate the License Agreement, with or without cause, upon notice to you.
Development build	Set up Android SDK	2025-12-28T23:09:55.5220091Z 
Development build	Set up Android SDK	2025-12-28T23:09:55.5220978Z 9.4 The License Agreement will automatically terminate without notice or other action upon the earlier of: (A) when Google ceases to provide the Preview or certain parts of the Preview to users in the country in which you are resident or from which you use the service; and (B) Google issues a final release version of the Android SDK.
Development build	Set up Android SDK	2025-12-28T23:09:55.5221938Z 
Development build	Set up Android SDK	2025-12-28T23:09:55.5222579Z 9.5 When the License Agreement is terminated, the license granted to you in the License Agreement will terminate, you will immediately cease all use of the Preview, and the provisions of paragraphs 10, 11, 12 and 14 shall survive indefinitely.
Development build	Set up Android SDK	2025-12-28T23:09:55.5223304Z 
Development build	Set up Android SDK	2025-12-28T23:09:55.5223369Z 10. DISCLAIMERS
Development build	Set up Android SDK	2025-12-28T23:09:55.5223477Z 
Development build	Set up Android SDK	2025-12-28T23:09:55.5223940Z 10.1 YOU EXPRESSLY UNDERSTAND AND AGREE THAT YOUR USE OF THE PREVIEW IS AT YOUR SOLE RISK AND THAT THE PREVIEW IS PROVIDED "AS IS" AND "AS AVAILABLE" WITHOUT WARRANTY OF ANY KIND FROM GOOGLE.
Development build	Set up Android SDK	2025-12-28T23:09:55.5224490Z 
Development build	Set up Android SDK	2025-12-28T23:09:55.5226265Z 10.2 YOUR USE OF THE PREVIEW AND ANY MATERIAL DOWNLOADED OR OTHERWISE OBTAINED THROUGH THE USE OF THE PREVIEW IS AT YOUR OWN DISCRETION AND RISK AND YOU ARE SOLELY RESPONSIBLE FOR ANY DAMAGE TO YOUR COMPUTER SYSTEM OR OTHER DEVICE OR LOSS OF DATA THAT RESULTS FROM SUCH USE. WITHOUT LIMITING THE FOREGOING, YOU UNDERSTAND THAT THE PREVIEW IS NOT A STABLE RELEASE AND MAY CONTAIN ERRORS, DEFECTS AND SECURITY VULNERABILITIES THAT CAN RESULT IN SIGNIFICANT DAMAGE, INCLUDING THE COMPLETE, IRRECOVERABLE LOSS OF USE OF YOUR COMPUTER SYSTEM OR OTHER DEVICE.
Development build	Set up Android SDK	2025-12-28T23:09:55.5227882Z 
Development build	Set up Android SDK	2025-12-28T23:09:55.5228595Z 10.3 GOOGLE FURTHER EXPRESSLY DISCLAIMS ALL WARRANTIES AND CONDITIONS OF ANY KIND, WHETHER EXPRESS OR IMPLIED, INCLUDING, BUT NOT LIMITED TO THE IMPLIED WARRANTIES AND CONDITIONS OF MERCHANTABILITY, FITNESS FOR A PARTICULAR PURPOSE AND NON-INFRINGEMENT.
Development build	Set up Android SDK	2025-12-28T23:09:55.5229523Z 
Development build	Set up Android SDK	2025-12-28T23:09:55.5229602Z 11. LIMITATION OF LIABILITY
Development build	Set up Android SDK	2025-12-28T23:09:55.5229746Z 
Development build	Set up Android SDK	2025-12-28T23:09:55.5230949Z 11.1 YOU EXPRESSLY UNDERSTAND AND AGREE THAT GOOGLE, ITS SUBSIDIARIES AND AFFILIATES, AND ITS LICENSORS SHALL NOT BE LIABLE TO YOU UNDER ANY THEORY OF LIABILITY FOR ANY DIRECT, INDIRECT, INCIDENTAL, SPECIAL, CONSEQUENTIAL OR EXEMPLARY DAMAGES THAT MAY BE INCURRED BY YOU, INCLUDING ANY LOSS OF DATA, WHETHER OR NOT GOOGLE OR ITS REPRESENTATIVES HAVE BEEN ADVISED OF OR SHOULD HAVE BEEN AWARE OF THE POSSIBILITY OF ANY SUCH LOSSES ARISING.
Development build	Set up Android SDK	2025-12-28T23:09:55.5232233Z 
Development build	Set up Android SDK	2025-12-28T23:09:55.5232301Z 12. Indemnification
Development build	Set up Android SDK	2025-12-28T23:09:55.5232411Z 
Development build	Set up Android SDK	2025-12-28T23:09:55.5234715Z 12.1 To the maximum extent permitted by law, you agree to defend, indemnify and hold harmless Google, its affiliates and their respective directors, officers, employees and agents from and against any and all claims, actions, suits or proceedings, as well as any and all losses, liabilities, damages, costs and expenses (including reasonable attorneysÔÇÖ fees) arising out of or accruing from (a) your use of the Preview, (b) any application you develop on the Preview that infringes any Intellectual Property Rights of any person or defames any person or violates their rights of publicity or privacy, and (c) any non-compliance by you of the License Agreement.
Development build	Set up Android SDK	2025-12-28T23:09:55.5236852Z 
Development build	Set up Android SDK	2025-12-28T23:09:55.5236946Z 13. Changes to the License Agreement
Development build	Set up Android SDK	2025-12-28T23:09:55.5237107Z 
Development build	Set up Android SDK	2025-12-28T23:09:55.5237756Z 13.1 Google may make changes to the License Agreement as it distributes new versions of the Preview. When these changes are made, Google will make a new version of the License Agreement available on the website where the Preview is made available.
Development build	Set up Android SDK	2025-12-28T23:09:55.5238489Z 
Development build	Set up Android SDK	2025-12-28T23:09:55.5238698Z 14. General Legal Terms
Development build	Set up Android SDK	2025-12-28T23:09:55.5238820Z 
Development build	Set up Android SDK	2025-12-28T23:09:55.5239702Z 14.1 the License Agreement constitutes the whole legal agreement between you and Google and governs your use of the Preview (excluding any services which Google may provide to you under a separate written agreement), and completely replaces any prior agreements between you and Google in relation to the Preview.
Development build	Set up Android SDK	2025-12-28T23:09:55.5240655Z 
Development build	Set up Android SDK	2025-12-28T23:09:55.5241490Z 14.2 You agree that if Google does not exercise or enforce any legal right or remedy which is contained in the License Agreement (or which Google has the benefit of under any applicable law), this will not be taken to be a formal waiver of Google's rights and that those rights or remedies will still be available to Google.
Development build	Set up Android SDK	2025-12-28T23:09:55.5242406Z 
Development build	Set up Android SDK	2025-12-28T23:09:55.5243346Z 14.3 If any court of law, having the jurisdiction to decide on this matter, rules that any provision of the License Agreement is invalid, then that provision will be removed from the License Agreement without affecting the rest of the License Agreement. The remaining provisions of the License Agreement will continue to be valid and enforceable.
Development build	Set up Android SDK	2025-12-28T23:09:55.5244374Z 
Development build	Set up Android SDK	2025-12-28T23:09:55.5245829Z 14.4 You acknowledge and agree that each member of the group of companies of which Google is the parent shall be third party beneficiaries to the License Agreement and that such other companies shall be entitled to directly enforce, and rely upon, any provision of the License Agreement that confers a benefit on (or rights in favor of) them. Other than this, no other person or company shall be third party beneficiaries to the License Agreement.
Development build	Set up Android SDK	2025-12-28T23:09:55.5247158Z 
Development build	Set up Android SDK	2025-12-28T23:09:55.5247922Z 14.5 EXPORT RESTRICTIONS. THE PREVIEW IS SUBJECT TO UNITED STATES EXPORT LAWS AND REGULATIONS. YOU MUST COMPLY WITH ALL DOMESTIC AND INTERNATIONAL EXPORT LAWS AND REGULATIONS THAT APPLY TO THE PREVIEW. THESE LAWS INCLUDE RESTRICTIONS ON DESTINATIONS, END USERS AND END USE.
Development build	Set up Android SDK	2025-12-28T23:09:55.5248772Z 
Development build	Set up Android SDK	2025-12-28T23:09:55.5249653Z 14.6 The License Agreement may not be assigned or transferred by you without the prior written approval of Google, and any attempted assignment without such approval will be void. You shall not delegate your responsibilities or obligations under the License Agreement without the prior written approval of Google.
Development build	Set up Android SDK	2025-12-28T23:09:55.5250752Z 
Development build	Set up Android SDK	2025-12-28T23:09:55.5252323Z 14.7 The License Agreement, and your relationship with Google under the License Agreement, shall be governed by the laws of the State of California without regard to its conflict of laws provisions. You and Google agree to submit to the exclusive jurisdiction of the courts located within the county of Santa Clara, California to resolve any legal matter arising from the License Agreement. Notwithstanding this, you agree that Google shall still be allowed to apply for injunctive remedies (or an equivalent type of urgent legal relief) in any jurisdiction.
Development build	Set up Android SDK	2025-12-28T23:09:55.5253964Z 
Development build	Set up Android SDK	2025-12-28T23:09:55.5254033Z June 2014.
Development build	Set up Android SDK	2025-12-28T23:09:55.5254206Z ---------------------------------------
Development build	Set up Android SDK	2025-12-28T23:09:55.5254440Z Accept? (y/N): 
Development build	Set up Android SDK	2025-12-28T23:09:55.5254630Z 5/6: License google-gdk-license:
Development build	Set up Android SDK	2025-12-28T23:09:55.5254856Z ---------------------------------------
Development build	Set up Android SDK	2025-12-28T23:09:55.5255151Z This is a Developer Preview of the GDK that is subject to change.
Development build	Set up Android SDK	2025-12-28T23:09:55.5255707Z 
Development build	Set up Android SDK	2025-12-28T23:09:55.5255792Z Terms and Conditions
Development build	Set up Android SDK	2025-12-28T23:09:55.5255915Z 
Development build	Set up Android SDK	2025-12-28T23:09:55.5256031Z This is the Glass Development Kit License Agreement.
Development build	Set up Android SDK	2025-12-28T23:09:55.5256242Z 
Development build	Set up Android SDK	2025-12-28T23:09:55.5256311Z 1. Introduction
Development build	Set up Android SDK	2025-12-28T23:09:55.5256415Z 
Development build	Set up Android SDK	2025-12-28T23:09:55.5257492Z 1.1 The Glass Development Kit (referred to in this License Agreement as the "GDK" and specifically including the Android system files, packaged APIs, and GDK library files, if and when they are made available) is licensed to you subject to the terms of this License Agreement. This License Agreement forms a legally binding contract between you and Google in relation to your use of the GDK.
Development build	Set up Android SDK	2025-12-28T23:09:55.5258770Z 
Development build	Set up Android SDK	2025-12-28T23:09:55.5258970Z 1.2 "Glass" means Glass devices and the Glass software stack for use on Glass devices.
Development build	Set up Android SDK	2025-12-28T23:09:55.5259267Z 
Development build	Set up Android SDK	2025-12-28T23:09:55.5259272Z 
Development build	Set up Android SDK	2025-12-28T23:09:55.5259858Z 1.3 "Android" means the Android software stack for devices, as made available under the Android Open Source Project, which is located at the following URL: http://source.android.com/, as updated from time to time.
Development build	Set up Android SDK	2025-12-28T23:09:55.5260513Z 
Development build	Set up Android SDK	2025-12-28T23:09:55.5260921Z 1.4 "Google" means Google Inc., a Delaware corporation with principal place of business at 1600 Amphitheatre Parkway, Mountain View, CA 94043, United States.
Development build	Set up Android SDK	2025-12-28T23:09:55.5261423Z 
Development build	Set up Android SDK	2025-12-28T23:09:55.5261511Z 2. Accepting this License Agreement
Development build	Set up Android SDK	2025-12-28T23:09:55.5261674Z 
Development build	Set up Android SDK	2025-12-28T23:09:55.5262007Z 2.1 In order to use the GDK, you must first agree to this License Agreement. You may not use the GDK if you do not accept this License Agreement.
Development build	Set up Android SDK	2025-12-28T23:09:55.5262436Z 
Development build	Set up Android SDK	2025-12-28T23:09:55.5262622Z 2.2 By clicking to accept, you hereby agree to the terms of this License Agreement.
Development build	Set up Android SDK	2025-12-28T23:09:55.5262903Z 
Development build	Set up Android SDK	2025-12-28T23:09:55.5263543Z 2.3 You may not use the GDK and may not accept the License Agreement if you are a person barred from receiving the GDK under the laws of the United States or other countries including the country in which you are resident or from which you use the GDK.
Development build	Set up Android SDK	2025-12-28T23:09:55.5264278Z 
Development build	Set up Android SDK	2025-12-28T23:09:55.5265438Z 2.4 If you are agreeing to be bound by this License Agreement on behalf of your employer or other entity, you represent and warrant that you have full legal authority to bind your employer or such entity to this License Agreement. If you do not have the requisite authority, you may not accept the License Agreement or use the GDK on behalf of your employer or other entity.
Development build	Set up Android SDK	2025-12-28T23:09:55.5266517Z 
Development build	Set up Android SDK	2025-12-28T23:09:55.5266594Z 3. GDK License from Google
Development build	Set up Android SDK	2025-12-28T23:09:55.5266726Z 
Development build	Set up Android SDK	2025-12-28T23:09:55.5267405Z 3.1 Subject to the terms of this License Agreement, Google grants you a limited, worldwide, royalty-free, non-assignable and non-exclusive license to use the GDK solely to develop applications to run on the Glass platform for Glass devices.
Development build	Set up Android SDK	2025-12-28T23:09:55.5268275Z 
Development build	Set up Android SDK	2025-12-28T23:09:55.5269352Z 3.2 You agree that Google or third parties own all legal right, title and interest in and to the GDK, including any Intellectual Property Rights that subsist in the GDK. "Intellectual Property Rights" means any and all rights under patent law, copyright law, trade secret law, trademark law, and any and all other proprietary rights. Google reserves all rights not expressly granted to you.
Development build	Set up Android SDK	2025-12-28T23:09:55.5270502Z 
Development build	Set up Android SDK	2025-12-28T23:09:55.5272189Z 3.3 You may not use the GDK for any purpose not expressly permitted by this License Agreement. Except to the extent required by applicable third party licenses, you may not: (a) copy (except for backup purposes), modify, adapt, redistribute, decompile, reverse engineer, disassemble, or create derivative works of the GDK or any part of the GDK; or (b) load any part of the GDK onto a mobile handset or wearable computing device or any other hardware device except a Glass device personal computer, combine any part of the GDK with other software, or distribute any software or device incorporating a part of the GDK.
Development build	Set up Android SDK	2025-12-28T23:09:55.5273956Z 
Development build	Set up Android SDK	2025-12-28T23:09:55.5274618Z 3.4 You agree that you will not take any actions that may cause or result in the fragmentation of Glass, including but not limited to distributing, participating in the creation of, or promoting in any way a software development kit derived from the GDK.
Development build	Set up Android SDK	2025-12-28T23:09:55.5275591Z 
Development build	Set up Android SDK	2025-12-28T23:09:55.5276163Z 3.5 Use, reproduction and distribution of components of the GDK licensed under an open source software license are governed solely by the terms of that open source software license and not this License Agreement.
Development build	Set up Android SDK	2025-12-28T23:09:55.5276809Z 
Development build	Set up Android SDK	2025-12-28T23:09:55.5277965Z 3.6 You agree that the form and nature of the GDK that Google provides may change without prior notice to you and that future versions of the GDK may be incompatible with applications developed on previous versions of the GDK. You agree that Google may stop (permanently or temporarily) providing the GDK (or any features within the GDK) to you or to users generally at Google's sole discretion, without prior notice to you.
Development build	Set up Android SDK	2025-12-28T23:09:55.5279322Z 
Development build	Set up Android SDK	2025-12-28T23:09:55.5279773Z 3.7 Nothing in this License Agreement gives you a right to use any of Google's trade names, trademarks, service marks, logos, domain names, or other distinctive brand features.
Development build	Set up Android SDK	2025-12-28T23:09:55.5280304Z 
Development build	Set up Android SDK	2025-12-28T23:09:55.5280825Z 3.8 You agree that you will not remove, obscure, or alter any proprietary rights notices (including copyright and trademark notices) that may be affixed to or contained within the GDK.
Development build	Set up Android SDK	2025-12-28T23:09:55.5281399Z 
Development build	Set up Android SDK	2025-12-28T23:09:55.5281403Z 
Development build	Set up Android SDK	2025-12-28T23:09:55.5282407Z 3.9 Your use of any Android system files, packaged APIs, or other components of the GDK which are part of the Android Software Development Kit is subject to the terms of the Android Software Development Kit License Agreement located at http://developer.android.com/sdk/terms.html. These terms are hereby incorporated by reference into this License Agreement.
Development build	Set up Android SDK	2025-12-28T23:09:55.5283498Z 
Development build	Set up Android SDK	2025-12-28T23:09:55.5283569Z 4. Use of the GDK by You
Development build	Set up Android SDK	2025-12-28T23:09:55.5283696Z 
Development build	Set up Android SDK	2025-12-28T23:09:55.5284407Z 4.1 Google agrees that it obtains no right, title or interest from you (or your licensors) under this License Agreement in or to any software applications that you develop using the GDK, including any intellectual property rights that subsist in those applications.
Development build	Set up Android SDK	2025-12-28T23:09:55.5285374Z 
Development build	Set up Android SDK	2025-12-28T23:09:55.5286884Z 4.2 You agree to use the GDK and write applications only for purposes that are permitted by (a) this License Agreement, (b) the Glass Platform Developer Policies (located at https://developers.google.com/glass/policies, and hereby incorporated into this License Agreement by reference), and (c) any applicable law, regulation or generally accepted practices or guidelines in the relevant jurisdictions (including any laws regarding the export of data or software to and from the United States or other relevant countries).
Development build	Set up Android SDK	2025-12-28T23:09:55.5288596Z 
Development build	Set up Android SDK	2025-12-28T23:09:55.5290804Z 4.3 You agree that if you use the GDK to develop applications for general public users, you will protect the privacy and legal rights of those users. If the users provide you with user names, passwords, or other login information or personal information, you must make the users aware that the information will be available to your application, and you must provide legally adequate privacy notice and protection for those users. If your application stores personal or sensitive information provided by users, it must do so securely. If the user provides your application with Google Account information, your application may only use that information to access the user's Google Account when, and for the limited purposes for which, the user has given you permission to do so.
Development build	Set up Android SDK	2025-12-28T23:09:55.5293079Z 
Development build	Set up Android SDK	2025-12-28T23:09:55.5293944Z 4.4 You agree that you will not engage in any activity with the GDK, including the development or distribution of an application, that interferes with, disrupts, damages, or accesses in an unauthorized manner the servers, networks, or other properties or services of any third party including, but not limited to, Google.
Development build	Set up Android SDK	2025-12-28T23:09:55.5294902Z 
Development build	Set up Android SDK	2025-12-28T23:09:55.5295998Z 4.5 You agree that you are solely responsible for (and that Google has no responsibility to you or to any third party for) any data, content, or resources that you create, transmit or display through Glass and/or applications for Glass, and for the consequences of your actions (including any loss or damage which Google may suffer) by doing so.
Development build	Set up Android SDK	2025-12-28T23:09:55.5297009Z 
Development build	Set up Android SDK	2025-12-28T23:09:55.5298073Z 4.6 You agree that you are solely responsible for (and that Google has no responsibility to you or to any third party for) any breach of your obligations under this License Agreement, any applicable third party contract or Terms of Service, or any applicable law or regulation, and for the consequences (including any loss or damage which Google or any third party may suffer) of any such breach.
Development build	Set up Android SDK	2025-12-28T23:09:55.5299399Z 
Development build	Set up Android SDK	2025-12-28T23:09:55.5299403Z 
Development build	Set up Android SDK	2025-12-28T23:09:55.5300425Z 4.7 The GDK is in development, and your testing and feedback are an important part of the development process. By using the GDK, you acknowledge that implementation of some features are still under development and that you should not rely on the GDK, Glass devices, Glass system software, Google Mirror API, or Glass services having the full functionality of a stable release.
Development build	Set up Android SDK	2025-12-28T23:09:55.5301522Z 
Development build	Set up Android SDK	2025-12-28T23:09:55.5301607Z 5. Your Developer Credentials
Development build	Set up Android SDK	2025-12-28T23:09:55.5301749Z 
Development build	Set up Android SDK	2025-12-28T23:09:55.5302516Z 5.1 You agree that you are responsible for maintaining the confidentiality of any developer credentials that may be issued to you by Google or which you may choose yourself and that you will be solely responsible for all applications that are developed under your developer credentials.
Development build	Set up Android SDK	2025-12-28T23:09:55.5303569Z 
Development build	Set up Android SDK	2025-12-28T23:09:55.5303702Z 6. Privacy and Information
Development build	Set up Android SDK	2025-12-28T23:09:55.5303853Z 
Development build	Set up Android SDK	2025-12-28T23:09:55.5303857Z 
Development build	Set up Android SDK	2025-12-28T23:09:55.5305415Z 6.1 In order to continually innovate and improve the GDK, Google may collect certain usage statistics from the software including but not limited to a unique identifier, associated IP address, version number of the software, and information on which tools and/or services in the GDK are being used and how they are being used. Before any of this information is collected, the GDK will notify you and seek your consent. If you withhold consent, the information will not be collected.
Development build	Set up Android SDK	2025-12-28T23:09:55.5306869Z 
Development build	Set up Android SDK	2025-12-28T23:09:55.5307212Z 6.2 The data collected is examined in the aggregate to improve the GDK and is maintained in accordance with Google's Privacy Policy.
Development build	Set up Android SDK	2025-12-28T23:09:55.5307892Z 
Development build	Set up Android SDK	2025-12-28T23:09:55.5307982Z 7. Third Party Applications
Development build	Set up Android SDK	2025-12-28T23:09:55.5308130Z 
Development build	Set up Android SDK	2025-12-28T23:09:55.5310006Z 7.1 If you use the GDK to run applications developed by a third party or that access data, content or resources provided by a third party, you agree that Google is not responsible for those applications, data, content, or resources. You understand that all data, content or resources which you may access through such third party applications are the sole responsibility of the person from which they originated and that Google is not liable for any loss or damage that you may experience as a result of the use or access of any of those third party applications, data, content, or resources.
Development build	Set up Android SDK	2025-12-28T23:09:55.5311879Z 
Development build	Set up Android SDK	2025-12-28T23:09:55.5313212Z 7.2 You should be aware the data, content, and resources presented to you through such a third party application may be protected by intellectual property rights which are owned by the providers (or by other persons or companies on their behalf). You may not modify, rent, lease, loan, sell, distribute or create derivative works based on these data, content, or resources (either in whole or in part) unless you have been specifically given permission to do so by the relevant owners.
Development build	Set up Android SDK	2025-12-28T23:09:55.5314623Z 
Development build	Set up Android SDK	2025-12-28T23:09:55.5315571Z 7.3 You acknowledge that your use of such third party applications, data, content, or resources may be subject to separate terms between you and the relevant third party. In that case, this License Agreement does not affect your legal relationship with these third parties.
Development build	Set up Android SDK	2025-12-28T23:09:55.5316399Z 
Development build	Set up Android SDK	2025-12-28T23:09:55.5316477Z 8. Using Google APIs
Development build	Set up Android SDK	2025-12-28T23:09:55.5316600Z 
Development build	Set up Android SDK	2025-12-28T23:09:55.5316670Z 8.1 Google APIs
Development build	Set up Android SDK	2025-12-28T23:09:55.5316776Z 
Development build	Set up Android SDK	2025-12-28T23:09:55.5318110Z 8.1.1 If you use any API to retrieve data from Google, you acknowledge that the data may be protected by intellectual property rights which are owned by Google or those parties that provide the data (or by other persons or companies on their behalf). Your use of any such API may be subject to additional Terms of Service. You may not modify, rent, lease, loan, sell, distribute or create derivative works based on this data (either in whole or in part) unless allowed by the relevant Terms of Service.
Development build	Set up Android SDK	2025-12-28T23:09:55.5319664Z 
Development build	Set up Android SDK	2025-12-28T23:09:55.5320321Z 8.1.2 If you use any API to retrieve a user's data from Google, you acknowledge and agree that you shall retrieve data only with the user's explicit consent and only when, and for the limited purposes for which, the user has given you permission to do so.
Development build	Set up Android SDK	2025-12-28T23:09:55.5321051Z 
Development build	Set up Android SDK	2025-12-28T23:09:55.5321147Z 9. Terminating this License Agreement
Development build	Set up Android SDK	2025-12-28T23:09:55.5321312Z 
Development build	Set up Android SDK	2025-12-28T23:09:55.5321585Z 9.1 This License Agreement will continue to apply until terminated by either you or Google as set out below.
Development build	Set up Android SDK	2025-12-28T23:09:55.5321944Z 
Development build	Set up Android SDK	2025-12-28T23:09:55.5322270Z 9.2 If you want to terminate this License Agreement, you may do so by ceasing your use of the GDK and any relevant developer credentials.
Development build	Set up Android SDK	2025-12-28T23:09:55.5322688Z 
Development build	Set up Android SDK	2025-12-28T23:09:55.5324383Z 9.3 Google may at any time, terminate this License Agreement with you if: (A) you have breached any provision of this License Agreement; or (B) Google is required to do so by law; or (C) the partner with whom Google offered certain parts of GDK (such as APIs) to you has terminated its relationship with Google or ceased to offer certain parts of the GDK to you; or (D) Google decides to no longer provide the GDK or certain parts of the GDK to users in the country in which you are resident or from which you use the service, or the provision of the GDK or certain GDK services to you by Google is, in Google's sole discretion, no longer commercially viable.
Development build	Set up Android SDK	2025-12-28T23:09:55.5326351Z 
Development build	Set up Android SDK	2025-12-28T23:09:55.5327590Z 9.4 When this License Agreement comes to an end, all of the legal rights, obligations and liabilities that you and Google have benefited from, been subject to (or which have accrued over time whilst this License Agreement has been in force) or which are expressed to continue indefinitely, shall be unaffected by this cessation, and the provisions of paragraph 14.7 shall continue to apply to such rights, obligations and liabilities indefinitely.
Development build	Set up Android SDK	2025-12-28T23:09:55.5329040Z 
Development build	Set up Android SDK	2025-12-28T23:09:55.5329123Z 10. DISCLAIMER OF WARRANTIES
Development build	Set up Android SDK	2025-12-28T23:09:55.5329269Z 
Development build	Set up Android SDK	2025-12-28T23:09:55.5329704Z 10.1 YOU EXPRESSLY UNDERSTAND AND AGREE THAT YOUR USE OF THE GDK IS AT YOUR SOLE RISK AND THAT THE GDK IS PROVIDED "AS IS" AND "AS AVAILABLE" WITHOUT WARRANTY OF ANY KIND FROM GOOGLE.
Development build	Set up Android SDK	2025-12-28T23:09:55.5330216Z 
Development build	Set up Android SDK	2025-12-28T23:09:55.5330904Z 10.2 YOUR USE OF THE GDK AND ANY MATERIAL DOWNLOADED OR OTHERWISE OBTAINED THROUGH THE USE OF THE GDK IS AT YOUR OWN DISCRETION AND RISK AND YOU ARE SOLELY RESPONSIBLE FOR ANY DAMAGE TO YOUR COMPUTER SYSTEM OR OTHER DEVICE OR LOSS OF DATA THAT RESULTS FROM SUCH USE.
Development build	Set up Android SDK	2025-12-28T23:09:55.5331667Z 
Development build	Set up Android SDK	2025-12-28T23:09:55.5332372Z 10.3 GOOGLE FURTHER EXPRESSLY DISCLAIMS ALL WARRANTIES AND CONDITIONS OF ANY KIND, WHETHER EXPRESS OR IMPLIED, INCLUDING, BUT NOT LIMITED TO THE IMPLIED WARRANTIES AND CONDITIONS OF MERCHANTABILITY, FITNESS FOR A PARTICULAR PURPOSE AND NON-INFRINGEMENT.
Development build	Set up Android SDK	2025-12-28T23:09:55.5333173Z 
Development build	Set up Android SDK	2025-12-28T23:09:55.5333268Z 11. LIMITATION OF LIABILITY
Development build	Set up Android SDK	2025-12-28T23:09:55.5333404Z 
Development build	Set up Android SDK	2025-12-28T23:09:55.5334603Z 11.1 YOU EXPRESSLY UNDERSTAND AND AGREE THAT GOOGLE, ITS SUBSIDIARIES AND AFFILIATES, AND ITS LICENSORS SHALL NOT BE LIABLE TO YOU UNDER ANY THEORY OF LIABILITY FOR ANY DIRECT, INDIRECT, INCIDENTAL, SPECIAL, CONSEQUENTIAL OR EXEMPLARY DAMAGES THAT MAY BE INCURRED BY YOU, INCLUDING ANY LOSS OF DATA, WHETHER OR NOT GOOGLE OR ITS REPRESENTATIVES HAVE BEEN ADVISED OF OR SHOULD HAVE BEEN AWARE OF THE POSSIBILITY OF ANY SUCH LOSSES ARISING.
Development build	Set up Android SDK	2025-12-28T23:09:55.5336108Z 
Development build	Set up Android SDK	2025-12-28T23:09:55.5336193Z 12. Indemnification
Development build	Set up Android SDK	2025-12-28T23:09:55.5336306Z 
Development build	Set up Android SDK	2025-12-28T23:09:55.5338306Z 12.1 To the maximum extent permitted by law, you agree to defend, indemnify and hold harmless Google, its affiliates and their respective directors, officers, employees and agents from and against any and all claims, actions, suits or proceedings, as well as any and all losses, liabilities, damages, costs and expenses (including reasonable attorneys fees) arising out of or accruing from (a) your use of the GDK, (b) any application you develop on the GDK that infringes any copyright, trademark, trade secret, trade dress, patent or other intellectual property right of any person or defames any person or violates their rights of publicity or privacy, and (c) any non-compliance by you with this License Agreement.
Development build	Set up Android SDK	2025-12-28T23:09:55.5340534Z 
Development build	Set up Android SDK	2025-12-28T23:09:55.5340617Z 13. Changes to the License Agreement
Development build	Set up Android SDK	2025-12-28T23:09:55.5340784Z 
Development build	Set up Android SDK	2025-12-28T23:09:55.5341406Z 13.1 Google may make changes to the License Agreement as it distributes new versions of the GDK. When these changes are made, Google will make a new version of the License Agreement available on the website where the GDK is made available.
Development build	Set up Android SDK	2025-12-28T23:09:55.5342112Z 
Development build	Set up Android SDK	2025-12-28T23:09:55.5342190Z 14. General Legal Terms
Development build	Set up Android SDK	2025-12-28T23:09:55.5342309Z 
Development build	Set up Android SDK	2025-12-28T23:09:55.5343154Z 14.1 This License Agreement constitutes the whole legal agreement between you and Google and governs your use of the GDK (excluding any services which Google may provide to you under a separate written agreement), and completely replaces any prior agreements between you and Google in relation to the GDK.
Development build	Set up Android SDK	2025-12-28T23:09:55.5344089Z 
Development build	Set up Android SDK	2025-12-28T23:09:55.5344928Z 14.2 You agree that if Google does not exercise or enforce any legal right or remedy which is contained in this License Agreement (or which Google has the benefit of under any applicable law), this will not be taken to be a formal waiver of Google's rights and that those rights or remedies will still be available to Google.
Development build	Set up Android SDK	2025-12-28T23:09:55.5346077Z 
Development build	Set up Android SDK	2025-12-28T23:09:55.5347035Z 14.3 If any court of law, having the jurisdiction to decide on this matter, rules that any provision of this License Agreement is invalid, then that provision will be removed from this License Agreement without affecting the rest of this License Agreement. The remaining provisions of this License Agreement will continue to be valid and enforceable.
Development build	Set up Android SDK	2025-12-28T23:09:55.5348197Z 
Development build	Set up Android SDK	2025-12-28T23:09:55.5349428Z 14.4 You acknowledge and agree that each member of the group of companies of which Google is the parent shall be third party beneficiaries to this License Agreement and that such other companies shall be entitled to directly enforce, and rely upon, any provision of this License Agreement that confers a benefit on (or rights in favor of) them. Other than this, no other person or company shall be third party beneficiaries to this License Agreement.
Development build	Set up Android SDK	2025-12-28T23:09:55.5350722Z 
Development build	Set up Android SDK	2025-12-28T23:09:55.5351452Z 14.5 EXPORT RESTRICTIONS. THE GDK IS SUBJECT TO UNITED STATES EXPORT LAWS AND REGULATIONS. YOU MUST COMPLY WITH ALL DOMESTIC AND INTERNATIONAL EXPORT LAWS AND REGULATIONS THAT APPLY TO THE GDK. THESE LAWS INCLUDE RESTRICTIONS ON DESTINATIONS, END USERS AND END USE.
Development build	Set up Android SDK	2025-12-28T23:09:55.5352263Z 
Development build	Set up Android SDK	2025-12-28T23:09:55.5353214Z 14.6 The rights granted in this License Agreement may not be assigned or transferred by either you or Google without the prior written approval of the other party. Neither you nor Google shall be permitted to delegate their responsibilities or obligations under this License Agreement without the prior written approval of the other party.
Development build	Set up Android SDK	2025-12-28T23:09:55.5354253Z 
Development build	Set up Android SDK	2025-12-28T23:09:55.5355946Z 14.7 This License Agreement, and your relationship with Google under this License Agreement, shall be governed by the laws of the State of California without regard to its conflict of laws provisions. You and Google agree to submit to the exclusive jurisdiction of the courts located within the county of Santa Clara, California to resolve any legal matter arising from this License Agreement. Notwithstanding this, you agree that Google shall still be allowed to apply for injunctive remedies (or an equivalent type of urgent legal relief) in any jurisdiction.
Development build	Set up Android SDK	2025-12-28T23:09:55.5357722Z 
Development build	Set up Android SDK	2025-12-28T23:09:55.5357790Z November 19, 2013
Development build	Set up Android SDK	2025-12-28T23:09:55.5357975Z ---------------------------------------
Development build	Set up Android SDK	2025-12-28T23:09:55.5358202Z Accept? (y/N): 
Development build	Set up Android SDK	2025-12-28T23:09:55.5358410Z 6/6: License mips-android-sysimage-license:
Development build	Set up Android SDK	2025-12-28T23:09:55.5358657Z ---------------------------------------
Development build	Set up Android SDK	2025-12-28T23:09:55.5360514Z MIPS Technologies, Inc. (ÔÇ£MIPSÔÇØ) Internal Evaluation License Agreement for MIPS AndroidÔäó System Images for Android Software Development Kit (SDK): This Internal Evaluation License Agreement (this "Agreement") is entered into by and between MIPS and you (as an individual developer or a legal entity -- identified below as ÔÇ£RecipientÔÇØ). MIPS shall make the Evaluation Software available to Recipient as described in accordance with the terms and conditions set forth below.
Development build	Set up Android SDK	2025-12-28T23:09:55.5361941Z 
Development build	Set up Android SDK	2025-12-28T23:09:55.5363628Z By clicking on the ÔÇ£AcceptÔÇØ button, downloading, installing, or otherwise using the Evaluation Materials (defined below), you agree to be bound by the terms of this Agreement effective as of the date you click ÔÇ£AcceptÔÇØ (the ÔÇ£Effective DateÔÇØ), and if doing so on behalf of an entity, you represent that you are authorized to bind the entity to the terms and conditions of this Agreement. If you do not agree to be bound by the terms and conditions of this Agreement, do not download, install, or use the Evaluation Materials.
Development build	Set up Android SDK	2025-12-28T23:09:55.5365121Z 
Development build	Set up Android SDK	2025-12-28T23:09:55.5365377Z 1. DEFINITIONS. These terms shall have the following meanings:
Development build	Set up Android SDK	2025-12-28T23:09:55.5365610Z 
Development build	Set up Android SDK	2025-12-28T23:09:55.5366118Z 1.1 ÔÇ£MIPSÔÇØ shall mean MIPS Technologies, Inc., a Delaware corporation having a principal place of business at: 955 East Arques Ave., Sunnyvale, CA 94085
Development build	Set up Android SDK	2025-12-28T23:09:55.5366608Z 
Development build	Set up Android SDK	2025-12-28T23:09:55.5367106Z 1.2 ÔÇ£Evaluation SoftwareÔÇØ shall mean MIPS AndroidÔäó emulator system images for Android Software Development Kit (SDK), as made available to Recipient.
Development build	Set up Android SDK	2025-12-28T23:09:55.5367598Z 
Development build	Set up Android SDK	2025-12-28T23:09:55.5368675Z 1.3 ÔÇ£Evaluation Materials" means, collectively, the Evaluation Software (in source and/or object code form) and documentation (including, without limitation, any design documents, specifications, reference manuals, and other related materials) related to the Evaluation Software as made available to Recipient.
Development build	Set up Android SDK	2025-12-28T23:09:55.5369846Z 
Development build	Set up Android SDK	2025-12-28T23:09:55.5373190Z 1.4 ÔÇ£Open Source SoftwareÔÇØ means any software that requires (as a condition of use, modification and/or distribution of such software) that such software or other software incorporated into, derived from or distributed with such software (a) be disclosed or distributed in source code form; or (b) be licensed by the user to third parties for the purpose of making and/or distributing derivative works; or (c) be redistributable at no charge. Open Source Software includes, without limitation, software licensed or distributed under any of the following licenses or distribution models, or licenses or distribution models substantially similar to any of the following: (a) GNUÔÇÖs General Public License (GPL) or Lesser/Library GPL (LGPL), (b) the Artistic License (e.g., PERL), (c) the Mozilla Public License, (d) the Netscape Public License, (e) the Sun Community Source License (SCSL), (f) the Sun Industry Source License (SISL), (g) the Apache Software license and (h) the Common Public License (CPL).
Development build	Set up Android SDK	2025-12-28T23:09:55.5376333Z 
Development build	Set up Android SDK	2025-12-28T23:09:55.5377354Z 1.5 ÔÇ£Pre-Release MaterialsÔÇØ means ÔÇ£alphaÔÇØ or ÔÇ£betaÔÇØ designated pre-release features, which may not be fully functional, which MIPS may substantially modify in producing any production version of the Evaluation Materials, and/or which is still under development by MIPS and/or MIPSÔÇÖ suppliers.
Development build	Set up Android SDK	2025-12-28T23:09:55.5378266Z 
Development build	Set up Android SDK	2025-12-28T23:09:55.5379923Z 2. PURPOSE. MIPS desires to make the Evaluation Materials available to Recipient solely for Recipient's internal evaluation of the Evaluation Software to evaluate the desirability of cooperating with MIPS in developing products that are compatible with the Evaluation Software and/or to advise MIPS as to possible modifications to the Evaluation Software. Recipient may not disclose, distribute, modify (except to facilitate the above-mentioned internal evaluation), or make commercial use of the Evaluation Materials or any modifications of the Evaluation Materials.
Development build	Set up Android SDK	2025-12-28T23:09:55.5381849Z 
Development build	Set up Android SDK	2025-12-28T23:09:55.5383088Z THE EVALUATION MATERIALS ARE PROVIDED FOR EVALUATION PURPOSES ONLY AND MAY NOT BE MODIFIED (EXCEPT TO FACILITATE THE INTERNAL EVALUATION) OR DISTRIBUTED BY RECIPIENT OR INCORPORATED INTO RECIPIENTÔÇÖS PRODUCTS OR SOFTWARE. PLEASE CONTACT A MIPS SALES REPRESENTATIVE TO LEARN ABOUT THE AVAILABILITY AND COST OF A COMMERCIAL VERSION OF THE EVALUATION SOFTWARE.
Development build	Set up Android SDK	2025-12-28T23:09:55.5384195Z 
Development build	Set up Android SDK	2025-12-28T23:09:55.5384983Z 3. TITLE. Title to the Evaluation Materials remains with MIPS or its suppliers. Recipient shall not mortgage, pledge or encumber the Evaluation Materials in any way. Recipient shall return all Evaluation Materials, keeping no copies, upon termination or expiration of this Agreement.
Development build	Set up Android SDK	2025-12-28T23:09:55.5386067Z 
Development build	Set up Android SDK	2025-12-28T23:09:55.5389383Z 4. LICENSE. MIPS grants Recipient a royalty-free, personal, nontransferable, nonexclusive license under its copyrights to use the Evaluation Software only for the purposes described in paragraph 2 above and only for a period beginning on the Effective Date and extending to the first anniversary of the Effective Date (the ÔÇ£Evaluation PeriodÔÇØ). Unless otherwise communicated in writing by MIPS to Recipient, to the extent the Evaluation Software is provided in more than one delivery or release (each, a ÔÇ£ReleaseÔÇØ) the license grant in this Section 4 and the Evaluation Period shall apply to each Release, in which case the Evaluation Period shall begin on the date that the Release is made generally available and continue to the first anniversary of such date. Recipient may not make modifications to the Evaluation Software. Recipient shall not disassemble, reverse-engineer, or decompile any software that is not provided to Recipient in source code form.
Development build	Set up Android SDK	2025-12-28T23:09:55.5393180Z 
Development build	Set up Android SDK	2025-12-28T23:09:55.5393196Z 
Development build	Set up Android SDK	2025-12-28T23:09:55.5394149Z EXCEPT AS PROVIDED HEREIN, NO OTHER LICENSE, EXPRESS OR IMPLIED, BY ESTOPPEL OR OTHERWISE, TO ANY OTHER MIPS INTELLECTUAL PROPERTY RIGHTS IS GRANTED TO THE RECIPIENT. OTHER THAN AS EXPLICITLY SET FORTH IN PARAGRAPH 2 ABOVE, NO RIGHT TO COPY, TO REPRODUCE, TO MODIFY, OR TO CREATE DERIVATIVE WORKS OF, THE EVALUATION MATERIALS IS GRANTED HEREIN.
Development build	Set up Android SDK	2025-12-28T23:09:55.5395581Z 
Development build	Set up Android SDK	2025-12-28T23:09:55.5396300Z 5. NO OBLIGATION. Recipient shall have no duty to purchase or license any product from MIPS. MIPS and its suppliers shall have no obligation to provide support for, or develop a non-evaluation version of, the Evaluation Software or to license any version of it.
Development build	Set up Android SDK	2025-12-28T23:09:55.5397098Z 
Development build	Set up Android SDK	2025-12-28T23:09:55.5400980Z 6. MODIFICATIONS. This Agreement does not obligate Recipient to provide MIPS with comments or suggestions regarding Evaluation Materials. However, should Recipient provide MIPS with comments or suggestions for the modification, correction, improvement or enhancement of (a) the Evaluation Materials or (b) MIPS products or processes which may embody the Evaluation Materials, then Recipient agrees to grant and hereby grants to MIPS a non-exclusive, irrevocable, worldwide, fully paid-up, royalty-free license, with the right to sublicense MIPSÔÇÖ licensees and customers, under RecipientÔÇÖs Intellectual property rights, to use and disclose such comments and suggestions in any manner MIPS chooses and to display, perform, copy, make, have made, use, sell, offer to sell, import, and otherwise dispose of MIPSÔÇÖ and its sublicenseeÔÇÖs products embodying such comments and suggestions in any manner and via any media MIPS chooses, without reference to the source.
Development build	Set up Android SDK	2025-12-28T23:09:55.5406191Z 
Development build	Set up Android SDK	2025-12-28T23:09:55.5407850Z 7. WARRANTY DISCLAIMER. MIPS AND ITS SUPPLIERS MAKE NO WARRANTIES WITH RESPECT TO EVALUATION MATERIALS, EITHER EXPRESS OR IMPLIED, INCLUDING ANY IMPLIED WARRANTIES OF MERCHANTABILITY OR FITNESS FOR A PARTICULAR PURPOSE, OR ANY IMPLIED WARRANTY OF NONINFRINGEMENT WITH RESPECT TO THIRD PARTY INTELLECTUAL PROPERTY. RECIPIENT ACKNOWLEDGES AND AGREES THAT THE EVALUATION MATERIALS ARE PROVIDED ÔÇ£AS IS,ÔÇØ WITHOUT WARRANTY OF ANY KIND.
Development build	Set up Android SDK	2025-12-28T23:09:55.5409415Z 
Development build	Set up Android SDK	2025-12-28T23:09:55.5411072Z 8. LIMITATION OF LIABILITY. MIPS AND ITS SUPPLIERS SHALL NOT BE LIABLE FOR ANY PROPERTY DAMAGE, PERSONAL INJURY, LOSS OF PROFITS, INTERRUPTION OF BUSINESS OR FOR ANY DIRECT, INDIRECT, SPECIAL, CONSEQUENTIAL OR INCIDENTAL DAMAGES, HOWEVER CAUSED OR ALLEGED, WHETHER FOR BREACH OF WARRANTY, CONTRACT, STRICT LIABILITY OR OTHERWISE, INCLUDING WITHOUT LIMITATION, UNDER TORT OR OTHER LEGAL THEORY. MIPS AND ITS SUPPLIERS DISCLAIM ANY AND ALL LIABILITY, INCLUDING LIABILITY FOR INFRINGEMENT OF ANY INTELLECTUAL PROPERTY RIGHTS OF ANY KIND RELATING TO THE EVALUATION MATERIALS.
Development build	Set up Android SDK	2025-12-28T23:09:55.5412789Z 
Development build	Set up Android SDK	2025-12-28T23:09:55.5413427Z 9. EXPIRATION. MIPS may terminate this Agreement immediately after a breach by Recipient or otherwise at MIPSÔÇÖ reasonable discretion and upon five (5) business daysÔÇÖ notice to Recipient.
Development build	Set up Android SDK	2025-12-28T23:09:55.5414035Z 
Development build	Set up Android SDK	2025-12-28T23:09:55.5414101Z 10. GENERAL.
Development build	Set up Android SDK	2025-12-28T23:09:55.5414215Z 
Development build	Set up Android SDK	2025-12-28T23:09:55.5417389Z 10.1 Controlling Law. This Agreement shall be governed by California law excluding its choice of law rules. With the exception of MIPSÔÇÖ rights to enforce its intellectual property rights and any confidentiality obligations under this Agreement or any licenses distributed with the Evaluation Materials, all disputes and any claims arising under or relating to this Agreement shall be subject to the exclusive jurisdiction and venue of the state and federal courts located in Santa Clara County, California. Each party hereby agrees to jurisdiction and venue in the courts set forth in the preceding sentence. The parties agree that the United Nations Convention on Contracts for the International Sale of Goods is specifically excluded from application to this Agreement. The parties consent to the personal jurisdiction of the above courts.
Development build	Set up Android SDK	2025-12-28T23:09:55.5419930Z 
Development build	Set up Android SDK	2025-12-28T23:09:55.5421660Z 10.2 Remedies. Recipient acknowledges and agrees that any breach of confidentiality obligations under this Agreement or any licenses distributed with the Evaluation Materials, as well as any disclosure, commercialization, or public use of the Evaluation Materials, would cause irreparable injury to MIPS, and therefore Recipient agrees to consent to, and hereby consents to, the grant of an injunction by any court of competent jurisdiction in the event of an actual or threatened breach.
Development build	Set up Android SDK	2025-12-28T23:09:55.5424584Z 
Development build	Set up Android SDK	2025-12-28T23:09:55.5426765Z 10.3 Assignment. Recipient may not delegate, assign or transfer this Agreement, the license granted or any of RecipientÔÇÖs rights, obligations, or duties hereunder, expressly, by implication, by operation of law, by way of merger (regardless of whether Recipient is the surviving entity) or acquisition, or otherwise and any attempt to do so, without MIPSÔÇÖ express prior written consent, shall be ineffective, null and void. MIPS may freely assign this Agreement, and its rights and obligations hereunder, in its sole discretion.
Development build	Set up Android SDK	2025-12-28T23:09:55.5428362Z 
Development build	Set up Android SDK	2025-12-28T23:09:55.5429687Z 10.4 Entire Agreement. This Agreement constitutes the entire agreement between Recipient and MIPS and supersedes in their entirety any and all oral or written agreements previously existing between Recipient and MIPS with respect to the subject matter hereof. This Agreement may only be amended or supplemented by a writing that refers explicitly to this Agreement and that is signed or otherwise accepted by duly authorized representatives of Recipient and MIPS.
Development build	Set up Android SDK	2025-12-28T23:09:55.5431083Z 
Development build	Set up Android SDK	2025-12-28T23:09:55.5432763Z 10.5 Severability. In the event that any provision of this Agreement is finally adjudicated to be unenforceable or invalid under any applicable law, such unenforceability or invalidity shall not render this Agreement unenforceable or invalid as a whole, and, in such event, such unenforceable or invalid provision shall be interpreted so as to best accomplish the objectives of such provision within the limits of applicable law or applicable court decisions.
Development build	Set up Android SDK	2025-12-28T23:09:55.5434495Z 
Development build	Set up Android SDK	2025-12-28T23:09:55.5439302Z 10.6 Export Regulations / Export Control. Recipient shall not export, either directly or indirectly, any product, service or technical data or system incorporating the Evaluation Materials without first obtaining any required license or other necessary approval from the U.S. Department of Commerce or any other governing agency or department of the United States Government. In the event any product is exported from the United States or re-exported from a foreign destination by Recipient, Recipient shall ensure that the distribution and export/re-export or import of the product is in compliance with all applicable laws, regulations, orders, or other restrictions of the U.S. Export Administration Regulations and the appropriate foreign government. Recipient agrees that neither it nor any of its subsidiaries will export/re-export any technical data, process, product, or service, directly or indirectly, to any country for which the United States government or any agency thereof or the foreign government from where it is shipping requires an export license, or other governmental approval, without first obtaining such license or approval. Recipient also agrees to implement measures to ensure that foreign national employees are authorized to receive any information controlled by U.S. export control laws. An export is "deemed" to take place when information is released to a foreign national wherever located.
Development build	Set up Android SDK	2025-12-28T23:09:55.5444002Z 
Development build	Set up Android SDK	2025-12-28T23:09:55.5447595Z 10.7 Special Terms for Pre-Release Materials. If so indicated in the description of the Evaluation Software, the Evaluation Software may contain Pre-Release Materials. Recipient hereby understands, acknowledges and agrees that: (i) Pre-Release Materials may not be fully tested and may contain bugs or errors; (ii) Pre-Release materials are not suitable for commercial release in their current state; (iii) regulatory approvals for Pre-Release Materials (such as UL or FCC) have not been obtained, and Pre-Release Materials may therefore not be certified for use in certain countries or environments or may not be suitable for certain applications and (iv) MIPS can provide no assurance that it will ever produce or make generally available a production version of the Pre-Release Materials . MIPS is not under any obligation to develop and/or release or offer for sale or license a final product based upon the Pre-Release Materials and may unilaterally elect to abandon the Pre-Release Materials or any such development platform at any time and without any obligation or liability whatsoever to Recipient or any other person.
Development build	Set up Android SDK	2025-12-28T23:09:55.5451214Z 
Development build	Set up Android SDK	2025-12-28T23:09:55.5451845Z ANY PRE-RELEASE MATERIALS ARE NON-QUALIFIED AND, AS SUCH, ARE PROVIDED ÔÇ£AS ISÔÇØ AND ÔÇ£AS AVAILABLEÔÇØ, POSSIBLY WITH FAULTS, AND WITHOUT REPRESENTATION OR WARRANTY OF ANY KIND.
Development build	Set up Android SDK	2025-12-28T23:09:55.5452398Z 
Development build	Set up Android SDK	2025-12-28T23:09:55.5454231Z 10.8 Open Source Software. In the event Open Source software is included with Evaluation Software, such Open Source software is licensed pursuant to the applicable Open Source software license agreement identified in the Open Source software comments in the applicable source code file(s) and/or file header as indicated in the Evaluation Software. Additional detail may be available (where applicable) in the accompanying on-line documentation. With respect to the Open Source software, nothing in this Agreement limits any rights under, or grants rights that supersede, the terms of any applicable Open Source software license agreement.
Development build	Set up Android SDK	2025-12-28T23:09:55.5456405Z ---------------------------------------
Development build	Set up Android SDK	2025-12-28T23:09:55.5456679Z Accept? (y/N): All SDK package licenses accepted
Development build	Set up Android SDK	2025-12-28T23:09:55.5456866Z 
Development build	Set up Android SDK	2025-12-28T23:09:55.5457081Z [command]/usr/local/lib/android/sdk/cmdline-tools/16.0/bin/sdkmanager tools
Development build	Set up Android SDK	2025-12-28T23:09:56.2561522Z Loading package information...                                                  
Development build	Set up Android SDK	2025-12-28T23:09:56.3319359Z Loading local repository...                                                     
Development build	Set up Android SDK	2025-12-28T23:09:56.3327588Z [                                       ] 3% Loading local repository...        
Development build	Set up Android SDK	2025-12-28T23:09:56.3358883Z [                                       ] 3% Fetch remote repository...         
Development build	Set up Android SDK	2025-12-28T23:09:56.7110286Z [=                                      ] 3% Fetch remote repository...         
Development build	Set up Android SDK	2025-12-28T23:09:56.7898351Z [=                                      ] 4% Fetch remote repository...         
Development build	Set up Android SDK	2025-12-28T23:09:56.8234623Z [=                                      ] 5% Fetch remote repository...         
Development build	Set up Android SDK	2025-12-28T23:09:56.8764118Z [==                                     ] 5% Fetch remote repository...         
Development build	Set up Android SDK	2025-12-28T23:09:56.9574920Z [==                                     ] 6% Fetch remote repository...         
Development build	Set up Android SDK	2025-12-28T23:09:57.0621349Z [==                                     ] 7% Fetch remote repository...         
Development build	Set up Android SDK	2025-12-28T23:09:57.0622044Z [==                                     ] 7% Computing updates...               
Development build	Set up Android SDK	2025-12-28T23:09:57.0748067Z [===                                    ] 8% Computing updates...               
Development build	Set up Android SDK	2025-12-28T23:09:57.0878841Z [===                                    ] 10% Computing updates...              
Development build	Set up Android SDK	2025-12-28T23:09:58.7924548Z [===                                    ] 10% Installing Android Emulator       
Development build	Set up Android SDK	2025-12-28T23:09:58.9932624Z [===                                    ] 10% Downloading emulator-linux_x64-144
Development build	Set up Android SDK	2025-12-28T23:09:59.0874872Z [====                                   ] 10% Downloading emulator-linux_x64-144
Development build	Set up Android SDK	2025-12-28T23:09:59.2728350Z [====                                   ] 11% Downloading emulator-linux_x64-144
Development build	Set up Android SDK	2025-12-28T23:09:59.4661827Z [====                                   ] 12% Downloading emulator-linux_x64-144
Development build	Set up Android SDK	2025-12-28T23:09:59.6485539Z [=====                                  ] 13% Downloading emulator-linux_x64-144
Development build	Set up Android SDK	2025-12-28T23:09:59.8156433Z [=====                                  ] 14% Downloading emulator-linux_x64-144
Development build	Set up Android SDK	2025-12-28T23:09:59.9173813Z [=====                                  ] 15% Downloading emulator-linux_x64-144
Development build	Set up Android SDK	2025-12-28T23:10:00.0043582Z [======                                 ] 15% Downloading emulator-linux_x64-144
Development build	Set up Android SDK	2025-12-28T23:10:00.1863381Z [======                                 ] 16% Downloading emulator-linux_x64-144
Development build	Set up Android SDK	2025-12-28T23:10:00.3693809Z [======                                 ] 17% Downloading emulator-linux_x64-144
Development build	Set up Android SDK	2025-12-28T23:10:00.5480863Z [=======                                ] 18% Downloading emulator-linux_x64-144
Development build	Set up Android SDK	2025-12-28T23:10:00.7326535Z [=======                                ] 19% Downloading emulator-linux_x64-144
Development build	Set up Android SDK	2025-12-28T23:10:00.8181016Z [=======                                ] 20% Downloading emulator-linux_x64-144
Development build	Set up Android SDK	2025-12-28T23:10:00.9138946Z [========                               ] 20% Downloading emulator-linux_x64-144
Development build	Set up Android SDK	2025-12-28T23:10:01.0341779Z [========                               ] 21% Downloading emulator-linux_x64-144
Development build	Set up Android SDK	2025-12-28T23:10:01.0969883Z [========                               ] 21% Unzipping...                      
Development build	Set up Android SDK	2025-12-28T23:10:01.0971650Z [========                               ] 21% Unzipping... emulator/            
Development build	Set up Android SDK	2025-12-28T23:10:01.0972451Z [========                               ] 21% Unzipping... emulator/resources/  
Development build	Set up Android SDK	2025-12-28T23:10:01.1387863Z [========                               ] 21% Unzipping... emulator/qsn         
Development build	Set up Android SDK	2025-12-28T23:10:01.1518974Z [========                               ] 21% Unzipping... emulator/emulator    
Development build	Set up Android SDK	2025-12-28T23:10:01.2216171Z [========                               ] 21% Unzipping... emulator/netsimd     
Development build	Set up Android SDK	2025-12-28T23:10:01.2924221Z [========                               ] 22% Unzipping... emulator/netsimd     
Development build	Set up Android SDK	2025-12-28T23:10:01.2924897Z [========                               ] 22% Unzipping... emulator/bin64/      
Development build	Set up Android SDK	2025-12-28T23:10:01.2928220Z [========                               ] 22% Unzipping... emulator/android-info
Development build	Set up Android SDK	2025-12-28T23:10:01.2930075Z [========                               ] 22% Unzipping... emulator/qemu/       
Development build	Set up Android SDK	2025-12-28T23:10:01.2946506Z [========                               ] 22% Unzipping... emulator/NOTICE.txt  
Development build	Set up Android SDK	2025-12-28T23:10:01.3121314Z [========                               ] 22% Unzipping... emulator/crashpad_han
Development build	Set up Android SDK	2025-12-28T23:10:01.3123911Z [========                               ] 22% Unzipping... emulator/source.prope
Development build	Set up Android SDK	2025-12-28T23:10:01.3643157Z [========                               ] 22% Unzipping... emulator/nimble_bridg
Development build	Set up Android SDK	2025-12-28T23:10:01.3677234Z [========                               ] 22% Unzipping... emulator/LICENSE     
Development build	Set up Android SDK	2025-12-28T23:10:01.3678149Z [========                               ] 22% Unzipping... emulator/lib/        
Development build	Set up Android SDK	2025-12-28T23:10:01.3765571Z [========                               ] 22% Unzipping... emulator/qemu-img    
Development build	Set up Android SDK	2025-12-28T23:10:01.3768255Z [========                               ] 22% Unzipping... emulator/include/    
Development build	Set up Android SDK	2025-12-28T23:10:01.3778457Z [========                               ] 22% Unzipping... emulator/NOTICE.csv  
Development build	Set up Android SDK	2025-12-28T23:10:01.3779522Z [========                               ] 22% Unzipping... emulator/lib64/      
Development build	Set up Android SDK	2025-12-28T23:10:01.3943502Z [========                               ] 22% Unzipping... emulator/emulator-che
Development build	Set up Android SDK	2025-12-28T23:10:01.4142834Z [========                               ] 22% Unzipping... emulator/crashreport 
Development build	Set up Android SDK	2025-12-28T23:10:01.4145795Z [========                               ] 22% Unzipping... emulator/mksdcard    
Development build	Set up Android SDK	2025-12-28T23:10:01.4483762Z [========                               ] 22% Unzipping... emulator/resources/To
Development build	Set up Android SDK	2025-12-28T23:10:01.4484672Z [========                               ] 22% Unzipping... emulator/resources/ma
Development build	Set up Android SDK	2025-12-28T23:10:01.4497568Z [========                               ] 22% Unzipping... emulator/resources/po
Development build	Set up Android SDK	2025-12-28T23:10:01.4591082Z [========                               ] 22% Unzipping... emulator/resources/ma
Development build	Set up Android SDK	2025-12-28T23:10:01.4629562Z [========                               ] 22% Unzipping... emulator/bin64/e2fsck
Development build	Set up Android SDK	2025-12-28T23:10:01.4664833Z [========                               ] 22% Unzipping... emulator/bin64/fsck.e
Development build	Set up Android SDK	2025-12-28T23:10:01.4690283Z [========                               ] 22% Unzipping... emulator/bin64/tune2f
Development build	Set up Android SDK	2025-12-28T23:10:01.4708917Z [========                               ] 22% Unzipping... emulator/bin64/resize
Development build	Set up Android SDK	2025-12-28T23:10:01.4738983Z [========                               ] 22% Unzipping... emulator/bin64/mkfs.e
Development build	Set up Android SDK	2025-12-28T23:10:01.5139266Z [========                               ] 22% Unzipping... emulator/qemu/linux-x
Development build	Set up Android SDK	2025-12-28T23:10:01.8810679Z [=========                              ] 23% Unzipping... emulator/qemu/linux-x
Development build	Set up Android SDK	2025-12-28T23:10:02.2135752Z [=========                              ] 24% Unzipping... emulator/qemu/linux-x
Development build	Set up Android SDK	2025-12-28T23:10:02.3731878Z [=========                              ] 25% Unzipping... emulator/qemu/linux-x
Development build	Set up Android SDK	2025-12-28T23:10:02.5569372Z [==========                             ] 25% Unzipping... emulator/qemu/linux-x
Development build	Set up Android SDK	2025-12-28T23:10:02.5573145Z [==========                             ] 25% Unzipping... emulator/lib/emulator
Development build	Set up Android SDK	2025-12-28T23:10:02.5575463Z [==========                             ] 25% Unzipping... emulator/lib/rtc_serv
Development build	Set up Android SDK	2025-12-28T23:10:02.5579657Z [==========                             ] 25% Unzipping... emulator/lib/advanced
Development build	Set up Android SDK	2025-12-28T23:10:02.5580617Z [==========                             ] 25% Unzipping... emulator/lib/cmake/  
Development build	Set up Android SDK	2025-12-28T23:10:02.5583595Z [==========                             ] 25% Unzipping... emulator/lib/emulator
Development build	Set up Android SDK	2025-12-28T23:10:02.5586402Z [==========                             ] 25% Unzipping... emulator/lib/control_
Development build	Set up Android SDK	2025-12-28T23:10:02.5589748Z [==========                             ] 25% Unzipping... emulator/lib/emulated
Development build	Set up Android SDK	2025-12-28T23:10:02.5592852Z [==========                             ] 25% Unzipping... emulator/lib/rtc_serv
Development build	Set up Android SDK	2025-12-28T23:10:02.5596425Z [==========                             ] 25% Unzipping... emulator/lib/emu-orig
Development build	Set up Android SDK	2025-12-28T23:10:02.5598902Z [==========                             ] 25% Unzipping... emulator/lib/hardware
Development build	Set up Android SDK	2025-12-28T23:10:02.5601145Z [==========                             ] 26% Unzipping... emulator/lib/hardware
Development build	Set up Android SDK	2025-12-28T23:10:02.5601858Z [==========                             ] 26% Unzipping... emulator/lib/pkgconfi
Development build	Set up Android SDK	2025-12-28T23:10:02.5604208Z [==========                             ] 26% Unzipping... emulator/lib/pc-bios/
Development build	Set up Android SDK	2025-12-28T23:10:02.5609450Z [==========                             ] 26% Unzipping... emulator/lib/snapshot
Development build	Set up Android SDK	2025-12-28T23:10:02.5610217Z [==========                             ] 26% Unzipping... emulator/lib/adb_serv
Development build	Set up Android SDK	2025-12-28T23:10:02.5616536Z [==========                             ] 26% Unzipping... emulator/lib/hostapd.
Development build	Set up Android SDK	2025-12-28T23:10:02.5619601Z [==========                             ] 26% Unzipping... emulator/lib/grpc_end
Development build	Set up Android SDK	2025-12-28T23:10:02.5637551Z [==========                             ] 26% Unzipping... emulator/lib/ca-bundl
Development build	Set up Android SDK	2025-12-28T23:10:02.5640630Z [==========                             ] 26% Unzipping... emulator/lib/ui_contr
Development build	Set up Android SDK	2025-12-28T23:10:02.5644594Z [==========                             ] 26% Unzipping... emulator/lib/snapshot
Development build	Set up Android SDK	2025-12-28T23:10:02.5648191Z [==========                             ] 26% Unzipping... emulator/lib/ice_conf
Development build	Set up Android SDK	2025-12-28T23:10:02.5975991Z [==========                             ] 26% Unzipping... emulator/lib/libflatb
Development build	Set up Android SDK	2025-12-28T23:10:02.5982061Z [==========                             ] 26% Unzipping... emulator/lib/emulator
Development build	Set up Android SDK	2025-12-28T23:10:02.5985103Z [==========                             ] 26% Unzipping... emulator/lib/waterfal
Development build	Set up Android SDK	2025-12-28T23:10:02.5988735Z [==========                             ] 26% Unzipping... emulator/lib/emulated
Development build	Set up Android SDK	2025-12-28T23:10:02.6001702Z [==========                             ] 26% Unzipping... emulator/lib/cmake/fl
Development build	Set up Android SDK	2025-12-28T23:10:02.6004327Z [==========                             ] 26% Unzipping... emulator/lib/pkgconfi
Development build	Set up Android SDK	2025-12-28T23:10:02.6206189Z [==========                             ] 26% Unzipping... emulator/lib/pc-bios/
Development build	Set up Android SDK	2025-12-28T23:10:02.6295507Z [==========                             ] 26% Unzipping... emulator/include/flat
Development build	Set up Android SDK	2025-12-28T23:10:02.6368187Z [==========                             ] 26% Unzipping... emulator/lib64/libgli
Development build	Set up Android SDK	2025-12-28T23:10:02.6518877Z [==========                             ] 26% Unzipping... emulator/lib64/libpro
Development build	Set up Android SDK	2025-12-28T23:10:02.6519857Z [==========                             ] 26% Unzipping... emulator/lib64/qt/   
Development build	Set up Android SDK	2025-12-28T23:10:02.6897003Z [==========                             ] 26% Unzipping... emulator/lib64/liband
Development build	Set up Android SDK	2025-12-28T23:10:02.7616302Z [==========                             ] 26% Unzipping... emulator/lib64/libgfx
Development build	Set up Android SDK	2025-12-28T23:10:02.7623980Z [==========                             ] 26% Unzipping... emulator/lib64/liband
Development build	Set up Android SDK	2025-12-28T23:10:02.7624951Z [==========                             ] 26% Unzipping... emulator/lib64/vulkan
Development build	Set up Android SDK	2025-12-28T23:10:02.7625838Z [==========                             ] 26% Unzipping... emulator/lib64/gles_s
Development build	Set up Android SDK	2025-12-28T23:10:02.7629890Z [==========                             ] 26% Unzipping... emulator/lib64/libemu
Development build	Set up Android SDK	2025-12-28T23:10:02.7753351Z [==========                             ] 26% Unzipping... emulator/lib64/libpro
Development build	Set up Android SDK	2025-12-28T23:10:02.7754297Z [==========                             ] 26% Unzipping... emulator/lib64/gles_m
Development build	Set up Android SDK	2025-12-28T23:10:02.7808723Z [==========                             ] 26% Unzipping... emulator/lib64/libzst
Development build	Set up Android SDK	2025-12-28T23:10:02.9224196Z [==========                             ] 26% Unzipping... emulator/lib64/liband
Development build	Set up Android SDK	2025-12-28T23:10:02.9242644Z [==========                             ] 26% Unzipping... emulator/lib64/libtcm
Development build	Set up Android SDK	2025-12-28T23:10:02.9244984Z [==========                             ] 26% Unzipping... emulator/lib64/libima
Development build	Set up Android SDK	2025-12-28T23:10:02.9307228Z [==========                             ] 26% Unzipping... emulator/lib64/libc++
Development build	Set up Android SDK	2025-12-28T23:10:02.9343033Z [==========                             ] 26% Unzipping... emulator/lib64/liband
Development build	Set up Android SDK	2025-12-28T23:10:02.9350868Z [==========                             ] 26% Unzipping... emulator/lib64/libdrm
Development build	Set up Android SDK	2025-12-28T23:10:02.9568683Z [==========                             ] 26% Unzipping... emulator/lib64/liband
Development build	Set up Android SDK	2025-12-28T23:10:02.9617089Z [==========                             ] 26% Unzipping... emulator/lib64/libabs
Development build	Set up Android SDK	2025-12-28T23:10:02.9617705Z [==========                             ] 26% Unzipping... emulator/lib64/gles_a
Development build	Set up Android SDK	2025-12-28T23:10:02.9691258Z [==========                             ] 26% Unzipping... emulator/lib64/libsha
Development build	Set up Android SDK	2025-12-28T23:10:02.9696633Z [==========                             ] 26% Unzipping... emulator/lib64/libc++
Development build	Set up Android SDK	2025-12-28T23:10:02.9761725Z [==========                             ] 27% Unzipping... emulator/lib64/libc++
Development build	Set up Android SDK	2025-12-28T23:10:02.9763554Z [==========                             ] 27% Unzipping... emulator/lib64/qt/res
Development build	Set up Android SDK	2025-12-28T23:10:02.9765034Z [==========                             ] 27% Unzipping... emulator/lib64/qt/lib
Development build	Set up Android SDK	2025-12-28T23:10:02.9766791Z [==========                             ] 27% Unzipping... emulator/lib64/qt/tra
Development build	Set up Android SDK	2025-12-28T23:10:02.9767396Z [==========                             ] 27% Unzipping... emulator/lib64/qt/plu
Development build	Set up Android SDK	2025-12-28T23:10:03.0536600Z [==========                             ] 27% Unzipping... emulator/lib64/qt/res
Development build	Set up Android SDK	2025-12-28T23:10:03.1183962Z [==========                             ] 27% Unzipping... emulator/lib64/qt/lib
Development build	Set up Android SDK	2025-12-28T23:10:03.4856994Z [===========                            ] 28% Unzipping... emulator/lib64/qt/lib
Development build	Set up Android SDK	2025-12-28T23:10:03.8694332Z [===========                            ] 29% Unzipping... emulator/lib64/qt/lib
Development build	Set up Android SDK	2025-12-28T23:10:04.0364166Z [===========                            ] 30% Unzipping... emulator/lib64/qt/lib
Development build	Set up Android SDK	2025-12-28T23:10:04.2424663Z [============                           ] 30% Unzipping... emulator/lib64/qt/lib
Development build	Set up Android SDK	2025-12-28T23:10:04.2794477Z [============                           ] 31% Unzipping... emulator/lib64/qt/lib
Development build	Set up Android SDK	2025-12-28T23:10:04.3946400Z [============                           ] 31% Unzipping... emulator/lib64/qt/tra
Development build	Set up Android SDK	2025-12-28T23:10:04.4070632Z [============                           ] 31% Unzipping... emulator/lib64/qt/plu
Development build	Set up Android SDK	2025-12-28T23:10:04.6659487Z [============                           ] 31% Unzipping... emulator/lib64/vulkan
Development build	Set up Android SDK	2025-12-28T23:10:05.1027347Z [============                           ] 32% Unzipping... emulator/lib64/vulkan
Development build	Set up Android SDK	2025-12-28T23:10:05.1725823Z [============                           ] 32% Unzipping... emulator/lib64/gles_s
Development build	Set up Android SDK	2025-12-28T23:10:05.3650093Z [============                           ] 32% Unzipping... emulator/lib64/gles_m
Development build	Set up Android SDK	2025-12-28T23:10:05.4251868Z [============                           ] 32% Unzipping... emulator/lib64/gles_a
Development build	Set up Android SDK	2025-12-28T23:10:05.5018540Z [=============                          ] 33% Unzipping... emulator/lib64/gles_a
Development build	Set up Android SDK	2025-12-28T23:10:05.8810257Z [=====================                  ] 55% Unzipping... emulator/lib64/gles_a
Development build	Set up Android SDK	2025-12-28T23:10:06.8916199Z [=====================                  ] 55% Installing Android SDK Tools emula
Development build	Set up Android SDK	2025-12-28T23:10:06.9002133Z [=====================                  ] 55% Downloading sdk-tools-linux-433379
Development build	Set up Android SDK	2025-12-28T23:10:06.9375755Z [======================                 ] 55% Downloading sdk-tools-linux-433379
Development build	Set up Android SDK	2025-12-28T23:10:07.0225040Z [======================                 ] 56% Downloading sdk-tools-linux-433379
Development build	Set up Android SDK	2025-12-28T23:10:07.1108457Z [======================                 ] 57% Downloading sdk-tools-linux-433379
Development build	Set up Android SDK	2025-12-28T23:10:07.2013782Z [=======================                ] 58% Downloading sdk-tools-linux-433379
Development build	Set up Android SDK	2025-12-28T23:10:07.2822980Z [=======================                ] 59% Downloading sdk-tools-linux-433379
Development build	Set up Android SDK	2025-12-28T23:10:07.3285074Z [=======================                ] 60% Downloading sdk-tools-linux-433379
Development build	Set up Android SDK	2025-12-28T23:10:07.3742809Z [========================               ] 60% Downloading sdk-tools-linux-433379
Development build	Set up Android SDK	2025-12-28T23:10:07.4581210Z [========================               ] 61% Downloading sdk-tools-linux-433379
Development build	Set up Android SDK	2025-12-28T23:10:07.5491763Z [========================               ] 62% Downloading sdk-tools-linux-433379
Development build	Set up Android SDK	2025-12-28T23:10:07.6413693Z [=========================              ] 63% Downloading sdk-tools-linux-433379
Development build	Set up Android SDK	2025-12-28T23:10:07.7326482Z [=========================              ] 64% Downloading sdk-tools-linux-433379
Development build	Set up Android SDK	2025-12-28T23:10:07.7698728Z [=========================              ] 65% Downloading sdk-tools-linux-433379
Development build	Set up Android SDK	2025-12-28T23:10:07.8249112Z [==========================             ] 65% Downloading sdk-tools-linux-433379
Development build	Set up Android SDK	2025-12-28T23:10:07.8806305Z [==========================             ] 66% Downloading sdk-tools-linux-433379
Development build	Set up Android SDK	2025-12-28T23:10:07.9355812Z [==========================             ] 66% Unzipping... emulator/lib64/gles_a
Development build	Set up Android SDK	2025-12-28T23:10:07.9356775Z [==========================             ] 66% Unzipping... tools/               
Development build	Set up Android SDK	2025-12-28T23:10:07.9363111Z [==========================             ] 66% Unzipping... tools/proguard/      
Development build	Set up Android SDK	2025-12-28T23:10:07.9363946Z [==========================             ] 66% Unzipping... tools/proguard/licens
Development build	Set up Android SDK	2025-12-28T23:10:07.9366141Z [==========================             ] 66% Unzipping... tools/proguard/lib/  
Development build	Set up Android SDK	2025-12-28T23:10:07.9420746Z [==========================             ] 66% Unzipping... tools/proguard/lib/pr
Development build	Set up Android SDK	2025-12-28T23:10:07.9423233Z [==========================             ] 66% Unzipping... tools/proguard/lib/re
Development build	Set up Android SDK	2025-12-28T23:10:07.9433880Z [==========================             ] 66% Unzipping... tools/proguard/lib/pr
Development build	Set up Android SDK	2025-12-28T23:10:07.9434525Z [==========================             ] 66% Unzipping... tools/proguard/ant/  
Development build	Set up Android SDK	2025-12-28T23:10:07.9436819Z [==========================             ] 66% Unzipping... tools/proguard/ant/ta
Development build	Set up Android SDK	2025-12-28T23:10:07.9437469Z [==========================             ] 66% Unzipping... tools/proguard/docs/ 
Development build	Set up Android SDK	2025-12-28T23:10:07.9440230Z [==========================             ] 66% Unzipping... tools/proguard/docs/f
Development build	Set up Android SDK	2025-12-28T23:10:07.9447547Z [==========================             ] 66% Unzipping... tools/proguard/docs/s
Development build	Set up Android SDK	2025-12-28T23:10:07.9448988Z [==========================             ] 66% Unzipping... tools/proguard/docs/d
Development build	Set up Android SDK	2025-12-28T23:10:07.9452958Z [==========================             ] 66% Unzipping... tools/proguard/docs/s
Development build	Set up Android SDK	2025-12-28T23:10:07.9455551Z [==========================             ] 66% Unzipping... tools/proguard/docs/F
Development build	Set up Android SDK	2025-12-28T23:10:07.9459790Z [==========================             ] 66% Unzipping... tools/proguard/docs/s
Development build	Set up Android SDK	2025-12-28T23:10:07.9462010Z [==========================             ] 66% Unzipping... tools/proguard/docs/l
Development build	Set up Android SDK	2025-12-28T23:10:07.9465901Z [==========================             ] 66% Unzipping... tools/proguard/docs/s
Development build	Set up Android SDK	2025-12-28T23:10:07.9469636Z [==========================             ] 66% Unzipping... tools/proguard/docs/d
Development build	Set up Android SDK	2025-12-28T23:10:07.9475706Z [==========================             ] 66% Unzipping... tools/proguard/docs/s
Development build	Set up Android SDK	2025-12-28T23:10:07.9478189Z [==========================             ] 66% Unzipping... tools/proguard/docs/r
Development build	Set up Android SDK	2025-12-28T23:10:07.9480223Z [==========================             ] 66% Unzipping... tools/proguard/docs/d
Development build	Set up Android SDK	2025-12-28T23:10:07.9482778Z [==========================             ] 66% Unzipping... tools/proguard/docs/t
Development build	Set up Android SDK	2025-12-28T23:10:07.9485460Z [==========================             ] 66% Unzipping... tools/proguard/docs/f
Development build	Set up Android SDK	2025-12-28T23:10:07.9490448Z [==========================             ] 66% Unzipping... tools/proguard/docs/s
Development build	Set up Android SDK	2025-12-28T23:10:07.9493059Z [==========================             ] 66% Unzipping... tools/proguard/docs/t
Development build	Set up Android SDK	2025-12-28T23:10:07.9495710Z [==========================             ] 66% Unzipping... tools/proguard/docs/i
Development build	Set up Android SDK	2025-12-28T23:10:07.9499318Z [==========================             ] 66% Unzipping... tools/proguard/docs/s
Development build	Set up Android SDK	2025-12-28T23:10:07.9501896Z [==========================             ] 66% Unzipping... tools/proguard/docs/m
Development build	Set up Android SDK	2025-12-28T23:10:07.9504547Z [==========================             ] 66% Unzipping... tools/proguard/docs/s
Development build	Set up Android SDK	2025-12-28T23:10:07.9507023Z [==========================             ] 66% Unzipping... tools/proguard/docs/q
Development build	Set up Android SDK	2025-12-28T23:10:07.9510206Z [==========================             ] 66% Unzipping... tools/proguard/docs/G
Development build	Set up Android SDK	2025-12-28T23:10:07.9514110Z [==========================             ] 66% Unzipping... tools/proguard/docs/t
Development build	Set up Android SDK	2025-12-28T23:10:07.9529686Z [==========================             ] 66% Unzipping... tools/proguard/docs/s
Development build	Set up Android SDK	2025-12-28T23:10:07.9582625Z [==========================             ] 66% Unzipping... tools/proguard/docs/m
Development build	Set up Android SDK	2025-12-28T23:10:07.9584064Z [==========================             ] 66% Unzipping... tools/proguard/docs/s
Development build	Set up Android SDK	2025-12-28T23:10:07.9587243Z [==========================             ] 66% Unzipping... tools/proguard/docs/G
Development build	Set up Android SDK	2025-12-28T23:10:07.9589145Z [==========================             ] 66% Unzipping... tools/proguard/docs/c
Development build	Set up Android SDK	2025-12-28T23:10:07.9594764Z [==========================             ] 66% Unzipping... tools/proguard/docs/a
Development build	Set up Android SDK	2025-12-28T23:10:07.9606667Z [==========================             ] 66% Unzipping... tools/proguard/docs/s
Development build	Set up Android SDK	2025-12-28T23:10:07.9610133Z [==========================             ] 66% Unzipping... tools/proguard/docs/d
Development build	Set up Android SDK	2025-12-28T23:10:07.9706607Z [==========================             ] 66% Unzipping... tools/proguard/exampl
Development build	Set up Android SDK	2025-12-28T23:10:07.9708692Z [==========================             ] 66% Unzipping... tools/proguard/bin/  
Development build	Set up Android SDK	2025-12-28T23:10:07.9713442Z [==========================             ] 66% Unzipping... tools/proguard/bin/pr
Development build	Set up Android SDK	2025-12-28T23:10:07.9715842Z [==========================             ] 66% Unzipping... tools/proguard/bin/re
Development build	Set up Android SDK	2025-12-28T23:10:07.9718335Z [==========================             ] 66% Unzipping... tools/proguard/README
Development build	Set up Android SDK	2025-12-28T23:10:07.9723758Z [==========================             ] 66% Unzipping... tools/proguard/progua
Development build	Set up Android SDK	2025-12-28T23:10:07.9725617Z [==========================             ] 66% Unzipping... tools/lib/           
Development build	Set up Android SDK	2025-12-28T23:10:07.9769322Z [==========================             ] 66% Unzipping... tools/lib/bcpkix-jdk1
Development build	Set up Android SDK	2025-12-28T23:10:07.9778415Z [==========================             ] 66% Unzipping... tools/lib/org-eclipse
Development build	Set up Android SDK	2025-12-28T23:10:07.9790713Z [==========================             ] 66% Unzipping... tools/lib/manifest-me
Development build	Set up Android SDK	2025-12-28T23:10:07.9797782Z [==========================             ] 66% Unzipping... tools/lib/jcommander-
Development build	Set up Android SDK	2025-12-28T23:10:07.9814234Z [==========================             ] 66% Unzipping... tools/lib/gson-2.3.ja
Development build	Set up Android SDK	2025-12-28T23:10:07.9818196Z [==========================             ] 66% Unzipping... tools/lib/ddms-26.0.0
Development build	Set up Android SDK	2025-12-28T23:10:07.9820456Z [==========================             ] 66% Unzipping... tools/lib/asm-tree-5.
Development build	Set up Android SDK	2025-12-28T23:10:07.9865795Z [==========================             ] 66% Unzipping... tools/lib/uast-26.0.0
Development build	Set up Android SDK	2025-12-28T23:10:07.9873560Z [==========================             ] 66% Unzipping... tools/lib/dexlib2-2.2
Development build	Set up Android SDK	2025-12-28T23:10:07.9912272Z [==========================             ] 67% Unzipping... tools/lib/dexlib2-2.2
Development build	Set up Android SDK	2025-12-28T23:10:07.9914478Z [==========================             ] 67% Unzipping... tools/lib/android.el 
Development build	Set up Android SDK	2025-12-28T23:10:07.9919948Z [==========================             ] 67% Unzipping... tools/lib/apkanalyzer
Development build	Set up Android SDK	2025-12-28T23:10:08.0040146Z [==========================             ] 67% Unzipping... tools/lib/guava-22.0.
Development build	Set up Android SDK	2025-12-28T23:10:08.0067247Z [==========================             ] 67% Unzipping... tools/lib/lint-api-26
Development build	Set up Android SDK	2025-12-28T23:10:08.0075145Z [==========================             ] 67% Unzipping... tools/lib/baksmali-2.
Development build	Set up Android SDK	2025-12-28T23:10:08.0078790Z [==========================             ] 67% Unzipping... tools/lib/shared.jar 
Development build	Set up Android SDK	2025-12-28T23:10:08.0082174Z [==========================             ] 67% Unzipping... tools/lib/jsr305-1.3.
Development build	Set up Android SDK	2025-12-28T23:10:08.0105713Z [==========================             ] 67% Unzipping... tools/lib/httpclient-
Development build	Set up Android SDK	2025-12-28T23:10:08.0212694Z [==========================             ] 67% Unzipping... tools/lib/ecj-4.6.1.j
Development build	Set up Android SDK	2025-12-28T23:10:08.0216621Z [==========================             ] 67% Unzipping... tools/lib/jobb-26.0.0
Development build	Set up Android SDK	2025-12-28T23:10:08.0234099Z [==========================             ] 67% Unzipping... tools/lib/jcommon-1.0
Development build	Set up Android SDK	2025-12-28T23:10:08.0238683Z [==========================             ] 67% Unzipping... tools/lib/kxml2-2.3.0
Development build	Set up Android SDK	2025-12-28T23:10:08.0302135Z [==========================             ] 67% Unzipping... tools/lib/jfreechart-
Development build	Set up Android SDK	2025-12-28T23:10:08.0313979Z [==========================             ] 67% Unzipping... tools/lib/common-26.0
Development build	Set up Android SDK	2025-12-28T23:10:08.0367009Z [==========================             ] 67% Unzipping... tools/lib/lint-checks
Development build	Set up Android SDK	2025-12-28T23:10:08.0478433Z [==========================             ] 67% Unzipping... tools/lib/kotlin-refl
Development build	Set up Android SDK	2025-12-28T23:10:08.0482811Z [==========================             ] 67% Unzipping... tools/lib/builder-mod
Development build	Set up Android SDK	2025-12-28T23:10:08.0518370Z [==========================             ] 67% Unzipping... tools/lib/sdklib-26.0
Development build	Set up Android SDK	2025-12-28T23:10:08.0524911Z [==========================             ] 67% Unzipping... tools/lib/layoutlib-a
Development build	Set up Android SDK	2025-12-28T23:10:08.0527837Z [==========================             ] 67% Unzipping... tools/lib/annotations
Development build	Set up Android SDK	2025-12-28T23:10:08.0533169Z [==========================             ] 67% Unzipping... tools/lib/fat32lib.ja
Development build	Set up Android SDK	2025-12-28T23:10:08.0536824Z [==========================             ] 67% Unzipping... tools/lib/jsr305-3.0.
Development build	Set up Android SDK	2025-12-28T23:10:08.0587660Z [==========================             ] 67% Unzipping... tools/lib/org-eclipse
Development build	Set up Android SDK	2025-12-28T23:10:08.0592660Z [==========================             ] 67% Unzipping... tools/lib/error_prone
Development build	Set up Android SDK	2025-12-28T23:10:08.0600092Z [==========================             ] 67% Unzipping... tools/lib/org-eclipse
Development build	Set up Android SDK	2025-12-28T23:10:08.0601737Z [==========================             ] 67% Unzipping... tools/lib/animal-snif
Development build	Set up Android SDK	2025-12-28T23:10:08.0636554Z [==========================             ] 67% Unzipping... tools/lib/asset-studi
Development build	Set up Android SDK	2025-12-28T23:10:08.0664481Z [===========================            ] 68% Unzipping... tools/lib/asset-studi
Development build	Set up Android SDK	2025-12-28T23:10:08.0678513Z [===========================            ] 68% Unzipping... tools/lib/repository-
Development build	Set up Android SDK	2025-12-28T23:10:08.0682409Z [===========================            ] 68% Unzipping... tools/lib/dvlib-26.0.
Development build	Set up Android SDK	2025-12-28T23:10:08.0712146Z [===========================            ] 68% Unzipping... tools/lib/jsilver-1.0
Development build	Set up Android SDK	2025-12-28T23:10:08.0719351Z [===========================            ] 68% Unzipping... tools/lib/asm-5.1.jar
Development build	Set up Android SDK	2025-12-28T23:10:08.0722648Z [===========================            ] 68% Unzipping... tools/lib/devices.xml
Development build	Set up Android SDK	2025-12-28T23:10:08.0726280Z [===========================            ] 68% Unzipping... tools/lib/asm-analysi
Development build	Set up Android SDK	2025-12-28T23:10:08.0748270Z [===========================            ] 68% Unzipping... tools/lib/hierarchyvi
Development build	Set up Android SDK	2025-12-28T23:10:08.0755426Z [===========================            ] 68% Unzipping... tools/lib/monkeyrunne
Development build	Set up Android SDK	2025-12-28T23:10:08.0760821Z [===========================            ] 68% Unzipping... tools/lib/uiautomator
Development build	Set up Android SDK	2025-12-28T23:10:08.0762976Z [===========================            ] 68% Unzipping... tools/lib/archquery-2
Development build	Set up Android SDK	2025-12-28T23:10:08.0767835Z [===========================            ] 68% Unzipping... tools/lib/chimpchat-2
Development build	Set up Android SDK	2025-12-28T23:10:08.0770554Z [===========================            ] 68% Unzipping... tools/lib/explainer.j
Development build	Set up Android SDK	2025-12-28T23:10:08.0792065Z [===========================            ] 68% Unzipping... tools/lib/ddmlib-26.0
Development build	Set up Android SDK	2025-12-28T23:10:08.0795931Z [===========================            ] 68% Unzipping... tools/lib/swtmenubar-
Development build	Set up Android SDK	2025-12-28T23:10:08.0878876Z [===========================            ] 68% Unzipping... tools/lib/osgi-4.0.0.
Development build	Set up Android SDK	2025-12-28T23:10:08.0890695Z [===========================            ] 68% Unzipping... tools/lib/x86_64/    
Development build	Set up Android SDK	2025-12-28T23:10:08.0953129Z [===========================            ] 68% Unzipping... tools/lib/x86_64/swt.
Development build	Set up Android SDK	2025-12-28T23:10:08.1449297Z [===========================            ] 68% Unzipping... tools/lib/monitor-x86
Development build	Set up Android SDK	2025-12-28T23:10:08.2220093Z [===========================            ] 69% Unzipping... tools/lib/monitor-x86
Development build	Set up Android SDK	2025-12-28T23:10:08.2763889Z [===========================            ] 70% Unzipping... tools/lib/monitor-x86
Development build	Set up Android SDK	2025-12-28T23:10:08.3272332Z [============================           ] 70% Unzipping... tools/lib/monitor-x86
Development build	Set up Android SDK	2025-12-28T23:10:08.4950290Z [============================           ] 71% Unzipping... tools/lib/monitor-x86
Development build	Set up Android SDK	2025-12-28T23:10:08.4952313Z [============================           ] 71% Unzipping... tools/lib/httpmime-4.
Development build	Set up Android SDK	2025-12-28T23:10:08.4955559Z [============================           ] 71% Unzipping... tools/lib/annotations
Development build	Set up Android SDK	2025-12-28T23:10:08.4971947Z [============================           ] 71% Unzipping... tools/lib/lint-26.0.0
Development build	Set up Android SDK	2025-12-28T23:10:08.4979221Z [============================           ] 71% Unzipping... tools/lib/apkanalyzer
Development build	Set up Android SDK	2025-12-28T23:10:08.4987028Z [============================           ] 71% Unzipping... tools/lib/binary-reso
Development build	Set up Android SDK	2025-12-28T23:10:08.4993117Z [============================           ] 71% Unzipping... tools/lib/jopt-simple
Development build	Set up Android SDK	2025-12-28T23:10:08.4999799Z [============================           ] 71% Unzipping... tools/lib/util-2.2.1.
Development build	Set up Android SDK	2025-12-28T23:10:08.5021036Z [============================           ] 71% Unzipping... tools/lib/ddmuilib-26
Development build	Set up Android SDK	2025-12-28T23:10:08.5035628Z [============================           ] 72% Unzipping... tools/lib/ddmuilib-26
Development build	Set up Android SDK	2025-12-28T23:10:08.5083651Z [============================           ] 72% Unzipping... tools/lib/sdk-common-
Development build	Set up Android SDK	2025-12-28T23:10:08.5092588Z [============================           ] 72% Unzipping... tools/lib/traceview-2
Development build	Set up Android SDK	2025-12-28T23:10:08.5105606Z [============================           ] 72% Unzipping... tools/lib/httpcore-4.
Development build	Set up Android SDK	2025-12-28T23:10:08.5108312Z [============================           ] 72% Unzipping... tools/lib/screenshot2
Development build	Set up Android SDK	2025-12-28T23:10:08.5121059Z [============================           ] 72% Unzipping... tools/lib/commons-cod
Development build	Set up Android SDK	2025-12-28T23:10:08.5136300Z [============================           ] 72% Unzipping... tools/lib/proguard-pr
Development build	Set up Android SDK	2025-12-28T23:10:08.5675153Z [============================           ] 72% Unzipping... tools/lib/jython-stan
Development build	Set up Android SDK	2025-12-28T23:10:08.5735505Z [=============================          ] 73% Unzipping... tools/lib/jython-stan
Development build	Set up Android SDK	2025-12-28T23:10:08.5738550Z [=============================          ] 73% Unzipping... tools/lib/annotations
Development build	Set up Android SDK	2025-12-28T23:10:08.5743170Z [=============================          ] 73% Unzipping... tools/lib/commons-log
Development build	Set up Android SDK	2025-12-28T23:10:08.5807325Z [=============================          ] 73% Unzipping... tools/lib/protobuf-ja
Development build	Set up Android SDK	2025-12-28T23:10:08.5814601Z [=============================          ] 73% Unzipping... tools/lib/fakeadbserv
Development build	Set up Android SDK	2025-12-28T23:10:08.5966435Z [=============================          ] 73% Unzipping... tools/lib/bcprov-jdk1
Development build	Set up Android SDK	2025-12-28T23:10:08.5967052Z [=============================          ] 73% Unzipping... tools/lib/x86/       
Development build	Set up Android SDK	2025-12-28T23:10:08.6033026Z [=============================          ] 73% Unzipping... tools/lib/x86/swt.jar
Development build	Set up Android SDK	2025-12-28T23:10:08.6076050Z [=============================          ] 73% Unzipping... tools/lib/kotlin-stdl
Development build	Set up Android SDK	2025-12-28T23:10:08.6098514Z [=============================          ] 73% Unzipping... tools/lib/commons-com
Development build	Set up Android SDK	2025-12-28T23:10:08.6133201Z [=============================          ] 73% Unzipping... tools/lib/lombok-ast-
Development build	Set up Android SDK	2025-12-28T23:10:08.6162872Z [=============================          ] 73% Unzipping... tools/lib/trove4j-201
Development build	Set up Android SDK	2025-12-28T23:10:08.6404215Z [=============================          ] 73% Unzipping... tools/lib/intellij-co
Development build	Set up Android SDK	2025-12-28T23:10:08.6551948Z [=============================          ] 74% Unzipping... tools/lib/intellij-co
Development build	Set up Android SDK	2025-12-28T23:10:08.6564456Z [=============================          ] 74% Unzipping... tools/lib/jimfs-1.1.j
Development build	Set up Android SDK	2025-12-28T23:10:08.6566697Z [=============================          ] 74% Unzipping... tools/lib/j2objc-anno
Development build	Set up Android SDK	2025-12-28T23:10:08.6573566Z [=============================          ] 74% Unzipping... tools/lib/jfreechart-
Development build	Set up Android SDK	2025-12-28T23:10:08.7027178Z [=============================          ] 74% Unzipping... tools/lib/monitor-x86
Development build	Set up Android SDK	2025-12-28T23:10:08.7410578Z [=============================          ] 75% Unzipping... tools/lib/monitor-x86
Development build	Set up Android SDK	2025-12-28T23:10:08.7770493Z [==============================         ] 75% Unzipping... tools/lib/monitor-x86
Development build	Set up Android SDK	2025-12-28T23:10:08.8625881Z [==============================         ] 76% Unzipping... tools/lib/monitor-x86
Development build	Set up Android SDK	2025-12-28T23:10:08.9994910Z [==============================         ] 77% Unzipping... tools/lib/monitor-x86
Development build	Set up Android SDK	2025-12-28T23:10:08.9999497Z [==============================         ] 77% Unzipping... tools/lib/generator.j
Development build	Set up Android SDK	2025-12-28T23:10:09.0001148Z [==============================         ] 77% Unzipping... tools/source.properti
Development build	Set up Android SDK	2025-12-28T23:10:09.0001679Z [==============================         ] 77% Unzipping... tools/bin/           
Development build	Set up Android SDK	2025-12-28T23:10:09.0007353Z [==============================         ] 77% Unzipping... tools/bin/avdmanager 
Development build	Set up Android SDK	2025-12-28T23:10:09.0007915Z [==============================         ] 77% Unzipping... tools/bin/jobb       
Development build	Set up Android SDK	2025-12-28T23:10:09.0010295Z [==============================         ] 77% Unzipping... tools/bin/uiautomator
Development build	Set up Android SDK	2025-12-28T23:10:09.0012772Z [==============================         ] 77% Unzipping... tools/bin/apkanalyzer
Development build	Set up Android SDK	2025-12-28T23:10:09.0015569Z [==============================         ] 77% Unzipping... tools/bin/monkeyrunne
Development build	Set up Android SDK	2025-12-28T23:10:09.0017765Z [==============================         ] 77% Unzipping... tools/bin/archquery  
Development build	Set up Android SDK	2025-12-28T23:10:09.0020247Z [==============================         ] 77% Unzipping... tools/bin/sdkmanager 
Development build	Set up Android SDK	2025-12-28T23:10:09.0022739Z [==============================         ] 77% Unzipping... tools/bin/lint       
Development build	Set up Android SDK	2025-12-28T23:10:09.0025449Z [==============================         ] 77% Unzipping... tools/bin/screenshot2
Development build	Set up Android SDK	2025-12-28T23:10:09.0049221Z [==============================         ] 77% Unzipping... tools/NOTICE.txt     
Development build	Set up Android SDK	2025-12-28T23:10:09.0086505Z [==============================         ] 77% Unzipping... tools/emulator       
Development build	Set up Android SDK	2025-12-28T23:10:09.0111279Z [==============================         ] 77% Unzipping... tools/emulator-check 
Development build	Set up Android SDK	2025-12-28T23:10:09.0113645Z [==============================         ] 77% Unzipping... tools/monitor        
Development build	Set up Android SDK	2025-12-28T23:10:09.0116210Z [==============================         ] 77% Unzipping... tools/android        
Development build	Set up Android SDK	2025-12-28T23:10:09.0119347Z [==============================         ] 77% Unzipping... tools/mksdcard       
Development build	Set up Android SDK	2025-12-28T23:10:09.0120016Z [==============================         ] 77% Unzipping... tools/support/       
Development build	Set up Android SDK	2025-12-28T23:10:09.0125548Z [==============================         ] 77% Unzipping... tools/support/typos-d
Development build	Set up Android SDK	2025-12-28T23:10:09.0129399Z [==============================         ] 77% Unzipping... tools/support/typos-e
Development build	Set up Android SDK	2025-12-28T23:10:09.0131675Z [==============================         ] 77% Unzipping... tools/support/annotat
Development build	Set up Android SDK	2025-12-28T23:10:09.0139692Z [==============================         ] 77% Unzipping... tools/support/typos-e
Development build	Set up Android SDK	2025-12-28T23:10:09.0143229Z [==============================         ] 77% Unzipping... tools/support/typos-t
Development build	Set up Android SDK	2025-12-28T23:10:09.0147998Z [==============================         ] 77% Unzipping... tools/support/typos-p
Development build	Set up Android SDK	2025-12-28T23:10:09.0151491Z [==============================         ] 77% Unzipping... tools/support/typos-i
Development build	Set up Android SDK	2025-12-28T23:10:09.0154870Z [==============================         ] 77% Unzipping... tools/support/typos-n
Development build	Set up Android SDK	2025-12-28T23:10:09.0158101Z [==============================         ] 77% Unzipping... tools/support/typos-h
Development build	Set up Android SDK	2025-12-28T23:10:09.0459084Z [==============================         ] 78% Unzipping... tools/support/typos-h
Development build	Set up Android SDK	2025-12-28T23:10:09.0460605Z [=======================================] 100% Unzipping... tools/support/typos-
Development build	Set up Android SDK	2025-12-28T23:10:09.0510981Z 
Development build	Set up Android SDK	2025-12-28T23:10:09.0630125Z [command]/usr/local/lib/android/sdk/cmdline-tools/16.0/bin/sdkmanager platform-tools
Development build	Set up Android SDK	2025-12-28T23:10:09.7950430Z Loading package information...                                                  
Development build	Set up Android SDK	2025-12-28T23:10:09.8720704Z Loading local repository...                                                     
Development build	Set up Android SDK	2025-12-28T23:10:09.8723700Z [                                       ] 3% Loading local repository...        
Development build	Set up Android SDK	2025-12-28T23:10:09.8763788Z [                                       ] 3% Fetch remote repository...         
Development build	Set up Android SDK	2025-12-28T23:10:10.1897753Z [=                                      ] 3% Fetch remote repository...         
Development build	Set up Android SDK	2025-12-28T23:10:10.2340339Z [=                                      ] 4% Fetch remote repository...         
Development build	Set up Android SDK	2025-12-28T23:10:10.2683026Z [=                                      ] 5% Fetch remote repository...         
Development build	Set up Android SDK	2025-12-28T23:10:10.3007600Z [==                                     ] 5% Fetch remote repository...         
Development build	Set up Android SDK	2025-12-28T23:10:10.3751303Z [==                                     ] 6% Fetch remote repository...         
Development build	Set up Android SDK	2025-12-28T23:10:10.4467657Z [==                                     ] 7% Fetch remote repository...         
Development build	Set up Android SDK	2025-12-28T23:10:10.4468361Z [==                                     ] 7% Computing updates...               
Development build	Set up Android SDK	2025-12-28T23:10:10.4589059Z [===                                    ] 8% Computing updates...               
Development build	Set up Android SDK	2025-12-28T23:10:10.4708404Z [===                                    ] 10% Computing updates...              
Development build	Set up Android SDK	2025-12-28T23:10:11.9638956Z [===                                    ] 10% Installing Android SDK Platform-To
Development build	Set up Android SDK	2025-12-28T23:10:12.0199058Z [===                                    ] 10% Downloading platform-tools_r36.0.2
Development build	Set up Android SDK	2025-12-28T23:10:12.0598608Z [====                                   ] 10% Downloading platform-tools_r36.0.2
Development build	Set up Android SDK	2025-12-28T23:10:12.0900204Z [====                                   ] 11% Downloading platform-tools_r36.0.2
Development build	Set up Android SDK	2025-12-28T23:10:12.1146560Z [====                                   ] 12% Downloading platform-tools_r36.0.2
Development build	Set up Android SDK	2025-12-28T23:10:12.1288805Z [=====                                  ] 13% Downloading platform-tools_r36.0.2
Development build	Set up Android SDK	2025-12-28T23:10:12.1354403Z [=====                                  ] 14% Downloading platform-tools_r36.0.2
Development build	Set up Android SDK	2025-12-28T23:10:12.1391196Z [=====                                  ] 15% Downloading platform-tools_r36.0.2
Development build	Set up Android SDK	2025-12-28T23:10:12.1423244Z [======                                 ] 15% Downloading platform-tools_r36.0.2
Development build	Set up Android SDK	2025-12-28T23:10:12.1454203Z [======                                 ] 16% Downloading platform-tools_r36.0.2
Development build	Set up Android SDK	2025-12-28T23:10:12.1504949Z [======                                 ] 17% Downloading platform-tools_r36.0.2
Development build	Set up Android SDK	2025-12-28T23:10:12.1546484Z [=======                                ] 18% Downloading platform-tools_r36.0.2
Development build	Set up Android SDK	2025-12-28T23:10:12.1670682Z [=======                                ] 19% Downloading platform-tools_r36.0.2
Development build	Set up Android SDK	2025-12-28T23:10:12.1685575Z [=======                                ] 20% Downloading platform-tools_r36.0.2
Development build	Set up Android SDK	2025-12-28T23:10:12.1699509Z [========                               ] 20% Downloading platform-tools_r36.0.2
Development build	Set up Android SDK	2025-12-28T23:10:12.1730302Z [========                               ] 21% Downloading platform-tools_r36.0.2
Development build	Set up Android SDK	2025-12-28T23:10:12.1757535Z [========                               ] 22% Downloading platform-tools_r36.0.2
Development build	Set up Android SDK	2025-12-28T23:10:12.1783571Z [=========                              ] 23% Downloading platform-tools_r36.0.2
Development build	Set up Android SDK	2025-12-28T23:10:12.1813430Z [=========                              ] 24% Downloading platform-tools_r36.0.2
Development build	Set up Android SDK	2025-12-28T23:10:12.1825756Z [=========                              ] 25% Downloading platform-tools_r36.0.2
Development build	Set up Android SDK	2025-12-28T23:10:12.1837188Z [==========                             ] 25% Downloading platform-tools_r36.0.2
Development build	Set up Android SDK	2025-12-28T23:10:12.1904305Z [==========                             ] 26% Downloading platform-tools_r36.0.2
Development build	Set up Android SDK	2025-12-28T23:10:12.1931703Z [==========                             ] 27% Downloading platform-tools_r36.0.2
Development build	Set up Android SDK	2025-12-28T23:10:12.1967227Z [===========                            ] 28% Downloading platform-tools_r36.0.2
Development build	Set up Android SDK	2025-12-28T23:10:12.1994081Z [===========                            ] 29% Downloading platform-tools_r36.0.2
Development build	Set up Android SDK	2025-12-28T23:10:12.2006343Z [===========                            ] 30% Downloading platform-tools_r36.0.2
Development build	Set up Android SDK	2025-12-28T23:10:12.2026012Z [============                           ] 30% Downloading platform-tools_r36.0.2
Development build	Set up Android SDK	2025-12-28T23:10:12.2049024Z [============                           ] 31% Downloading platform-tools_r36.0.2
Development build	Set up Android SDK	2025-12-28T23:10:12.2083113Z [============                           ] 32% Downloading platform-tools_r36.0.2
Development build	Set up Android SDK	2025-12-28T23:10:12.2089046Z [============                           ] 33% Downloading platform-tools_r36.0.2
Development build	Set up Android SDK	2025-12-28T23:10:12.2534100Z [============                           ] 33% Unzipping...                      
Development build	Set up Android SDK	2025-12-28T23:10:12.2549708Z [============                           ] 33% Unzipping... platform-tools/NOTICE
Development build	Set up Android SDK	2025-12-28T23:10:12.2706667Z [=============                          ] 33% Unzipping... platform-tools/NOTICE
Development build	Set up Android SDK	2025-12-28T23:10:12.2723807Z [=============                          ] 33% Unzipping... platform-tools/adb   
Development build	Set up Android SDK	2025-12-28T23:10:12.2797089Z [=============                          ] 34% Unzipping... platform-tools/adb   
Development build	Set up Android SDK	2025-12-28T23:10:12.2830778Z [=============                          ] 35% Unzipping... platform-tools/adb   
Development build	Set up Android SDK	2025-12-28T23:10:12.2854919Z [==============                         ] 35% Unzipping... platform-tools/adb   
Development build	Set up Android SDK	2025-12-28T23:10:12.2945799Z [==============                         ] 36% Unzipping... platform-tools/adb   
Development build	Set up Android SDK	2025-12-28T23:10:12.3042994Z [==============                         ] 37% Unzipping... platform-tools/adb   
Development build	Set up Android SDK	2025-12-28T23:10:12.3093942Z [===============                        ] 38% Unzipping... platform-tools/adb   
Development build	Set up Android SDK	2025-12-28T23:10:12.3180125Z [===============                        ] 39% Unzipping... platform-tools/adb   
Development build	Set up Android SDK	2025-12-28T23:10:12.3217470Z [===============                        ] 40% Unzipping... platform-tools/adb   
Development build	Set up Android SDK	2025-12-28T23:10:12.3267663Z [================                       ] 40% Unzipping... platform-tools/adb   
Development build	Set up Android SDK	2025-12-28T23:10:12.3344440Z [================                       ] 41% Unzipping... platform-tools/adb   
Development build	Set up Android SDK	2025-12-28T23:10:12.3418507Z [================                       ] 42% Unzipping... platform-tools/adb   
Development build	Set up Android SDK	2025-12-28T23:10:12.3479313Z [=================                      ] 43% Unzipping... platform-tools/adb   
Development build	Set up Android SDK	2025-12-28T23:10:12.3540699Z [=================                      ] 44% Unzipping... platform-tools/adb   
Development build	Set up Android SDK	2025-12-28T23:10:12.3557767Z [=================                      ] 44% Unzipping... platform-tools/etc1to
Development build	Set up Android SDK	2025-12-28T23:10:12.3584505Z [=================                      ] 45% Unzipping... platform-tools/etc1to
Development build	Set up Android SDK	2025-12-28T23:10:12.3601324Z [=================                      ] 45% Unzipping... platform-tools/fastbo
Development build	Set up Android SDK	2025-12-28T23:10:12.3656503Z [==================                     ] 45% Unzipping... platform-tools/fastbo
Development build	Set up Android SDK	2025-12-28T23:10:12.3713829Z [==================                     ] 46% Unzipping... platform-tools/fastbo
Development build	Set up Android SDK	2025-12-28T23:10:12.3777949Z [==================                     ] 47% Unzipping... platform-tools/fastbo
Development build	Set up Android SDK	2025-12-28T23:10:12.3792619Z [===================                    ] 48% Unzipping... platform-tools/fastbo
Development build	Set up Android SDK	2025-12-28T23:10:12.3799086Z [===================                    ] 48% Unzipping... platform-tools/hprof-
Development build	Set up Android SDK	2025-12-28T23:10:12.3870342Z [===================                    ] 48% Unzipping... platform-tools/lib64/
Development build	Set up Android SDK	2025-12-28T23:10:12.3904509Z [===================                    ] 49% Unzipping... platform-tools/lib64/
Development build	Set up Android SDK	2025-12-28T23:10:12.3941015Z [===================                    ] 49% Unzipping... platform-tools/make_f
Development build	Set up Android SDK	2025-12-28T23:10:12.3955078Z [===================                    ] 50% Unzipping... platform-tools/make_f
Development build	Set up Android SDK	2025-12-28T23:10:12.3979691Z [===================                    ] 50% Unzipping... platform-tools/mke2fs
Development build	Set up Android SDK	2025-12-28T23:10:12.4013678Z [====================                   ] 50% Unzipping... platform-tools/mke2fs
Development build	Set up Android SDK	2025-12-28T23:10:12.4033720Z [====================                   ] 51% Unzipping... platform-tools/mke2fs
Development build	Set up Android SDK	2025-12-28T23:10:12.4038748Z [====================                   ] 51% Unzipping... platform-tools/source
Development build	Set up Android SDK	2025-12-28T23:10:12.4067419Z [====================                   ] 51% Unzipping... platform-tools/sqlite
Development build	Set up Android SDK	2025-12-28T23:10:12.4127688Z [====================                   ] 52% Unzipping... platform-tools/sqlite
Development build	Set up Android SDK	2025-12-28T23:10:12.4175543Z [=====================                  ] 53% Unzipping... platform-tools/sqlite
Development build	Set up Android SDK	2025-12-28T23:10:12.4230776Z [=====================                  ] 54% Unzipping... platform-tools/sqlite
Development build	Set up Android SDK	2025-12-28T23:10:12.4311758Z [=====================                  ] 55% Unzipping... platform-tools/sqlite
Development build	Set up Android SDK	2025-12-28T23:10:12.4312899Z [=======================================] 100% Unzipping... platform-tools/sqlit
Development build	Set up Android SDK	2025-12-28T23:10:12.5451710Z 
Development build	Install Android SDK/NDK (required for native modules)	´╗┐2025-12-28T23:10:12.5801621Z ##[group]Run set -u
Development build	Install Android SDK/NDK (required for native modules)	2025-12-28T23:10:12.5801956Z [36;1mset -u[0m
Development build	Install Android SDK/NDK (required for native modules)	2025-12-28T23:10:12.5802202Z [36;1mecho "ANDROID_SDK_ROOT=${ANDROID_SDK_ROOT:-}"[0m
Development build	Install Android SDK/NDK (required for native modules)	2025-12-28T23:10:12.5802515Z [36;1mecho "ANDROID_HOME=${ANDROID_HOME:-}"[0m
Development build	Install Android SDK/NDK (required for native modules)	2025-12-28T23:10:12.5802766Z [36;1m[0m
Development build	Install Android SDK/NDK (required for native modules)	2025-12-28T23:10:12.5803026Z [36;1mSDKROOT="${ANDROID_SDK_ROOT:-${ANDROID_HOME:-$HOME/Android/Sdk}}"[0m
Development build	Install Android SDK/NDK (required for native modules)	2025-12-28T23:10:12.5803369Z [36;1mecho "Using SDK root: $SDKROOT"[0m
Development build	Install Android SDK/NDK (required for native modules)	2025-12-28T23:10:12.5803593Z [36;1m[0m
Development build	Install Android SDK/NDK (required for native modules)	2025-12-28T23:10:12.5803763Z [36;1mmkdir -p "$HOME/.android"[0m
Development build	Install Android SDK/NDK (required for native modules)	2025-12-28T23:10:12.5804040Z [36;1mtouch "$HOME/.android/repositories.cfg"[0m
Development build	Install Android SDK/NDK (required for native modules)	2025-12-28T23:10:12.5804291Z [36;1m[0m
Development build	Install Android SDK/NDK (required for native modules)	2025-12-28T23:10:12.5804459Z [36;1mif [ -d "$SDKROOT" ]; then[0m
Development build	Install Android SDK/NDK (required for native modules)	2025-12-28T23:10:12.5804683Z [36;1m  ls -ld "$SDKROOT" || true[0m
Development build	Install Android SDK/NDK (required for native modules)	2025-12-28T23:10:12.5804952Z [36;1m  sudo chown -R "$USER:$USER" "$SDKROOT" || true[0m
Development build	Install Android SDK/NDK (required for native modules)	2025-12-28T23:10:12.5805468Z [36;1m  chmod -R u+rwX "$SDKROOT" || true[0m
Development build	Install Android SDK/NDK (required for native modules)	2025-12-28T23:10:12.5805727Z [36;1m  ls -ld "$SDKROOT" || true[0m
Development build	Install Android SDK/NDK (required for native modules)	2025-12-28T23:10:12.5805968Z [36;1mfi[0m
Development build	Install Android SDK/NDK (required for native modules)	2025-12-28T23:10:12.5806126Z [36;1m[0m
Development build	Install Android SDK/NDK (required for native modules)	2025-12-28T23:10:12.5806365Z [36;1mSDKMANAGER="$SDKROOT/cmdline-tools/latest/bin/sdkmanager"[0m
Development build	Install Android SDK/NDK (required for native modules)	2025-12-28T23:10:12.5806697Z [36;1mif [ ! -x "$SDKMANAGER" ]; then[0m
Development build	Install Android SDK/NDK (required for native modules)	2025-12-28T23:10:12.5806988Z [36;1m  SDKMANAGER="$SDKROOT/cmdline-tools/bin/sdkmanager"[0m
Development build	Install Android SDK/NDK (required for native modules)	2025-12-28T23:10:12.5807269Z [36;1mfi[0m
Development build	Install Android SDK/NDK (required for native modules)	2025-12-28T23:10:12.5807437Z [36;1mif [ ! -x "$SDKMANAGER" ]; then[0m
Development build	Install Android SDK/NDK (required for native modules)	2025-12-28T23:10:12.5807716Z [36;1m  SDKMANAGER="$(command -v sdkmanager || true)"[0m
Development build	Install Android SDK/NDK (required for native modules)	2025-12-28T23:10:12.5808162Z [36;1mfi[0m
Development build	Install Android SDK/NDK (required for native modules)	2025-12-28T23:10:12.5808389Z [36;1mif [ -z "${SDKMANAGER:-}" ] || [ ! -x "$SDKMANAGER" ]; then[0m
Development build	Install Android SDK/NDK (required for native modules)	2025-12-28T23:10:12.5808740Z [36;1m  echo "sdkmanager not found (SDKROOT=$SDKROOT)" >&2[0m
Development build	Install Android SDK/NDK (required for native modules)	2025-12-28T23:10:12.5809122Z [36;1m  find "$SDKROOT" -maxdepth 5 -type f -name sdkmanager -print || true[0m
Development build	Install Android SDK/NDK (required for native modules)	2025-12-28T23:10:12.5809457Z [36;1m  exit 1[0m
Development build	Install Android SDK/NDK (required for native modules)	2025-12-28T23:10:12.5809619Z [36;1mfi[0m
Development build	Install Android SDK/NDK (required for native modules)	2025-12-28T23:10:12.5809810Z [36;1mecho "Using sdkmanager: $SDKMANAGER"[0m
Development build	Install Android SDK/NDK (required for native modules)	2025-12-28T23:10:12.5810048Z [36;1m[0m
Development build	Install Android SDK/NDK (required for native modules)	2025-12-28T23:10:12.5810194Z [36;1mset +e[0m
Development build	Install Android SDK/NDK (required for native modules)	2025-12-28T23:10:12.5810425Z [36;1myes | "$SDKMANAGER" --sdk_root="$SDKROOT" --licenses[0m
Development build	Install Android SDK/NDK (required for native modules)	2025-12-28T23:10:12.5810700Z [36;1mlic_rc=$?[0m
Development build	Install Android SDK/NDK (required for native modules)	2025-12-28T23:10:12.5810876Z [36;1mset -e[0m
Development build	Install Android SDK/NDK (required for native modules)	2025-12-28T23:10:12.5811049Z [36;1mif [ $lic_rc -ne 0 ]; then[0m
Development build	Install Android SDK/NDK (required for native modules)	2025-12-28T23:10:12.5811408Z [36;1m  echo "::warning::sdkmanager --licenses exited with code $lic_rc (continuing)"[0m
Development build	Install Android SDK/NDK (required for native modules)	2025-12-28T23:10:12.5811756Z [36;1mfi[0m
Development build	Install Android SDK/NDK (required for native modules)	2025-12-28T23:10:12.5811906Z [36;1m[0m
Development build	Install Android SDK/NDK (required for native modules)	2025-12-28T23:10:12.5812055Z [36;1mpkgs=([0m
Development build	Install Android SDK/NDK (required for native modules)	2025-12-28T23:10:12.5812231Z [36;1m  "platforms;android-34"[0m
Development build	Install Android SDK/NDK (required for native modules)	2025-12-28T23:10:12.5812461Z [36;1m  "build-tools;34.0.0"[0m
Development build	Install Android SDK/NDK (required for native modules)	2025-12-28T23:10:12.5812676Z [36;1m  "platform-tools"[0m
Development build	Install Android SDK/NDK (required for native modules)	2025-12-28T23:10:12.5812884Z [36;1m  "ndk;27.2.12479018"[0m
Development build	Install Android SDK/NDK (required for native modules)	2025-12-28T23:10:12.5813075Z [36;1m)[0m
Development build	Install Android SDK/NDK (required for native modules)	2025-12-28T23:10:12.5813228Z [36;1m[0m
Development build	Install Android SDK/NDK (required for native modules)	2025-12-28T23:10:12.5813370Z [36;1mset +e[0m
Development build	Install Android SDK/NDK (required for native modules)	2025-12-28T23:10:12.5813546Z [36;1minstall_rc=0[0m
Development build	Install Android SDK/NDK (required for native modules)	2025-12-28T23:10:12.5813734Z [36;1mfor attempt in 1 2 3; do[0m
Development build	Install Android SDK/NDK (required for native modules)	2025-12-28T23:10:12.5814021Z [36;1m  echo "Installing SDK packages (attempt $attempt/3)..."[0m
Development build	Install Android SDK/NDK (required for native modules)	2025-12-28T23:10:12.5814398Z [36;1m  "$SDKMANAGER" --sdk_root="$SDKROOT" --install "${pkgs[@]}"[0m
Development build	Install Android SDK/NDK (required for native modules)	2025-12-28T23:10:12.5814694Z [36;1m  install_rc=$?[0m
Development build	Install Android SDK/NDK (required for native modules)	2025-12-28T23:10:12.5814904Z [36;1m  if [ $install_rc -eq 0 ]; then[0m
Development build	Install Android SDK/NDK (required for native modules)	2025-12-28T23:10:12.5815126Z [36;1m    break[0m
Development build	Install Android SDK/NDK (required for native modules)	2025-12-28T23:10:12.5815599Z [36;1m  fi[0m
Development build	Install Android SDK/NDK (required for native modules)	2025-12-28T23:10:12.5815972Z [36;1m  echo "::warning::sdkmanager install failed (exit $install_rc) on attempt $attempt; retrying..."[0m
Development build	Install Android SDK/NDK (required for native modules)	2025-12-28T23:10:12.5816403Z [36;1m  sleep $((attempt * 15))[0m
Development build	Install Android SDK/NDK (required for native modules)	2025-12-28T23:10:12.5816617Z [36;1mdone[0m
Development build	Install Android SDK/NDK (required for native modules)	2025-12-28T23:10:12.5816778Z [36;1mset -e[0m
Development build	Install Android SDK/NDK (required for native modules)	2025-12-28T23:10:12.5816967Z [36;1mif [ $install_rc -ne 0 ]; then[0m
Development build	Install Android SDK/NDK (required for native modules)	2025-12-28T23:10:12.5817316Z [36;1m  echo "::error::sdkmanager install failed after retries (exit $install_rc)"[0m
Development build	Install Android SDK/NDK (required for native modules)	2025-12-28T23:10:12.5817925Z [36;1m  "$SDKMANAGER" --sdk_root="$SDKROOT" --list || true[0m
Development build	Install Android SDK/NDK (required for native modules)	2025-12-28T23:10:12.5818210Z [36;1m  exit $install_rc[0m
Development build	Install Android SDK/NDK (required for native modules)	2025-12-28T23:10:12.5818405Z [36;1mfi[0m
Development build	Install Android SDK/NDK (required for native modules)	2025-12-28T23:10:12.5854046Z shell: /usr/bin/bash --noprofile --norc -e -o pipefail {0}
Development build	Install Android SDK/NDK (required for native modules)	2025-12-28T23:10:12.5854376Z env:
Development build	Install Android SDK/NDK (required for native modules)	2025-12-28T23:10:12.5854653Z   JAVA_HOME: /opt/hostedtoolcache/Java_Temurin-Hotspot_jdk/21.0.9-10/x64
Development build	Install Android SDK/NDK (required for native modules)	2025-12-28T23:10:12.5855105Z   JAVA_HOME_21_X64: /opt/hostedtoolcache/Java_Temurin-Hotspot_jdk/21.0.9-10/x64
Development build	Install Android SDK/NDK (required for native modules)	2025-12-28T23:10:12.5855699Z   ANDROID_HOME: /usr/local/lib/android/sdk
Development build	Install Android SDK/NDK (required for native modules)	2025-12-28T23:10:12.5855964Z   ANDROID_SDK_ROOT: /usr/local/lib/android/sdk
Development build	Install Android SDK/NDK (required for native modules)	2025-12-28T23:10:12.5856208Z ##[endgroup]
Development build	Install Android SDK/NDK (required for native modules)	2025-12-28T23:10:12.5929527Z ANDROID_SDK_ROOT=/usr/local/lib/android/sdk
Development build	Install Android SDK/NDK (required for native modules)	2025-12-28T23:10:12.5930126Z ANDROID_HOME=/usr/local/lib/android/sdk
Development build	Install Android SDK/NDK (required for native modules)	2025-12-28T23:10:12.5930511Z Using SDK root: /usr/local/lib/android/sdk
Development build	Install Android SDK/NDK (required for native modules)	2025-12-28T23:10:12.5966048Z drwxrwxrwx 13 root root 4096 Dec 28 23:10 /usr/local/lib/android/sdk
Development build	Install Android SDK/NDK (required for native modules)	2025-12-28T23:10:56.9996575Z drwxrwxrwx 13 runner runner 4096 Dec 28 23:10 /usr/local/lib/android/sdk
Development build	Install Android SDK/NDK (required for native modules)	2025-12-28T23:10:56.9999620Z Using sdkmanager: /usr/local/lib/android/sdk/cmdline-tools/latest/bin/sdkmanager
Development build	Install Android SDK/NDK (required for native modules)	2025-12-28T23:10:59.2446301Z Warning: This version only understands SDK XML versions up to 3 but an SDK XML file of version 4 was encountered. This can happen if you use versions of Android Studio and the command-line tools that were released at different times.
Development build	Install Android SDK/NDK (required for native modules)	2025-12-28T23:10:59.4698757Z Loading local repository...                                                     
Development build	Install Android SDK/NDK (required for native modules)	2025-12-28T23:10:59.4699982Z [=========                              ] 25% Loading local repository...       
Development build	Install Android SDK/NDK (required for native modules)	2025-12-28T23:11:00.0515056Z [=========                              ] 25% Fetch remote repository...        
Development build	Install Android SDK/NDK (required for native modules)	2025-12-28T23:11:00.3525123Z [==========                             ] 26% Fetch remote repository...        
Development build	Install Android SDK/NDK (required for native modules)	2025-12-28T23:11:00.3532028Z [============                           ] 31% Fetch remote repository...        
Development build	Install Android SDK/NDK (required for native modules)	2025-12-28T23:11:00.4475484Z [============                           ] 32% Fetch remote repository...        
Development build	Install Android SDK/NDK (required for native modules)	2025-12-28T23:11:00.4526081Z [=============                          ] 33% Fetch remote repository...        
Development build	Install Android SDK/NDK (required for native modules)	2025-12-28T23:11:00.4971214Z [=============                          ] 35% Fetch remote repository...        
Development build	Install Android SDK/NDK (required for native modules)	2025-12-28T23:11:00.4976563Z [==============                         ] 36% Fetch remote repository...        
Development build	Install Android SDK/NDK (required for native modules)	2025-12-28T23:11:00.5086216Z [==============                         ] 37% Fetch remote repository...        
Development build	Install Android SDK/NDK (required for native modules)	2025-12-28T23:11:00.5090522Z [===============                        ] 38% Fetch remote repository...        
Development build	Install Android SDK/NDK (required for native modules)	2025-12-28T23:11:00.5493959Z [===============                        ] 39% Fetch remote repository...        
Development build	Install Android SDK/NDK (required for native modules)	2025-12-28T23:11:00.5498369Z [================                       ] 40% Fetch remote repository...        
Development build	Install Android SDK/NDK (required for native modules)	2025-12-28T23:11:01.0034334Z [================                       ] 41% Fetch remote repository...        
Development build	Install Android SDK/NDK (required for native modules)	2025-12-28T23:11:01.0036329Z [================                       ] 42% Fetch remote repository...        
Development build	Install Android SDK/NDK (required for native modules)	2025-12-28T23:11:01.1731129Z [=================                      ] 44% Fetch remote repository...        
Development build	Install Android SDK/NDK (required for native modules)	2025-12-28T23:11:01.1732868Z [=================                      ] 45% Fetch remote repository...        
Development build	Install Android SDK/NDK (required for native modules)	2025-12-28T23:11:01.1898606Z [==================                     ] 46% Fetch remote repository...        
Development build	Install Android SDK/NDK (required for native modules)	2025-12-28T23:11:01.1899439Z [==================                     ] 47% Fetch remote repository...        
Development build	Install Android SDK/NDK (required for native modules)	2025-12-28T23:11:01.2126422Z [===================                    ] 48% Fetch remote repository...        
Development build	Install Android SDK/NDK (required for native modules)	2025-12-28T23:11:01.2127787Z [===================                    ] 49% Fetch remote repository...        
Development build	Install Android SDK/NDK (required for native modules)	2025-12-28T23:11:01.2584414Z [====================                   ] 50% Fetch remote repository...        
Development build	Install Android SDK/NDK (required for native modules)	2025-12-28T23:11:01.2589935Z [====================                   ] 51% Fetch remote repository...        
Development build	Install Android SDK/NDK (required for native modules)	2025-12-28T23:11:01.2779361Z [====================                   ] 53% Fetch remote repository...        
Development build	Install Android SDK/NDK (required for native modules)	2025-12-28T23:11:01.2780540Z [=====================                  ] 54% Fetch remote repository...        
Development build	Install Android SDK/NDK (required for native modules)	2025-12-28T23:11:01.2962853Z [=====================                  ] 55% Fetch remote repository...        
Development build	Install Android SDK/NDK (required for native modules)	2025-12-28T23:11:01.2964113Z [======================                 ] 56% Fetch remote repository...        
Development build	Install Android SDK/NDK (required for native modules)	2025-12-28T23:11:01.3114917Z [======================                 ] 57% Fetch remote repository...        
Development build	Install Android SDK/NDK (required for native modules)	2025-12-28T23:11:01.3116533Z [=======================                ] 58% Fetch remote repository...        
Development build	Install Android SDK/NDK (required for native modules)	2025-12-28T23:11:01.3354583Z [=======================                ] 59% Fetch remote repository...        
Development build	Install Android SDK/NDK (required for native modules)	2025-12-28T23:11:01.3355956Z [========================               ] 60% Fetch remote repository...        
Development build	Install Android SDK/NDK (required for native modules)	2025-12-28T23:11:01.3563562Z [========================               ] 61% Fetch remote repository...        
Development build	Install Android SDK/NDK (required for native modules)	2025-12-28T23:11:01.3589950Z [=========================              ] 63% Fetch remote repository...        
Development build	Install Android SDK/NDK (required for native modules)	2025-12-28T23:11:01.3717529Z [=========================              ] 64% Fetch remote repository...        
Development build	Install Android SDK/NDK (required for native modules)	2025-12-28T23:11:01.3719481Z [=========================              ] 65% Fetch remote repository...        
Development build	Install Android SDK/NDK (required for native modules)	2025-12-28T23:11:01.3843203Z [==========================             ] 66% Fetch remote repository...        
Development build	Install Android SDK/NDK (required for native modules)	2025-12-28T23:11:01.3844068Z [==========================             ] 67% Fetch remote repository...        
Development build	Install Android SDK/NDK (required for native modules)	2025-12-28T23:11:01.3993392Z [===========================            ] 68% Fetch remote repository...        
Development build	Install Android SDK/NDK (required for native modules)	2025-12-28T23:11:01.3995404Z [===========================            ] 69% Fetch remote repository...        
Development build	Install Android SDK/NDK (required for native modules)	2025-12-28T23:11:01.4131338Z [============================           ] 70% Fetch remote repository...        
Development build	Install Android SDK/NDK (required for native modules)	2025-12-28T23:11:01.4137180Z [============================           ] 72% Fetch remote repository...        
Development build	Install Android SDK/NDK (required for native modules)	2025-12-28T23:11:01.4332320Z [=============================          ] 73% Fetch remote repository...        
Development build	Install Android SDK/NDK (required for native modules)	2025-12-28T23:11:01.4336219Z [=============================          ] 74% Fetch remote repository...        
Development build	Install Android SDK/NDK (required for native modules)	2025-12-28T23:11:01.4417065Z [=============================          ] 75% Fetch remote repository...        
Development build	Install Android SDK/NDK (required for native modules)	2025-12-28T23:11:01.4523912Z [=============================          ] 75% Computing updates...              
Development build	Install Android SDK/NDK (required for native modules)	2025-12-28T23:11:01.4527900Z [=======================================] 100% Computing updates...             
Development build	Install Android SDK/NDK (required for native modules)	2025-12-28T23:11:01.5167734Z All SDK package licenses accepted.
Development build	Install Android SDK/NDK (required for native modules)	2025-12-28T23:11:01.5168161Z 
Development build	Install Android SDK/NDK (required for native modules)	2025-12-28T23:11:01.5372739Z yes: standard output: Broken pipe
Development build	Install Android SDK/NDK (required for native modules)	2025-12-28T23:11:01.5397563Z ##[warning]sdkmanager --licenses exited with code 1 (continuing)
Development build	Install Android SDK/NDK (required for native modules)	2025-12-28T23:11:01.5405666Z Installing SDK packages (attempt 1/3)...
Development build	Install Android SDK/NDK (required for native modules)	2025-12-28T23:11:02.1280097Z Warning: This version only understands SDK XML versions up to 3 but an SDK XML file of version 4 was encountered. This can happen if you use versions of Android Studio and the command-line tools that were released at different times.
Development build	Install Android SDK/NDK (required for native modules)	2025-12-28T23:11:02.2528824Z Loading package information...                                                  
Development build	Install Android SDK/NDK (required for native modules)	2025-12-28T23:11:02.3381076Z Loading local repository...                                                     
Development build	Install Android SDK/NDK (required for native modules)	2025-12-28T23:11:02.3384073Z [                                       ] 3% Loading local repository...        
Development build	Install Android SDK/NDK (required for native modules)	2025-12-28T23:11:02.3416188Z [                                       ] 3% Fetch remote repository...         
Development build	Install Android SDK/NDK (required for native modules)	2025-12-28T23:11:02.6566331Z [=                                      ] 3% Fetch remote repository...         
Development build	Install Android SDK/NDK (required for native modules)	2025-12-28T23:11:02.7919294Z [=                                      ] 4% Fetch remote repository...         
Development build	Install Android SDK/NDK (required for native modules)	2025-12-28T23:11:02.8290145Z [=                                      ] 5% Fetch remote repository...         
Development build	Install Android SDK/NDK (required for native modules)	2025-12-28T23:11:02.8932449Z [==                                     ] 5% Fetch remote repository...         
Development build	Install Android SDK/NDK (required for native modules)	2025-12-28T23:11:02.9602043Z [==                                     ] 6% Fetch remote repository...         
Development build	Install Android SDK/NDK (required for native modules)	2025-12-28T23:11:03.0652469Z [==                                     ] 7% Fetch remote repository...         
Development build	Install Android SDK/NDK (required for native modules)	2025-12-28T23:11:03.0666551Z [==                                     ] 7% Computing updates...               
Development build	Install Android SDK/NDK (required for native modules)	2025-12-28T23:11:03.0767413Z [===                                    ] 8% Computing updates...               
Development build	Install Android SDK/NDK (required for native modules)	2025-12-28T23:11:03.0888214Z [===                                    ] 10% Computing updates...              
Development build	Install Android SDK/NDK (required for native modules)	2025-12-28T23:11:04.5776195Z [===                                    ] 10% Installing NDK (Side by side) 27.2
Development build	Install Android SDK/NDK (required for native modules)	2025-12-28T23:11:04.7934581Z [===                                    ] 10% Downloading android-ndk-r27c-linux
Development build	Install Android SDK/NDK (required for native modules)	2025-12-28T23:11:04.8806265Z [====                                   ] 10% Downloading android-ndk-r27c-linux
Development build	Install Android SDK/NDK (required for native modules)	2025-12-28T23:11:05.0334180Z [====                                   ] 11% Downloading android-ndk-r27c-linux
Development build	Install Android SDK/NDK (required for native modules)	2025-12-28T23:11:05.2279966Z [====                                   ] 12% Downloading android-ndk-r27c-linux
Development build	Install Android SDK/NDK (required for native modules)	2025-12-28T23:11:05.3847462Z [=====                                  ] 13% Downloading android-ndk-r27c-linux
Development build	Install Android SDK/NDK (required for native modules)	2025-12-28T23:11:05.5355013Z [=====                                  ] 14% Downloading android-ndk-r27c-linux
Development build	Install Android SDK/NDK (required for native modules)	2025-12-28T23:11:05.6468189Z [=====                                  ] 15% Downloading android-ndk-r27c-linux
Development build	Install Android SDK/NDK (required for native modules)	2025-12-28T23:11:05.7192555Z [======                                 ] 15% Downloading android-ndk-r27c-linux
Development build	Install Android SDK/NDK (required for native modules)	2025-12-28T23:11:05.8756803Z [======                                 ] 16% Downloading android-ndk-r27c-linux
Development build	Install Android SDK/NDK (required for native modules)	2025-12-28T23:11:06.0613990Z [======                                 ] 17% Downloading android-ndk-r27c-linux
Development build	Install Android SDK/NDK (required for native modules)	2025-12-28T23:11:06.2209010Z [=======                                ] 18% Downloading android-ndk-r27c-linux
Development build	Install Android SDK/NDK (required for native modules)	2025-12-28T23:11:06.4164142Z [=======                                ] 19% Downloading android-ndk-r27c-linux
Development build	Install Android SDK/NDK (required for native modules)	2025-12-28T23:11:06.4976118Z [=======                                ] 20% Downloading android-ndk-r27c-linux
Development build	Install Android SDK/NDK (required for native modules)	2025-12-28T23:11:06.5779815Z [========                               ] 20% Downloading android-ndk-r27c-linux
Development build	Install Android SDK/NDK (required for native modules)	2025-12-28T23:11:06.7684868Z [========                               ] 21% Downloading android-ndk-r27c-linux
Development build	Install Android SDK/NDK (required for native modules)	2025-12-28T23:11:06.9205089Z [========                               ] 22% Downloading android-ndk-r27c-linux
Development build	Install Android SDK/NDK (required for native modules)	2025-12-28T23:11:07.0723551Z [=========                              ] 23% Downloading android-ndk-r27c-linux
Development build	Install Android SDK/NDK (required for native modules)	2025-12-28T23:11:07.2648792Z [=========                              ] 24% Downloading android-ndk-r27c-linux
Development build	Install Android SDK/NDK (required for native modules)	2025-12-28T23:11:07.3466020Z [=========                              ] 25% Downloading android-ndk-r27c-linux
Development build	Install Android SDK/NDK (required for native modules)	2025-12-28T23:11:07.4191494Z [==========                             ] 25% Downloading android-ndk-r27c-linux
Development build	Install Android SDK/NDK (required for native modules)	2025-12-28T23:11:07.6109639Z [==========                             ] 26% Downloading android-ndk-r27c-linux
Development build	Install Android SDK/NDK (required for native modules)	2025-12-28T23:11:07.7650412Z [==========                             ] 27% Downloading android-ndk-r27c-linux
Development build	Install Android SDK/NDK (required for native modules)	2025-12-28T23:11:07.9565765Z [===========                            ] 28% Downloading android-ndk-r27c-linux
Development build	Install Android SDK/NDK (required for native modules)	2025-12-28T23:11:08.1104980Z [===========                            ] 29% Downloading android-ndk-r27c-linux
Development build	Install Android SDK/NDK (required for native modules)	2025-12-28T23:11:08.1870776Z [===========                            ] 30% Downloading android-ndk-r27c-linux
Development build	Install Android SDK/NDK (required for native modules)	2025-12-28T23:11:08.2961271Z [============                           ] 30% Downloading android-ndk-r27c-linux
Development build	Install Android SDK/NDK (required for native modules)	2025-12-28T23:11:08.4597295Z [============                           ] 31% Downloading android-ndk-r27c-linux
Development build	Install Android SDK/NDK (required for native modules)	2025-12-28T23:11:08.7041807Z [============                           ] 32% Downloading android-ndk-r27c-linux
Development build	Install Android SDK/NDK (required for native modules)	2025-12-28T23:11:08.7046846Z [============                           ] 33% Downloading android-ndk-r27c-linux
Development build	Install Android SDK/NDK (required for native modules)	2025-12-28T23:11:09.1021781Z [============                           ] 33% Unzipping...                      
Development build	Install Android SDK/NDK (required for native modules)	2025-12-28T23:11:09.1023898Z [============                           ] 33% Unzipping... android-ndk-r27c/    
Development build	Install Android SDK/NDK (required for native modules)	2025-12-28T23:11:09.1041610Z [============                           ] 33% Unzipping... android-ndk-r27c/READ
Development build	Install Android SDK/NDK (required for native modules)	2025-12-28T23:11:09.1044862Z [=============                          ] 33% Unzipping... android-ndk-r27c/READ
Development build	Install Android SDK/NDK (required for native modules)	2025-12-28T23:11:09.1062012Z [=============                          ] 33% Unzipping... android-ndk-r27c/meta
Development build	Install Android SDK/NDK (required for native modules)	2025-12-28T23:11:09.2375929Z [=============                          ] 33% Unzipping... android-ndk-r27c/shad
Development build	Install Android SDK/NDK (required for native modules)	2025-12-28T23:11:09.2383137Z [=============                          ] 33% Unzipping... android-ndk-r27c/ndk-
Development build	Install Android SDK/NDK (required for native modules)	2025-12-28T23:11:09.2389205Z [=============                          ] 33% Unzipping... android-ndk-r27c/wrap
Development build	Install Android SDK/NDK (required for native modules)	2025-12-28T23:11:09.2391782Z [=============                          ] 33% Unzipping... android-ndk-r27c/ndk-
Development build	Install Android SDK/NDK (required for native modules)	2025-12-28T23:11:09.5926158Z [=============                          ] 33% Unzipping... android-ndk-r27c/tool
Development build	Install Android SDK/NDK (required for native modules)	2025-12-28T23:11:10.0744829Z [=============                          ] 34% Unzipping... android-ndk-r27c/tool
Development build	Install Android SDK/NDK (required for native modules)	2025-12-28T23:11:10.3210767Z [=============                          ] 35% Unzipping... android-ndk-r27c/tool
Development build	Install Android SDK/NDK (required for native modules)	2025-12-28T23:11:10.4617899Z [==============                         ] 35% Unzipping... android-ndk-r27c/tool
Development build	Install Android SDK/NDK (required for native modules)	2025-12-28T23:11:10.8854344Z [==============                         ] 36% Unzipping... android-ndk-r27c/tool
Development build	Install Android SDK/NDK (required for native modules)	2025-12-28T23:11:11.3265496Z [==============                         ] 37% Unzipping... android-ndk-r27c/tool
Development build	Install Android SDK/NDK (required for native modules)	2025-12-28T23:11:11.7528174Z [===============                        ] 38% Unzipping... android-ndk-r27c/tool
Development build	Install Android SDK/NDK (required for native modules)	2025-12-28T23:11:12.2221362Z [===============                        ] 39% Unzipping... android-ndk-r27c/tool
Development build	Install Android SDK/NDK (required for native modules)	2025-12-28T23:11:12.4166670Z [===============                        ] 40% Unzipping... android-ndk-r27c/tool
Development build	Install Android SDK/NDK (required for native modules)	2025-12-28T23:11:12.6296901Z [================                       ] 40% Unzipping... android-ndk-r27c/tool
Development build	Install Android SDK/NDK (required for native modules)	2025-12-28T23:11:13.1176191Z [================                       ] 41% Unzipping... android-ndk-r27c/tool
Development build	Install Android SDK/NDK (required for native modules)	2025-12-28T23:11:13.5861283Z [================                       ] 42% Unzipping... android-ndk-r27c/tool
Development build	Install Android SDK/NDK (required for native modules)	2025-12-28T23:11:14.3285761Z [=================                      ] 43% Unzipping... android-ndk-r27c/tool
Development build	Install Android SDK/NDK (required for native modules)	2025-12-28T23:11:14.8617798Z [=================                      ] 44% Unzipping... android-ndk-r27c/tool
Development build	Install Android SDK/NDK (required for native modules)	2025-12-28T23:11:15.3733122Z [=================                      ] 45% Unzipping... android-ndk-r27c/tool
Development build	Install Android SDK/NDK (required for native modules)	2025-12-28T23:11:15.5686454Z [==================                     ] 45% Unzipping... android-ndk-r27c/tool
Development build	Install Android SDK/NDK (required for native modules)	2025-12-28T23:11:15.9463945Z [==================                     ] 46% Unzipping... android-ndk-r27c/tool
Development build	Install Android SDK/NDK (required for native modules)	2025-12-28T23:11:16.3513833Z [==================                     ] 47% Unzipping... android-ndk-r27c/tool
Development build	Install Android SDK/NDK (required for native modules)	2025-12-28T23:11:16.7596098Z [===================                    ] 48% Unzipping... android-ndk-r27c/tool
Development build	Install Android SDK/NDK (required for native modules)	2025-12-28T23:11:17.1263164Z [===================                    ] 49% Unzipping... android-ndk-r27c/tool
Development build	Install Android SDK/NDK (required for native modules)	2025-12-28T23:11:17.3209309Z [===================                    ] 50% Unzipping... android-ndk-r27c/tool
Development build	Install Android SDK/NDK (required for native modules)	2025-12-28T23:11:17.5258957Z [====================                   ] 50% Unzipping... android-ndk-r27c/tool
Development build	Install Android SDK/NDK (required for native modules)	2025-12-28T23:11:17.9161952Z [====================                   ] 51% Unzipping... android-ndk-r27c/tool
Development build	Install Android SDK/NDK (required for native modules)	2025-12-28T23:11:18.3241056Z [====================                   ] 52% Unzipping... android-ndk-r27c/tool
Development build	Install Android SDK/NDK (required for native modules)	2025-12-28T23:11:18.7453596Z [=====================                  ] 53% Unzipping... android-ndk-r27c/tool
Development build	Install Android SDK/NDK (required for native modules)	2025-12-28T23:11:18.9786792Z [=====================                  ] 54% Unzipping... android-ndk-r27c/tool
Development build	Install Android SDK/NDK (required for native modules)	2025-12-28T23:11:18.9913284Z [=====================                  ] 54% Unzipping... android-ndk-r27c/buil
Development build	Install Android SDK/NDK (required for native modules)	2025-12-28T23:11:19.2320516Z [=====================                  ] 54% Unzipping... android-ndk-r27c/sour
Development build	Install Android SDK/NDK (required for native modules)	2025-12-28T23:11:19.2343489Z [=====================                  ] 54% Unzipping... android-ndk-r27c/NOTI
Development build	Install Android SDK/NDK (required for native modules)	2025-12-28T23:11:19.2345471Z [=====================                  ] 54% Unzipping... android-ndk-r27c/ndk-
Development build	Install Android SDK/NDK (required for native modules)	2025-12-28T23:11:19.2359258Z [=====================                  ] 54% Unzipping... android-ndk-r27c/NOTI
Development build	Install Android SDK/NDK (required for native modules)	2025-12-28T23:11:19.2395967Z [=====================                  ] 54% Unzipping... android-ndk-r27c/pyth
Development build	Install Android SDK/NDK (required for native modules)	2025-12-28T23:11:19.2816765Z [=====================                  ] 54% Unzipping... android-ndk-r27c/preb
Development build	Install Android SDK/NDK (required for native modules)	2025-12-28T23:11:19.2820101Z [=====================                  ] 54% Unzipping... android-ndk-r27c/ndk-
Development build	Install Android SDK/NDK (required for native modules)	2025-12-28T23:11:19.2821508Z [=====================                  ] 54% Unzipping... android-ndk-r27c/sour
Development build	Install Android SDK/NDK (required for native modules)	2025-12-28T23:11:19.3352291Z [=====================                  ] 54% Unzipping... android-ndk-r27c/simp
Development build	Install Android SDK/NDK (required for native modules)	2025-12-28T23:11:19.4785716Z [=====================                  ] 55% Unzipping... android-ndk-r27c/simp
Development build	Install Android SDK/NDK (required for native modules)	2025-12-28T23:11:19.6017893Z [=====================                  ] 55% Unzipping... android-ndk-r27c/CHAN
Development build	Install Android SDK/NDK (required for native modules)	2025-12-28T23:11:19.6019420Z [=======================================] 100% Unzipping... android-ndk-r27c/CHA
Development build	Install Android SDK/NDK (required for native modules)	2025-12-28T23:11:19.7314657Z 
Development build	Restore SonarCloud packages cache	´╗┐2025-12-28T23:11:19.7673023Z ##[group]Run actions/cache@v4
Development build	Restore SonarCloud packages cache	2025-12-28T23:11:19.7673289Z with:
Development build	Restore SonarCloud packages cache	2025-12-28T23:11:19.7673454Z   path: ~/.sonar/cache
Development build	Restore SonarCloud packages cache	2025-12-28T23:11:19.7673643Z   key: Linux-sonar
Development build	Restore SonarCloud packages cache	2025-12-28T23:11:19.7673824Z   restore-keys: Linux-sonar
Development build	Restore SonarCloud packages cache	2025-12-28T23:11:19.7674039Z   enableCrossOsArchive: false
Development build	Restore SonarCloud packages cache	2025-12-28T23:11:19.7674249Z   fail-on-cache-miss: false
Development build	Restore SonarCloud packages cache	2025-12-28T23:11:19.7674446Z   lookup-only: false
Development build	Restore SonarCloud packages cache	2025-12-28T23:11:19.7674618Z   save-always: false
Development build	Restore SonarCloud packages cache	2025-12-28T23:11:19.7674781Z env:
Development build	Restore SonarCloud packages cache	2025-12-28T23:11:19.7675042Z   JAVA_HOME: /opt/hostedtoolcache/Java_Temurin-Hotspot_jdk/21.0.9-10/x64
Development build	Restore SonarCloud packages cache	2025-12-28T23:11:19.7675636Z   JAVA_HOME_21_X64: /opt/hostedtoolcache/Java_Temurin-Hotspot_jdk/21.0.9-10/x64
Development build	Restore SonarCloud packages cache	2025-12-28T23:11:19.7675994Z   ANDROID_HOME: /usr/local/lib/android/sdk
Development build	Restore SonarCloud packages cache	2025-12-28T23:11:19.7676432Z   ANDROID_SDK_ROOT: /usr/local/lib/android/sdk
Development build	Restore SonarCloud packages cache	2025-12-28T23:11:19.7676692Z ##[endgroup]
Development build	Restore SonarCloud packages cache	2025-12-28T23:11:20.0554092Z Cache not found for input keys: Linux-sonar, Linux-sonar
Development build	Run unit tests	´╗┐2025-12-28T23:11:20.0627599Z ##[group]Run ./gradlew test --stacktrace
Development build	Run unit tests	2025-12-28T23:11:20.0627960Z [36;1m./gradlew test --stacktrace[0m
Development build	Run unit tests	2025-12-28T23:11:20.0660030Z shell: /usr/bin/bash -e {0}
Development build	Run unit tests	2025-12-28T23:11:20.0660250Z env:
Development build	Run unit tests	2025-12-28T23:11:20.0660531Z   JAVA_HOME: /opt/hostedtoolcache/Java_Temurin-Hotspot_jdk/21.0.9-10/x64
Development build	Run unit tests	2025-12-28T23:11:20.0660995Z   JAVA_HOME_21_X64: /opt/hostedtoolcache/Java_Temurin-Hotspot_jdk/21.0.9-10/x64
Development build	Run unit tests	2025-12-28T23:11:20.0661373Z   ANDROID_HOME: /usr/local/lib/android/sdk
Development build	Run unit tests	2025-12-28T23:11:20.0661643Z   ANDROID_SDK_ROOT: /usr/local/lib/android/sdk
Development build	Run unit tests	2025-12-28T23:11:20.0661892Z ##[endgroup]
Development build	Run unit tests	2025-12-28T23:11:20.1565964Z Downloading https://services.gradle.org/distributions/gradle-8.9-bin.zip
Development build	Run unit tests	2025-12-28T23:11:21.6703499Z ............10%.............20%.............30%.............40%.............50%.............60%.............70%.............80%.............90%.............100%
Development build	Run unit tests	2025-12-28T23:11:22.7921633Z 
Development build	Run unit tests	2025-12-28T23:11:22.7922624Z Welcome to Gradle 8.9!
Development build	Run unit tests	2025-12-28T23:11:22.7922978Z 
Development build	Run unit tests	2025-12-28T23:11:22.7924027Z Here are the highlights of this release:
Development build	Run unit tests	2025-12-28T23:11:22.7925007Z  - Enhanced Error and Warning Messages
Development build	Run unit tests	2025-12-28T23:11:22.7926535Z  - IDE Integration Improvements
Development build	Run unit tests	2025-12-28T23:11:22.7927251Z  - Daemon JVM Information
Development build	Run unit tests	2025-12-28T23:11:22.7927505Z 
Development build	Run unit tests	2025-12-28T23:11:22.7929035Z For more details see https://docs.gradle.org/8.9/release-notes.html
Development build	Run unit tests	2025-12-28T23:11:22.7929537Z 
Development build	Run unit tests	2025-12-28T23:11:23.2920090Z Starting a Gradle Daemon (subsequent builds will be faster)
Development build	Run unit tests	2025-12-28T23:12:39.5930657Z 
Development build	Run unit tests	2025-12-28T23:12:39.5938186Z > Configure project :app
Development build	Run unit tests	2025-12-28T23:12:39.5964991Z No signature properties found. Using debug key for release build to ensure APK is installable.
Development build	Run unit tests	2025-12-28T23:12:43.9919109Z Checking the license for package Android SDK Platform 33 in /usr/local/lib/android/sdk/licenses
Development build	Run unit tests	2025-12-28T23:12:43.9920630Z License for package Android SDK Platform 33 accepted.
Development build	Run unit tests	2025-12-28T23:12:43.9935542Z Preparing "Install Android SDK Platform 33 (revision 3)".
Development build	Run unit tests	2025-12-28T23:12:47.6917624Z "Install Android SDK Platform 33 (revision 3)" ready.
Development build	Run unit tests	2025-12-28T23:12:47.6918981Z Installing Android SDK Platform 33 in /usr/local/lib/android/sdk/platforms/android-33
Development build	Run unit tests	2025-12-28T23:12:47.6919966Z "Install Android SDK Platform 33 (revision 3)" complete.
Development build	Run unit tests	2025-12-28T23:12:47.8929052Z "Install Android SDK Platform 33 (revision 3)" finished.
Development build	Run unit tests	2025-12-28T23:12:48.4924427Z 
Development build	Run unit tests	2025-12-28T23:12:48.4926744Z > Task :app:preBuild UP-TO-DATE
Development build	Run unit tests	2025-12-28T23:12:48.4927305Z > Task :app:preDebugBuild UP-TO-DATE
Development build	Run unit tests	2025-12-28T23:13:18.4917383Z > Task :app:dataBindingMergeDependencyArtifactsDebug
Development build	Run unit tests	2025-12-28T23:14:15.2916788Z > Task :app:generateDebugResValues
Development build	Run unit tests	2025-12-28T23:14:15.4917135Z > Task :app:generateDebugResources
Development build	Run unit tests	2025-12-28T23:14:15.4921204Z > Task :tcpdump:preBuild UP-TO-DATE
Development build	Run unit tests	2025-12-28T23:14:15.4922508Z > Task :tcpdump:preDebugBuild UP-TO-DATE
Development build	Run unit tests	2025-12-28T23:14:15.4923414Z > Task :tcpdump:generateDebugResValues FROM-CACHE
Development build	Run unit tests	2025-12-28T23:14:15.4924086Z > Task :tcpdump:generateDebugResources
Development build	Run unit tests	2025-12-28T23:14:15.5923009Z > Task :tcpdump:packageDebugResources
Development build	Run unit tests	2025-12-28T23:14:15.5924662Z > Task :webserver:preBuild UP-TO-DATE
Development build	Run unit tests	2025-12-28T23:14:15.5926369Z > Task :webserver:preDebugBuild UP-TO-DATE
Development build	Run unit tests	2025-12-28T23:14:15.5927189Z > Task :webserver:generateDebugResValues FROM-CACHE
Development build	Run unit tests	2025-12-28T23:14:15.5928027Z > Task :webserver:generateDebugResources FROM-CACHE
Development build	Run unit tests	2025-12-28T23:14:15.5928759Z > Task :webserver:packageDebugResources
Development build	Run unit tests	2025-12-28T23:14:20.6917001Z > Task :app:packageDebugResources
Development build	Run unit tests	2025-12-28T23:14:21.0916333Z > Task :app:mergeDebugResources
Development build	Run unit tests	2025-12-28T23:14:21.7928737Z > Task :app:parseDebugLocalResources
Development build	Run unit tests	2025-12-28T23:14:22.1917858Z > Task :tcpdump:parseDebugLocalResources
Development build	Run unit tests	2025-12-28T23:14:22.1919432Z > Task :webserver:parseDebugLocalResources
Development build	Run unit tests	2025-12-28T23:14:32.0918630Z > Task :app:javaPreCompileDebug
Development build	Run unit tests	2025-12-28T23:14:32.0920058Z > Task :tcpdump:writeDebugAarMetadata
Development build	Run unit tests	2025-12-28T23:14:32.0925035Z > Task :webserver:writeDebugAarMetadata
Development build	Run unit tests	2025-12-28T23:14:32.0926513Z > Task :tcpdump:generateDebugRFile
Development build	Run unit tests	2025-12-28T23:14:32.0927858Z > Task :webserver:generateDebugRFile
Development build	Run unit tests	2025-12-28T23:14:32.0928743Z > Task :app:mapDebugSourceSetPaths
Development build	Run unit tests	2025-12-28T23:14:32.5917574Z > Task :app:dataBindingGenBaseClassesDebug
Development build	Run unit tests	2025-12-28T23:14:32.6920126Z > Task :app:checkDebugAarMetadata
Development build	Run unit tests	2025-12-28T23:14:32.6923262Z > Task :app:createDebugCompatibleScreenManifests
Development build	Run unit tests	2025-12-28T23:14:32.6924354Z > Task :app:extractDeepLinksDebug
Development build	Run unit tests	2025-12-28T23:14:32.6934072Z > Task :tcpdump:extractDeepLinksDebug FROM-CACHE
Development build	Run unit tests	2025-12-28T23:14:32.6936750Z > Task :webserver:extractDeepLinksDebug FROM-CACHE
Development build	Run unit tests	2025-12-28T23:14:32.7916555Z > Task :tcpdump:processDebugManifest
Development build	Run unit tests	2025-12-28T23:14:32.7917057Z > Task :webserver:processDebugManifest
Development build	Run unit tests	2025-12-28T23:14:35.2920222Z > Task :tcpdump:compileDebugLibraryResources
Development build	Run unit tests	2025-12-28T23:14:35.4917002Z 
Development build	Run unit tests	2025-12-28T23:14:35.4920057Z > Task :app:processDebugMainManifest
Development build	Run unit tests	2025-12-28T23:14:35.4922229Z /home/runner/work/AdAway/AdAway/app/src/debug/AndroidManifest.xml Warning:
Development build	Run unit tests	2025-12-28T23:14:35.4926758Z 	service#androidx.work.impl.foreground.SystemForegroundService@android:foregroundServiceType was tagged at AndroidManifest.xml:0 to replace other declarations but no other declaration present
Development build	Run unit tests	2025-12-28T23:14:35.7924362Z 
Development build	Run unit tests	2025-12-28T23:14:35.7927868Z > Task :app:processDebugManifest
Development build	Run unit tests	2025-12-28T23:14:35.7928881Z > Task :webserver:compileDebugLibraryResources FROM-CACHE
Development build	Run unit tests	2025-12-28T23:14:35.8938551Z > Task :tcpdump:javaPreCompileDebug
Development build	Run unit tests	2025-12-28T23:14:35.8939207Z > Task :webserver:javaPreCompileDebug
Development build	Run unit tests	2025-12-28T23:14:35.8939832Z > Task :tcpdump:compileDebugJavaWithJavac NO-SOURCE
Development build	Run unit tests	2025-12-28T23:14:35.8940546Z > Task :webserver:compileDebugJavaWithJavac NO-SOURCE
Development build	Run unit tests	2025-12-28T23:14:35.8941213Z > Task :app:processDebugManifestForPackage
Development build	Run unit tests	2025-12-28T23:14:35.8941815Z > Task :tcpdump:bundleLibCompileToJarDebug
Development build	Run unit tests	2025-12-28T23:14:35.8942455Z > Task :webserver:bundleLibCompileToJarDebug
Development build	Run unit tests	2025-12-28T23:14:36.4919637Z > Task :app:preDebugUnitTestBuild UP-TO-DATE
Development build	Run unit tests	2025-12-28T23:14:36.4924402Z > Task :app:javaPreCompileDebugUnitTest FROM-CACHE
Development build	Run unit tests	2025-12-28T23:14:36.4929863Z > Task :app:processDebugUnitTestJavaRes NO-SOURCE
Development build	Run unit tests	2025-12-28T23:14:36.4932077Z > Task :tcpdump:processDebugJavaRes NO-SOURCE
Development build	Run unit tests	2025-12-28T23:14:36.4934176Z > Task :tcpdump:bundleLibRuntimeToJarDebug
Development build	Run unit tests	2025-12-28T23:14:36.4936468Z > Task :webserver:bundleLibRuntimeToJarDebug
Development build	Run unit tests	2025-12-28T23:14:36.4956022Z > Task :webserver:processDebugJavaRes NO-SOURCE
Development build	Run unit tests	2025-12-28T23:14:36.4956683Z > Task :app:preReleaseBuild UP-TO-DATE
Development build	Run unit tests	2025-12-28T23:14:36.5933034Z > Task :app:dataBindingMergeDependencyArtifactsRelease
Development build	Run unit tests	2025-12-28T23:14:36.5933843Z > Task :app:generateReleaseResValues FROM-CACHE
Development build	Run unit tests	2025-12-28T23:14:36.5934435Z > Task :app:generateReleaseResources
Development build	Run unit tests	2025-12-28T23:14:36.5934999Z > Task :tcpdump:preReleaseBuild UP-TO-DATE
Development build	Run unit tests	2025-12-28T23:14:36.5935835Z > Task :tcpdump:generateReleaseResValues FROM-CACHE
Development build	Run unit tests	2025-12-28T23:14:36.5936499Z > Task :tcpdump:generateReleaseResources
Development build	Run unit tests	2025-12-28T23:14:36.5937063Z > Task :tcpdump:packageReleaseResources
Development build	Run unit tests	2025-12-28T23:14:36.5937639Z > Task :webserver:preReleaseBuild UP-TO-DATE
Development build	Run unit tests	2025-12-28T23:14:36.5938281Z > Task :webserver:generateReleaseResValues FROM-CACHE
Development build	Run unit tests	2025-12-28T23:14:36.5938981Z > Task :webserver:generateReleaseResources FROM-CACHE
Development build	Run unit tests	2025-12-28T23:14:36.6928983Z > Task :webserver:packageReleaseResources
Development build	Run unit tests	2025-12-28T23:14:37.9918756Z > Task :app:processDebugResources
Development build	Run unit tests	2025-12-28T23:14:40.8916269Z > Task :app:mergeReleaseResources
Development build	Run unit tests	2025-12-28T23:14:49.4917176Z 
Development build	Run unit tests	2025-12-28T23:14:49.4924316Z Note: Some input files use or override a deprecated API.
Development build	Run unit tests	2025-12-28T23:14:49.4925062Z > Task :app:compileDebugJavaWithJavac
Development build	Run unit tests	2025-12-28T23:14:49.4931441Z Note: Recompile with -Xlint:deprecation for details.
Development build	Run unit tests	2025-12-28T23:14:52.6915928Z 
Development build	Run unit tests	2025-12-28T23:14:52.6916687Z > Task :app:bundleDebugClassesToRuntimeJar
Development build	Run unit tests	2025-12-28T23:14:52.6917367Z > Task :app:processDebugJavaRes
Development build	Run unit tests	2025-12-28T23:14:52.6918480Z > Task :app:bundleDebugClassesToCompileJar
Development build	Run unit tests	2025-12-28T23:14:55.5928515Z > Task :app:compileDebugUnitTestJavaWithJavac
Development build	Run unit tests	2025-12-28T23:15:00.1915960Z 
Development build	Run unit tests	2025-12-28T23:15:00.1916915Z > Task :app:testDebugUnitTest
Development build	Run unit tests	2025-12-28T23:15:00.1917290Z 
Development build	Run unit tests	2025-12-28T23:15:00.1920836Z SourceLoaderTest > isInvalidHostname FAILED
Development build	Run unit tests	2025-12-28T23:15:00.1921799Z     java.lang.AssertionError at SourceLoaderTest.java:149
Development build	Run unit tests	2025-12-28T23:15:00.1922242Z 
Development build	Run unit tests	2025-12-28T23:15:00.1922593Z SourceLoaderTest > isValidWhitelistHostname FAILED
Development build	Run unit tests	2025-12-28T23:15:00.1923348Z     java.lang.AssertionError at SourceLoaderTest.java:133
Development build	Run unit tests	2025-12-28T23:15:00.1923768Z 
Development build	Run unit tests	2025-12-28T23:15:00.1924135Z SourceLoaderTest > isInvalidWhitelistHostname FAILED
Development build	Run unit tests	2025-12-28T23:15:00.1924909Z     java.lang.AssertionError at SourceLoaderTest.java:159
Development build	Run unit tests	2025-12-28T23:15:00.1925500Z 
Development build	Run unit tests	2025-12-28T23:15:00.1925772Z SourceLoaderTest > isValidHostname FAILED
Development build	Run unit tests	2025-12-28T23:15:00.1926455Z     java.lang.AssertionError at SourceLoaderTest.java:123
Development build	Run unit tests	2025-12-28T23:15:00.6916009Z 
Development build	Run unit tests	2025-12-28T23:15:00.6916890Z 13 tests completed, 4 failed
Development build	Run unit tests	2025-12-28T23:15:00.7917272Z 
Development build	Run unit tests	2025-12-28T23:15:00.7936813Z > Task :app:testDebugUnitTest FAILED
Development build	Run unit tests	2025-12-28T23:15:00.7946731Z 
Development build	Run unit tests	2025-12-28T23:15:00.7976098Z FAILURE: Build failed with an exception.
Development build	Run unit tests	2025-12-28T23:15:00.7989615Z 
Development build	Run unit tests	2025-12-28T23:15:00.8016042Z * What went wrong:
Development build	Run unit tests	2025-12-28T23:15:00.8016737Z Execution failed for task ':app:testDebugUnitTest'.
Development build	Run unit tests	2025-12-28T23:15:00.8018257Z > There were failing tests. See the report at: file:///home/runner/work/AdAway/AdAway/app/build/reports/tests/testDebugUnitTest/index.html
Development build	Run unit tests	2025-12-28T23:15:00.8019233Z 
Development build	Run unit tests	2025-12-28T23:15:00.8019501Z * Try:
Development build	Run unit tests	2025-12-28T23:15:00.8020028Z > Run with --scan to get full insights.
Development build	Run unit tests	2025-12-28T23:15:00.8020351Z 
Development build	Run unit tests	2025-12-28T23:15:00.8020603Z * Exception is:
Development build	Run unit tests	2025-12-28T23:15:00.8021605Z org.gradle.api.tasks.TaskExecutionException: Execution failed for task ':app:testDebugUnitTest'.
Development build	Run unit tests	2025-12-28T23:15:00.8023481Z 	at org.gradle.api.internal.tasks.execution.ExecuteActionsTaskExecuter.lambda$executeIfValid$1(ExecuteActionsTaskExecuter.java:130)
Development build	Run unit tests	2025-12-28T23:15:00.8025047Z 	at org.gradle.internal.Try$Failure.ifSuccessfulOrElse(Try.java:293)
Development build	Run unit tests	2025-12-28T23:15:00.8026886Z 	at org.gradle.api.internal.tasks.execution.ExecuteActionsTaskExecuter.executeIfValid(ExecuteActionsTaskExecuter.java:128)
Development build	Run unit tests	2025-12-28T23:15:00.8028932Z 	at org.gradle.api.internal.tasks.execution.ExecuteActionsTaskExecuter.execute(ExecuteActionsTaskExecuter.java:116)
Development build	Run unit tests	2025-12-28T23:15:00.8030958Z 	at org.gradle.api.internal.tasks.execution.FinalizePropertiesTaskExecuter.execute(FinalizePropertiesTaskExecuter.java:46)
Development build	Run unit tests	2025-12-28T23:15:00.8033082Z 	at org.gradle.api.internal.tasks.execution.ResolveTaskExecutionModeExecuter.execute(ResolveTaskExecutionModeExecuter.java:51)
Development build	Run unit tests	2025-12-28T23:15:00.8035146Z 	at org.gradle.api.internal.tasks.execution.SkipTaskWithNoActionsExecuter.execute(SkipTaskWithNoActionsExecuter.java:57)
Development build	Run unit tests	2025-12-28T23:15:00.8037206Z 	at org.gradle.api.internal.tasks.execution.SkipOnlyIfTaskExecuter.execute(SkipOnlyIfTaskExecuter.java:74)
Development build	Run unit tests	2025-12-28T23:15:00.8039067Z 	at org.gradle.api.internal.tasks.execution.CatchExceptionTaskExecuter.execute(CatchExceptionTaskExecuter.java:36)
Development build	Run unit tests	2025-12-28T23:15:00.8040892Z 	at org.gradle.api.internal.tasks.execution.EventFiringTaskExecuter$1.executeTask(EventFiringTaskExecuter.java:77)
Development build	Run unit tests	2025-12-28T23:15:00.8042634Z 	at org.gradle.api.internal.tasks.execution.EventFiringTaskExecuter$1.call(EventFiringTaskExecuter.java:55)
Development build	Run unit tests	2025-12-28T23:15:00.8044343Z 	at org.gradle.api.internal.tasks.execution.EventFiringTaskExecuter$1.call(EventFiringTaskExecuter.java:52)
Development build	Run unit tests	2025-12-28T23:15:00.8101341Z 	at org.gradle.internal.operations.DefaultBuildOperationRunner$CallableBuildOperationWorker.execute(DefaultBuildOperationRunner.java:209)
Development build	Run unit tests	2025-12-28T23:15:00.8103614Z 	at org.gradle.internal.operations.DefaultBuildOperationRunner$CallableBuildOperationWorker.execute(DefaultBuildOperationRunner.java:204)
Development build	Run unit tests	2025-12-28T23:15:00.8105855Z 	at org.gradle.internal.operations.DefaultBuildOperationRunner$2.execute(DefaultBuildOperationRunner.java:66)
Development build	Run unit tests	2025-12-28T23:15:00.8107802Z 	at org.gradle.internal.operations.DefaultBuildOperationRunner$2.execute(DefaultBuildOperationRunner.java:59)
Development build	Run unit tests	2025-12-28T23:15:00.8109475Z 	at org.gradle.internal.operations.DefaultBuildOperationRunner.execute(DefaultBuildOperationRunner.java:166)
Development build	Run unit tests	2025-12-28T23:15:00.8111326Z 	at org.gradle.internal.operations.DefaultBuildOperationRunner.execute(DefaultBuildOperationRunner.java:59)
Development build	Run unit tests	2025-12-28T23:15:00.8112945Z 	at org.gradle.internal.operations.DefaultBuildOperationRunner.call(DefaultBuildOperationRunner.java:53)
Development build	Run unit tests	2025-12-28T23:15:00.8114548Z 	at org.gradle.api.internal.tasks.execution.EventFiringTaskExecuter.execute(EventFiringTaskExecuter.java:52)
Development build	Run unit tests	2025-12-28T23:15:00.8116205Z 	at org.gradle.execution.plan.LocalTaskNodeExecutor.execute(LocalTaskNodeExecutor.java:42)
Development build	Run unit tests	2025-12-28T23:15:00.8117830Z 	at org.gradle.execution.taskgraph.DefaultTaskExecutionGraph$InvokeNodeExecutorsAction.execute(DefaultTaskExecutionGraph.java:331)
Development build	Run unit tests	2025-12-28T23:15:00.8119792Z 	at org.gradle.execution.taskgraph.DefaultTaskExecutionGraph$InvokeNodeExecutorsAction.execute(DefaultTaskExecutionGraph.java:318)
Development build	Run unit tests	2025-12-28T23:15:00.8121932Z 	at org.gradle.execution.taskgraph.DefaultTaskExecutionGraph$BuildOperationAwareExecutionAction.lambda$execute$0(DefaultTaskExecutionGraph.java:314)
Development build	Run unit tests	2025-12-28T23:15:00.8123808Z 	at org.gradle.internal.operations.CurrentBuildOperationRef.with(CurrentBuildOperationRef.java:85)
Development build	Run unit tests	2025-12-28T23:15:00.8156862Z 	at org.gradle.execution.taskgraph.DefaultTaskExecutionGraph$BuildOperationAwareExecutionAction.execute(DefaultTaskExecutionGraph.java:314)
Development build	Run unit tests	2025-12-28T23:15:00.8159156Z 	at org.gradle.execution.taskgraph.DefaultTaskExecutionGraph$BuildOperationAwareExecutionAction.execute(DefaultTaskExecutionGraph.java:303)
Development build	Run unit tests	2025-12-28T23:15:00.8160996Z 	at org.gradle.execution.plan.DefaultPlanExecutor$ExecutorWorker.execute(DefaultPlanExecutor.java:459)
Development build	Run unit tests	2025-12-28T23:15:00.8162463Z 	at org.gradle.execution.plan.DefaultPlanExecutor$ExecutorWorker.run(DefaultPlanExecutor.java:376)
Development build	Run unit tests	2025-12-28T23:15:00.8163978Z 	at org.gradle.internal.concurrent.ExecutorPolicy$CatchAndRecordFailures.onExecute(ExecutorPolicy.java:64)
Development build	Run unit tests	2025-12-28T23:15:00.8165702Z 	at org.gradle.internal.concurrent.AbstractManagedExecutor$1.run(AbstractManagedExecutor.java:48)
Development build	Run unit tests	2025-12-28T23:15:00.8168090Z Caused by: org.gradle.api.internal.exceptions.MarkedVerificationException: There were failing tests. See the report at: file:///home/runner/work/AdAway/AdAway/app/build/reports/tests/testDebugUnitTest/index.html
Development build	Run unit tests	2025-12-28T23:15:00.8170301Z 	at org.gradle.api.tasks.testing.AbstractTestTask.handleTestFailures(AbstractTestTask.java:705)
Development build	Run unit tests	2025-12-28T23:15:00.8171796Z 	at org.gradle.api.tasks.testing.AbstractTestTask.handleCollectedResults(AbstractTestTask.java:539)
Development build	Run unit tests	2025-12-28T23:15:00.8173187Z 	at org.gradle.api.tasks.testing.AbstractTestTask.executeTests(AbstractTestTask.java:534)
Development build	Run unit tests	2025-12-28T23:15:00.8174247Z 	at org.gradle.api.tasks.testing.Test.executeTests(Test.java:715)
Development build	Run unit tests	2025-12-28T23:15:00.8175648Z 	at com.android.build.gradle.tasks.factory.AndroidUnitTest.executeTests(AndroidUnitTest.java:171)
Development build	Run unit tests	2025-12-28T23:15:00.8177210Z 	at java.base/jdk.internal.reflect.DirectMethodHandleAccessor.invoke(DirectMethodHandleAccessor.java:103)
Development build	Run unit tests	2025-12-28T23:15:00.8178488Z 	at org.gradle.internal.reflect.JavaMethod.invoke(JavaMethod.java:125)
Development build	Run unit tests	2025-12-28T23:15:00.8179855Z 	at org.gradle.api.internal.project.taskfactory.StandardTaskAction.doExecute(StandardTaskAction.java:58)
Development build	Run unit tests	2025-12-28T23:15:00.8182317Z 	at org.gradle.api.internal.project.taskfactory.StandardTaskAction.execute(StandardTaskAction.java:51)
Development build	Run unit tests	2025-12-28T23:15:00.8183929Z 	at org.gradle.api.internal.project.taskfactory.StandardTaskAction.execute(StandardTaskAction.java:29)
Development build	Run unit tests	2025-12-28T23:15:00.8185494Z 	at org.gradle.api.internal.tasks.execution.TaskExecution$3.run(TaskExecution.java:244)
Development build	Run unit tests	2025-12-28T23:15:00.8197643Z 	at org.gradle.internal.operations.DefaultBuildOperationRunner$1.execute(DefaultBuildOperationRunner.java:29)
Development build	Run unit tests	2025-12-28T23:15:00.8199384Z 	at org.gradle.internal.operations.DefaultBuildOperationRunner$1.execute(DefaultBuildOperationRunner.java:26)
Development build	Run unit tests	2025-12-28T23:15:00.8201336Z 	at org.gradle.internal.operations.DefaultBuildOperationRunner$2.execute(DefaultBuildOperationRunner.java:66)
Development build	Run unit tests	2025-12-28T23:15:00.8203365Z 	at org.gradle.internal.operations.DefaultBuildOperationRunner$2.execute(DefaultBuildOperationRunner.java:59)
Development build	Run unit tests	2025-12-28T23:15:00.8205036Z 	at org.gradle.internal.operations.DefaultBuildOperationRunner.execute(DefaultBuildOperationRunner.java:166)
Development build	Run unit tests	2025-12-28T23:15:00.8206971Z 	at org.gradle.internal.operations.DefaultBuildOperationRunner.execute(DefaultBuildOperationRunner.java:59)
Development build	Run unit tests	2025-12-28T23:15:00.8208596Z 	at org.gradle.internal.operations.DefaultBuildOperationRunner.run(DefaultBuildOperationRunner.java:47)
Development build	Run unit tests	2025-12-28T23:15:00.8212114Z 	at org.gradle.api.internal.tasks.execution.TaskExecution.executeAction(TaskExecution.java:229)
Development build	Run unit tests	2025-12-28T23:15:00.8213657Z 	at org.gradle.api.internal.tasks.execution.TaskExecution.executeActions(TaskExecution.java:212)
Development build	Run unit tests	2025-12-28T23:15:00.8215519Z 	at org.gradle.api.internal.tasks.execution.TaskExecution.executeWithPreviousOutputFiles(TaskExecution.java:195)
Development build	Run unit tests	2025-12-28T23:15:00.8217426Z 	at org.gradle.api.internal.tasks.execution.TaskExecution.execute(TaskExecution.java:162)
Development build	Run unit tests	2025-12-28T23:15:00.8218786Z 	at org.gradle.internal.execution.steps.ExecuteStep.executeInternal(ExecuteStep.java:105)
Development build	Run unit tests	2025-12-28T23:15:00.8220042Z 	at org.gradle.internal.execution.steps.ExecuteStep.access$000(ExecuteStep.java:44)
Development build	Run unit tests	2025-12-28T23:15:00.8221200Z 	at org.gradle.internal.execution.steps.ExecuteStep$1.call(ExecuteStep.java:59)
Development build	Run unit tests	2025-12-28T23:15:00.8222312Z 	at org.gradle.internal.execution.steps.ExecuteStep$1.call(ExecuteStep.java:56)
Development build	Run unit tests	2025-12-28T23:15:00.8224009Z 	at org.gradle.internal.operations.DefaultBuildOperationRunner$CallableBuildOperationWorker.execute(DefaultBuildOperationRunner.java:209)
Development build	Run unit tests	2025-12-28T23:15:00.8226347Z 	at org.gradle.internal.operations.DefaultBuildOperationRunner$CallableBuildOperationWorker.execute(DefaultBuildOperationRunner.java:204)
Development build	Run unit tests	2025-12-28T23:15:00.8228236Z 	at org.gradle.internal.operations.DefaultBuildOperationRunner$2.execute(DefaultBuildOperationRunner.java:66)
Development build	Run unit tests	2025-12-28T23:15:00.8229903Z 	at org.gradle.internal.operations.DefaultBuildOperationRunner$2.execute(DefaultBuildOperationRunner.java:59)
Development build	Run unit tests	2025-12-28T23:15:00.8231580Z 	at org.gradle.internal.operations.DefaultBuildOperationRunner.execute(DefaultBuildOperationRunner.java:166)
Development build	Run unit tests	2025-12-28T23:15:00.8233287Z 	at org.gradle.internal.operations.DefaultBuildOperationRunner.execute(DefaultBuildOperationRunner.java:59)
Development build	Run unit tests	2025-12-28T23:15:00.8234945Z 	at org.gradle.internal.operations.DefaultBuildOperationRunner.call(DefaultBuildOperationRunner.java:53)
Development build	Run unit tests	2025-12-28T23:15:00.8236469Z 	at org.gradle.internal.execution.steps.ExecuteStep.execute(ExecuteStep.java:56)
Development build	Run unit tests	2025-12-28T23:15:00.8237639Z 	at org.gradle.internal.execution.steps.ExecuteStep.execute(ExecuteStep.java:44)
Development build	Run unit tests	2025-12-28T23:15:00.8238942Z 	at org.gradle.internal.execution.steps.CancelExecutionStep.execute(CancelExecutionStep.java:42)
Development build	Run unit tests	2025-12-28T23:15:00.8240387Z 	at org.gradle.internal.execution.steps.TimeoutStep.executeWithoutTimeout(TimeoutStep.java:75)
Development build	Run unit tests	2025-12-28T23:15:00.8241716Z 	at org.gradle.internal.execution.steps.TimeoutStep.execute(TimeoutStep.java:55)
Development build	Run unit tests	2025-12-28T23:15:00.8243220Z 	at org.gradle.internal.execution.steps.PreCreateOutputParentsStep.execute(PreCreateOutputParentsStep.java:50)
Development build	Run unit tests	2025-12-28T23:15:00.8244966Z 	at org.gradle.internal.execution.steps.PreCreateOutputParentsStep.execute(PreCreateOutputParentsStep.java:28)
Development build	Run unit tests	2025-12-28T23:15:00.8246818Z 	at org.gradle.internal.execution.steps.RemovePreviousOutputsStep.execute(RemovePreviousOutputsStep.java:67)
Development build	Run unit tests	2025-12-28T23:15:00.8248519Z 	at org.gradle.internal.execution.steps.RemovePreviousOutputsStep.execute(RemovePreviousOutputsStep.java:37)
Development build	Run unit tests	2025-12-28T23:15:00.8250292Z 	at org.gradle.internal.execution.steps.BroadcastChangingOutputsStep.execute(BroadcastChangingOutputsStep.java:61)
Development build	Run unit tests	2025-12-28T23:15:00.8252109Z 	at org.gradle.internal.execution.steps.BroadcastChangingOutputsStep.execute(BroadcastChangingOutputsStep.java:26)
Development build	Run unit tests	2025-12-28T23:15:00.8254249Z 	at org.gradle.internal.execution.steps.CaptureOutputsAfterExecutionStep.execute(CaptureOutputsAfterExecutionStep.java:69)
Development build	Run unit tests	2025-12-28T23:15:00.8256598Z 	at org.gradle.internal.execution.steps.CaptureOutputsAfterExecutionStep.execute(CaptureOutputsAfterExecutionStep.java:46)
Development build	Run unit tests	2025-12-28T23:15:00.8258393Z 	at org.gradle.internal.execution.steps.ResolveInputChangesStep.execute(ResolveInputChangesStep.java:40)
Development build	Run unit tests	2025-12-28T23:15:00.8260024Z 	at org.gradle.internal.execution.steps.ResolveInputChangesStep.execute(ResolveInputChangesStep.java:29)
Development build	Run unit tests	2025-12-28T23:15:00.8261583Z 	at org.gradle.internal.execution.steps.BuildCacheStep.executeWithoutCache(BuildCacheStep.java:189)
Development build	Run unit tests	2025-12-28T23:15:00.8263121Z 	at org.gradle.internal.execution.steps.BuildCacheStep.executeAndStoreInCache(BuildCacheStep.java:145)
Development build	Run unit tests	2025-12-28T23:15:00.8264690Z 	at org.gradle.internal.execution.steps.BuildCacheStep.lambda$executeWithCache$4(BuildCacheStep.java:101)
Development build	Run unit tests	2025-12-28T23:15:00.8266436Z 	at org.gradle.internal.execution.steps.BuildCacheStep.lambda$executeWithCache$5(BuildCacheStep.java:101)
Development build	Run unit tests	2025-12-28T23:15:00.8267522Z 	at org.gradle.internal.Try$Success.map(Try.java:175)
Development build	Run unit tests	2025-12-28T23:15:00.8268651Z 	at org.gradle.internal.execution.steps.BuildCacheStep.executeWithCache(BuildCacheStep.java:85)
Development build	Run unit tests	2025-12-28T23:15:00.8270048Z 	at org.gradle.internal.execution.steps.BuildCacheStep.lambda$execute$0(BuildCacheStep.java:74)
Development build	Run unit tests	2025-12-28T23:15:00.8271087Z 	at org.gradle.internal.Either$Left.fold(Either.java:115)
Development build	Run unit tests	2025-12-28T23:15:00.8272053Z 	at org.gradle.internal.execution.caching.CachingState.fold(CachingState.java:62)
Development build	Run unit tests	2025-12-28T23:15:00.8273258Z 	at org.gradle.internal.execution.steps.BuildCacheStep.execute(BuildCacheStep.java:73)
Development build	Run unit tests	2025-12-28T23:15:00.8274487Z 	at org.gradle.internal.execution.steps.BuildCacheStep.execute(BuildCacheStep.java:48)
Development build	Run unit tests	2025-12-28T23:15:00.8311594Z 	at org.gradle.internal.execution.steps.StoreExecutionStateStep.execute(StoreExecutionStateStep.java:46)
Development build	Run unit tests	2025-12-28T23:15:00.8313402Z 	at org.gradle.internal.execution.steps.StoreExecutionStateStep.execute(StoreExecutionStateStep.java:35)
Development build	Run unit tests	2025-12-28T23:15:00.8315054Z 	at org.gradle.internal.execution.steps.SkipUpToDateStep.executeBecause(SkipUpToDateStep.java:75)
Development build	Run unit tests	2025-12-28T23:15:00.8316857Z 	at org.gradle.internal.execution.steps.SkipUpToDateStep.lambda$execute$2(SkipUpToDateStep.java:53)
Development build	Run unit tests	2025-12-28T23:15:00.8318356Z 	at org.gradle.internal.execution.steps.SkipUpToDateStep.execute(SkipUpToDateStep.java:53)
Development build	Run unit tests	2025-12-28T23:15:00.8319795Z 	at org.gradle.internal.execution.steps.SkipUpToDateStep.execute(SkipUpToDateStep.java:35)
Development build	Run unit tests	2025-12-28T23:15:00.8321743Z 	at org.gradle.internal.execution.steps.legacy.MarkSnapshottingInputsFinishedStep.execute(MarkSnapshottingInputsFinishedStep.java:37)
Development build	Run unit tests	2025-12-28T23:15:00.8324081Z 	at org.gradle.internal.execution.steps.legacy.MarkSnapshottingInputsFinishedStep.execute(MarkSnapshottingInputsFinishedStep.java:27)
Development build	Run unit tests	2025-12-28T23:15:00.8326715Z 	at org.gradle.internal.execution.steps.ResolveIncrementalCachingStateStep.executeDelegate(ResolveIncrementalCachingStateStep.java:49)
Development build	Run unit tests	2025-12-28T23:15:00.8329155Z 	at org.gradle.internal.execution.steps.ResolveIncrementalCachingStateStep.executeDelegate(ResolveIncrementalCachingStateStep.java:27)
Development build	Run unit tests	2025-12-28T23:15:00.8331292Z 	at org.gradle.internal.execution.steps.AbstractResolveCachingStateStep.execute(AbstractResolveCachingStateStep.java:71)
Development build	Run unit tests	2025-12-28T23:15:00.8333286Z 	at org.gradle.internal.execution.steps.AbstractResolveCachingStateStep.execute(AbstractResolveCachingStateStep.java:39)
Development build	Run unit tests	2025-12-28T23:15:00.8335003Z 	at org.gradle.internal.execution.steps.ResolveChangesStep.execute(ResolveChangesStep.java:65)
Development build	Run unit tests	2025-12-28T23:15:00.8372871Z 	at org.gradle.internal.execution.steps.ResolveChangesStep.execute(ResolveChangesStep.java:36)
Development build	Run unit tests	2025-12-28T23:15:00.8374232Z 	at org.gradle.internal.execution.steps.ValidateStep.execute(ValidateStep.java:105)
Development build	Run unit tests	2025-12-28T23:15:00.8375741Z 	at org.gradle.internal.execution.steps.ValidateStep.execute(ValidateStep.java:54)
Development build	Run unit tests	2025-12-28T23:15:00.8377949Z 	at org.gradle.internal.execution.steps.AbstractCaptureStateBeforeExecutionStep.execute(AbstractCaptureStateBeforeExecutionStep.java:64)
Development build	Run unit tests	2025-12-28T23:15:00.8380279Z 	at org.gradle.internal.execution.steps.AbstractCaptureStateBeforeExecutionStep.execute(AbstractCaptureStateBeforeExecutionStep.java:43)
Development build	Run unit tests	2025-12-28T23:15:00.8382567Z 	at org.gradle.internal.execution.steps.AbstractSkipEmptyWorkStep.executeWithNonEmptySources(AbstractSkipEmptyWorkStep.java:125)
Development build	Run unit tests	2025-12-28T23:15:00.8384498Z 	at org.gradle.internal.execution.steps.AbstractSkipEmptyWorkStep.execute(AbstractSkipEmptyWorkStep.java:61)
Development build	Run unit tests	2025-12-28T23:15:00.8386439Z 	at org.gradle.internal.execution.steps.AbstractSkipEmptyWorkStep.execute(AbstractSkipEmptyWorkStep.java:36)
Development build	Run unit tests	2025-12-28T23:15:00.8388410Z 	at org.gradle.internal.execution.steps.legacy.MarkSnapshottingInputsStartedStep.execute(MarkSnapshottingInputsStartedStep.java:38)
Development build	Run unit tests	2025-12-28T23:15:00.8390441Z 	at org.gradle.internal.execution.steps.LoadPreviousExecutionStateStep.execute(LoadPreviousExecutionStateStep.java:36)
Development build	Run unit tests	2025-12-28T23:15:00.8392394Z 	at org.gradle.internal.execution.steps.LoadPreviousExecutionStateStep.execute(LoadPreviousExecutionStateStep.java:23)
Development build	Run unit tests	2025-12-28T23:15:00.8394174Z 	at org.gradle.internal.execution.steps.HandleStaleOutputsStep.execute(HandleStaleOutputsStep.java:75)
Development build	Run unit tests	2025-12-28T23:15:00.8410191Z 	at org.gradle.internal.execution.steps.HandleStaleOutputsStep.execute(HandleStaleOutputsStep.java:41)
Development build	Run unit tests	2025-12-28T23:15:00.8412004Z 	at org.gradle.internal.execution.steps.AssignMutableWorkspaceStep.lambda$execute$0(AssignMutableWorkspaceStep.java:35)
Development build	Run unit tests	2025-12-28T23:15:00.8413593Z 	at org.gradle.api.internal.tasks.execution.TaskExecution$4.withWorkspace(TaskExecution.java:289)
Development build	Run unit tests	2025-12-28T23:15:00.8415143Z 	at org.gradle.internal.execution.steps.AssignMutableWorkspaceStep.execute(AssignMutableWorkspaceStep.java:31)
Development build	Run unit tests	2025-12-28T23:15:00.8417123Z 	at org.gradle.internal.execution.steps.AssignMutableWorkspaceStep.execute(AssignMutableWorkspaceStep.java:22)
Development build	Run unit tests	2025-12-28T23:15:00.8418749Z 	at org.gradle.internal.execution.steps.ChoosePipelineStep.execute(ChoosePipelineStep.java:40)
Development build	Run unit tests	2025-12-28T23:15:00.8420153Z 	at org.gradle.internal.execution.steps.ChoosePipelineStep.execute(ChoosePipelineStep.java:23)
Development build	Run unit tests	2025-12-28T23:15:00.8422008Z 	at org.gradle.internal.execution.steps.ExecuteWorkBuildOperationFiringStep.lambda$execute$2(ExecuteWorkBuildOperationFiringStep.java:67)
Development build	Run unit tests	2025-12-28T23:15:00.8424159Z 	at org.gradle.internal.execution.steps.ExecuteWorkBuildOperationFiringStep.execute(ExecuteWorkBuildOperationFiringStep.java:67)
Development build	Run unit tests	2025-12-28T23:15:00.8426379Z 	at org.gradle.internal.execution.steps.ExecuteWorkBuildOperationFiringStep.execute(ExecuteWorkBuildOperationFiringStep.java:39)
Development build	Run unit tests	2025-12-28T23:15:00.8428006Z 	at org.gradle.internal.execution.steps.IdentityCacheStep.execute(IdentityCacheStep.java:46)
Development build	Run unit tests	2025-12-28T23:15:00.8429275Z 	at org.gradle.internal.execution.steps.IdentityCacheStep.execute(IdentityCacheStep.java:34)
Development build	Run unit tests	2025-12-28T23:15:00.8430487Z 	at org.gradle.internal.execution.steps.IdentifyStep.execute(IdentifyStep.java:48)
Development build	Run unit tests	2025-12-28T23:15:00.8431639Z 	at org.gradle.internal.execution.steps.IdentifyStep.execute(IdentifyStep.java:35)
Development build	Run unit tests	2025-12-28T23:15:00.8432988Z 	at org.gradle.internal.execution.impl.DefaultExecutionEngine$1.execute(DefaultExecutionEngine.java:61)
Development build	Run unit tests	2025-12-28T23:15:00.8434677Z 	at org.gradle.api.internal.tasks.execution.ExecuteActionsTaskExecuter.executeIfValid(ExecuteActionsTaskExecuter.java:127)
Development build	Run unit tests	2025-12-28T23:15:00.8436623Z 	at org.gradle.api.internal.tasks.execution.ExecuteActionsTaskExecuter.execute(ExecuteActionsTaskExecuter.java:116)
Development build	Run unit tests	2025-12-28T23:15:00.8438469Z 	at org.gradle.api.internal.tasks.execution.FinalizePropertiesTaskExecuter.execute(FinalizePropertiesTaskExecuter.java:46)
Development build	Run unit tests	2025-12-28T23:15:00.8440400Z 	at org.gradle.api.internal.tasks.execution.ResolveTaskExecutionModeExecuter.execute(ResolveTaskExecutionModeExecuter.java:51)
Development build	Run unit tests	2025-12-28T23:15:00.8442328Z 	at org.gradle.api.internal.tasks.execution.SkipTaskWithNoActionsExecuter.execute(SkipTaskWithNoActionsExecuter.java:57)
Development build	Run unit tests	2025-12-28T23:15:00.8444385Z 	at org.gradle.api.internal.tasks.execution.SkipOnlyIfTaskExecuter.execute(SkipOnlyIfTaskExecuter.java:74)
Development build	Run unit tests	2025-12-28T23:15:00.8446229Z 	at org.gradle.api.internal.tasks.execution.CatchExceptionTaskExecuter.execute(CatchExceptionTaskExecuter.java:36)
Development build	Run unit tests	2025-12-28T23:15:00.8448170Z 	at org.gradle.api.internal.tasks.execution.EventFiringTaskExecuter$1.executeTask(EventFiringTaskExecuter.java:77)
Development build	Run unit tests	2025-12-28T23:15:00.8449891Z 	at org.gradle.api.internal.tasks.execution.EventFiringTaskExecuter$1.call(EventFiringTaskExecuter.java:55)
Development build	Run unit tests	2025-12-28T23:15:00.8451469Z 	at org.gradle.api.internal.tasks.execution.EventFiringTaskExecuter$1.call(EventFiringTaskExecuter.java:52)
Development build	Run unit tests	2025-12-28T23:15:00.8453337Z 	at org.gradle.internal.operations.DefaultBuildOperationRunner$CallableBuildOperationWorker.execute(DefaultBuildOperationRunner.java:209)
Development build	Run unit tests	2025-12-28T23:15:00.8455617Z 	at org.gradle.internal.operations.DefaultBuildOperationRunner$CallableBuildOperationWorker.execute(DefaultBuildOperationRunner.java:204)
Development build	Run unit tests	2025-12-28T23:15:00.8457521Z 	at org.gradle.internal.operations.DefaultBuildOperationRunner$2.execute(DefaultBuildOperationRunner.java:66)
Development build	Run unit tests	2025-12-28T23:15:00.8459185Z 	at org.gradle.internal.operations.DefaultBuildOperationRunner$2.execute(DefaultBuildOperationRunner.java:59)
Development build	Run unit tests	2025-12-28T23:15:00.8460838Z 	at org.gradle.internal.operations.DefaultBuildOperationRunner.execute(DefaultBuildOperationRunner.java:166)
Development build	Run unit tests	2025-12-28T23:15:00.8462556Z 	at org.gradle.internal.operations.DefaultBuildOperationRunner.execute(DefaultBuildOperationRunner.java:59)
Development build	Run unit tests	2025-12-28T23:15:00.8464178Z 	at org.gradle.internal.operations.DefaultBuildOperationRunner.call(DefaultBuildOperationRunner.java:53)
Development build	Run unit tests	2025-12-28T23:15:00.8466050Z 	at org.gradle.api.internal.tasks.execution.EventFiringTaskExecuter.execute(EventFiringTaskExecuter.java:52)
Development build	Run unit tests	2025-12-28T23:15:00.8467608Z 	at org.gradle.execution.plan.LocalTaskNodeExecutor.execute(LocalTaskNodeExecutor.java:42)
Development build	Run unit tests	2025-12-28T23:15:00.8469342Z 	at org.gradle.execution.taskgraph.DefaultTaskExecutionGraph$InvokeNodeExecutorsAction.execute(DefaultTaskExecutionGraph.java:331)
Development build	Run unit tests	2025-12-28T23:15:00.8471372Z 	at org.gradle.execution.taskgraph.DefaultTaskExecutionGraph$InvokeNodeExecutorsAction.execute(DefaultTaskExecutionGraph.java:318)
Development build	Run unit tests	2025-12-28T23:15:00.8473557Z 	at org.gradle.execution.taskgraph.DefaultTaskExecutionGraph$BuildOperationAwareExecutionAction.lambda$execute$0(DefaultTaskExecutionGraph.java:314)
Development build	Run unit tests	2025-12-28T23:15:00.8475560Z 	at org.gradle.internal.operations.CurrentBuildOperationRef.with(CurrentBuildOperationRef.java:85)
Development build	Run unit tests	2025-12-28T23:15:00.8477442Z 	at org.gradle.execution.taskgraph.DefaultTaskExecutionGraph$BuildOperationAwareExecutionAction.execute(DefaultTaskExecutionGraph.java:314)
Development build	Run unit tests	2025-12-28T23:15:00.8479886Z 	at org.gradle.execution.taskgraph.DefaultTaskExecutionGraph$BuildOperationAwareExecutionAction.execute(DefaultTaskExecutionGraph.java:303)
Development build	Run unit tests	2025-12-28T23:15:00.8481690Z 	at org.gradle.execution.plan.DefaultPlanExecutor$ExecutorWorker.execute(DefaultPlanExecutor.java:459)
Development build	Run unit tests	2025-12-28T23:15:00.8483133Z 	at org.gradle.execution.plan.DefaultPlanExecutor$ExecutorWorker.run(DefaultPlanExecutor.java:376)
Development build	Run unit tests	2025-12-28T23:15:00.8484611Z 	at org.gradle.internal.concurrent.ExecutorPolicy$CatchAndRecordFailures.onExecute(ExecutorPolicy.java:64)
Development build	Run unit tests	2025-12-28T23:15:00.8486249Z 	at org.gradle.internal.concurrent.AbstractManagedExecutor$1.run(AbstractManagedExecutor.java:48)
Development build	Run unit tests	2025-12-28T23:15:00.8486951Z 
Development build	Run unit tests	2025-12-28T23:15:00.8486964Z 
Development build	Run unit tests	2025-12-28T23:15:00.8487159Z BUILD FAILED in 3m 40s
Development build	Run unit tests	2025-12-28T23:15:00.8487704Z 57 actionable tasks: 46 executed, 11 from cache
Development build	Run unit tests	2025-12-28T23:15:01.2744912Z ##[error]Process completed with exit code 1.
Development build	Post set up JDK 21	´╗┐2025-12-28T23:15:01.2817165Z Post job cleanup.
Development build	Post Run actions/checkout@v4	´╗┐2025-12-28T23:15:01.4560297Z Post job cleanup.
Development build	Post Run actions/checkout@v4	2025-12-28T23:15:01.5529642Z [command]/usr/bin/git version
Development build	Post Run actions/checkout@v4	2025-12-28T23:15:01.5565779Z git version 2.52.0
Development build	Post Run actions/checkout@v4	2025-12-28T23:15:01.5613422Z Temporarily overriding HOME='/home/runner/work/_temp/26700a93-d7b2-48c3-a2fa-1780c77f2f93' before making global git config changes
Development build	Post Run actions/checkout@v4	2025-12-28T23:15:01.5615520Z Adding repository directory to the temporary git global config as a safe directory
Development build	Post Run actions/checkout@v4	2025-12-28T23:15:01.5620353Z [command]/usr/bin/git config --global --add safe.directory /home/runner/work/AdAway/AdAway
Development build	Post Run actions/checkout@v4	2025-12-28T23:15:01.5664256Z [command]/usr/bin/git config --local --name-only --get-regexp core\.sshCommand
Development build	Post Run actions/checkout@v4	2025-12-28T23:15:01.5700395Z [command]/usr/bin/git submodule foreach --recursive sh -c "git config --local --name-only --get-regexp 'core\.sshCommand' && git config --local --unset-all 'core.sshCommand' || :"
Development build	Post Run actions/checkout@v4	2025-12-28T23:15:01.5956537Z [command]/usr/bin/git config --local --name-only --get-regexp http\.https\:\/\/github\.com\/\.extraheader
Development build	Post Run actions/checkout@v4	2025-12-28T23:15:01.5981042Z http.https://github.com/.extraheader
Development build	Post Run actions/checkout@v4	2025-12-28T23:15:01.5994295Z [command]/usr/bin/git config --local --unset-all http.https://github.com/.extraheader
Development build	Post Run actions/checkout@v4	2025-12-28T23:15:01.6027579Z [command]/usr/bin/git submodule foreach --recursive sh -c "git config --local --name-only --get-regexp 'http\.https\:\/\/github\.com\/\.extraheader' && git config --local --unset-all 'http.https://github.com/.extraheader' || :"
Development build	Post Run actions/checkout@v4	2025-12-28T23:15:01.6273906Z [command]/usr/bin/git config --local --name-only --get-regexp ^includeIf\.gitdir:
Development build	Post Run actions/checkout@v4	2025-12-28T23:15:01.6308036Z [command]/usr/bin/git submodule foreach --recursive git config --local --show-origin --name-only --get-regexp remote.origin.url
Development build	Complete job	´╗┐2025-12-28T23:15:01.6683393Z Cleaning up orphan processes
Development build	Complete job	2025-12-28T23:15:01.6977398Z Terminate orphan process: pid (2604) (java)
